Component: ARM Compiler 5.05 update 1 (build 106) Tool: armlink [4d0efa]

==============================================================================

Section Cross References

    startup_stm32f407xx.o(STACK) refers (Special) to heapauxi.o(.text) for __use_two_region_memory
    startup_stm32f407xx.o(HEAP) refers (Special) to heapauxi.o(.text) for __use_two_region_memory
    startup_stm32f407xx.o(RESET) refers (Special) to heapauxi.o(.text) for __use_two_region_memory
    startup_stm32f407xx.o(RESET) refers to startup_stm32f407xx.o(STACK) for __initial_sp
    startup_stm32f407xx.o(RESET) refers to startup_stm32f407xx.o(.text) for Reset_Handler
    startup_stm32f407xx.o(RESET) refers to stm32f4xx_it.o(i.NMI_Handler) for NMI_Handler
    startup_stm32f407xx.o(RESET) refers to stm32f4xx_it.o(i.HardFault_Handler) for HardFault_Handler
    startup_stm32f407xx.o(RESET) refers to stm32f4xx_it.o(i.MemManage_Handler) for MemManage_Handler
    startup_stm32f407xx.o(RESET) refers to stm32f4xx_it.o(i.BusFault_Handler) for BusFault_Handler
    startup_stm32f407xx.o(RESET) refers to stm32f4xx_it.o(i.UsageFault_Handler) for UsageFault_Handler
    startup_stm32f407xx.o(RESET) refers to stm32f4xx_it.o(i.SVC_Handler) for SVC_Handler
    startup_stm32f407xx.o(RESET) refers to stm32f4xx_it.o(i.DebugMon_Handler) for DebugMon_Handler
    startup_stm32f407xx.o(RESET) refers to stm32f4xx_it.o(i.PendSV_Handler) for PendSV_Handler
    startup_stm32f407xx.o(RESET) refers to stm32f4xx_it.o(i.SysTick_Handler) for SysTick_Handler
    startup_stm32f407xx.o(RESET) refers to stm32f4xx_it.o(i.DMA1_Stream1_IRQHandler) for DMA1_Stream1_IRQHandler
    startup_stm32f407xx.o(RESET) refers to stm32f4xx_it.o(i.DMA1_Stream3_IRQHandler) for DMA1_Stream3_IRQHandler
    startup_stm32f407xx.o(RESET) refers to stm32f4xx_it.o(i.DMA1_Stream4_IRQHandler) for DMA1_Stream4_IRQHandler
    startup_stm32f407xx.o(RESET) refers to stm32f4xx_it.o(i.CAN1_RX0_IRQHandler) for CAN1_RX0_IRQHandler
    startup_stm32f407xx.o(RESET) refers to stm32f4xx_it.o(i.CAN1_RX1_IRQHandler) for CAN1_RX1_IRQHandler
    startup_stm32f407xx.o(RESET) refers to stm32f4xx_it.o(i.USART3_IRQHandler) for USART3_IRQHandler
    startup_stm32f407xx.o(RESET) refers to stm32f4xx_it.o(i.DMA2_Stream0_IRQHandler) for DMA2_Stream0_IRQHandler
    startup_stm32f407xx.o(RESET) refers to stm32f4xx_it.o(i.CAN2_RX0_IRQHandler) for CAN2_RX0_IRQHandler
    startup_stm32f407xx.o(RESET) refers to stm32f4xx_it.o(i.CAN2_RX1_IRQHandler) for CAN2_RX1_IRQHandler
    startup_stm32f407xx.o(.text) refers (Special) to heapauxi.o(.text) for __use_two_region_memory
    startup_stm32f407xx.o(.text) refers to system_stm32f4xx.o(i.SystemInit) for SystemInit
    startup_stm32f407xx.o(.text) refers to __main.o(!!!main) for __main
    startup_stm32f407xx.o(.text) refers to startup_stm32f407xx.o(HEAP) for Heap_Mem
    startup_stm32f407xx.o(.text) refers to startup_stm32f407xx.o(STACK) for Stack_Mem
    can.o(i.CAN_Config) refers to stm32f4xx_hal_can.o(i.HAL_CAN_ConfigFilter) for HAL_CAN_ConfigFilter
    can.o(i.CAN_Config) refers to stm32f4xx_hal_can.o(i.HAL_CAN_Start) for HAL_CAN_Start
    can.o(i.CAN_Config) refers to stm32f4xx_hal_can.o(i.HAL_CAN_ActivateNotification) for HAL_CAN_ActivateNotification
    can.o(i.CAN_Send_Msg) refers to stm32f4xx_hal_can.o(i.HAL_CAN_AddTxMessage) for HAL_CAN_AddTxMessage
    can.o(i.CAN_Send_Msg) refers to stm32f4xx_hal_can.o(i.HAL_CAN_GetTxMailboxesFreeLevel) for HAL_CAN_GetTxMailboxesFreeLevel
    cs25wq256.o(i.CS25WQXX_Erase_Chip) refers to cs25wq256.o(i.CS25WQXX_Write_Enable) for CS25WQXX_Write_Enable
    cs25wq256.o(i.CS25WQXX_Erase_Chip) refers to cs25wq256.o(i.CS25WQXX_Wait_Busy) for CS25WQXX_Wait_Busy
    cs25wq256.o(i.CS25WQXX_Erase_Chip) refers to stm32f4xx_hal_gpio.o(i.HAL_GPIO_WritePin) for HAL_GPIO_WritePin
    cs25wq256.o(i.CS25WQXX_Erase_Chip) refers to spi.o(i.SPI1_ReadWriteByte) for SPI1_ReadWriteByte
    cs25wq256.o(i.CS25WQXX_Erase_Sector) refers to cs25wq256.o(i.CS25WQXX_Write_Enable) for CS25WQXX_Write_Enable
    cs25wq256.o(i.CS25WQXX_Erase_Sector) refers to cs25wq256.o(i.CS25WQXX_Wait_Busy) for CS25WQXX_Wait_Busy
    cs25wq256.o(i.CS25WQXX_Erase_Sector) refers to stm32f4xx_hal_gpio.o(i.HAL_GPIO_WritePin) for HAL_GPIO_WritePin
    cs25wq256.o(i.CS25WQXX_Erase_Sector) refers to spi.o(i.SPI1_ReadWriteByte) for SPI1_ReadWriteByte
    cs25wq256.o(i.CS25WQXX_Erase_Sector) refers to cs25wq256.o(.data) for CS25WQXX_TYPE
    cs25wq256.o(i.CS25WQXX_Init) refers to stm32f4xx_hal_gpio.o(i.HAL_GPIO_WritePin) for HAL_GPIO_WritePin
    cs25wq256.o(i.CS25WQXX_Init) refers to cs25wq256.o(i.CS25WQXX_ReadID) for CS25WQXX_ReadID
    cs25wq256.o(i.CS25WQXX_Init) refers to cs25wq256.o(i.CS25WQXX_ReadSR) for CS25WQXX_ReadSR
    cs25wq256.o(i.CS25WQXX_Init) refers to spi.o(i.SPI1_ReadWriteByte) for SPI1_ReadWriteByte
    cs25wq256.o(i.CS25WQXX_Init) refers to cs25wq256.o(.data) for CS25WQXX_TYPE
[...]
    ../clib/signal.c                         0x00000000   Number         0  defsig_abrt_inner.o ABSOLUTE
    ../clib/signal.c                         0x00000000   Number         0  defsig_fpe_inner.o ABSOLUTE
    ../clib/signal.c                         0x00000000   Number         0  defsig_general.o ABSOLUTE
    ../clib/signal.c                         0x00000000   Number         0  __raise.o ABSOLUTE
    ../clib/signal.c                         0x00000000   Number         0  defsig_rtmem_inner.o ABSOLUTE
    ../clib/signal.c                         0x00000000   Number         0  defsig_fpe_formal.o ABSOLUTE
    ../clib/signal.c                         0x00000000   Number         0  defsig_exit.o ABSOLUTE
    ../clib/signal.c                         0x00000000   Number         0  defsig_rtmem_formal.o ABSOLUTE
    ../clib/signal.c                         0x00000000   Number         0  defsig_rtmem_outer.o ABSOLUTE
    ../clib/signal.c                         0x00000000   Number         0  defsig_fpe_outer.o ABSOLUTE
    ../clib/signal.c                         0x00000000   Number         0  defsig_other.o ABSOLUTE
    ../clib/signal.c                         0x00000000   Number         0  defsig_segv_inner.o ABSOLUTE
    ../clib/signal.s                         0x00000000   Number         0  defsig.o ABSOLUTE
    ../clib/stdlib.c                         0x00000000   Number         0  exit.o ABSOLUTE
    ../fplib/fpinit.s                        0x00000000   Number         0  fpinit.o ABSOLUTE
    ..\Core\Src\main.c                       0x00000000   Number         0  main.o ABSOLUTE
    ..\Core\Src\stm32f4xx_hal_msp.c          0x00000000   Number         0  stm32f4xx_hal_msp.o ABSOLUTE
    ..\Core\Src\stm32f4xx_it.c               0x00000000   Number         0  stm32f4xx_it.o ABSOLUTE
    ..\Core\Src\system_stm32f4xx.c           0x00000000   Number         0  system_stm32f4xx.o ABSOLUTE
    ..\Core\Usr\ad9517.c                     0x00000000   Number         0  ad9517.o ABSOLUTE
    ..\Core\Usr\can.c                        0x00000000   Number         0  can.o ABSOLUTE
    ..\Core\Usr\cs25wq256.c                  0x00000000   Number         0  cs25wq256.o ABSOLUTE
    ..\Core\Usr\delay.c                      0x00000000   Number         0  delay.o ABSOLUTE
    ..\Core\Usr\fpga_fsmc.c                  0x00000000   Number         0  fpga_fsmc.o ABSOLUTE
    ..\Core\Usr\spi.c                        0x00000000   Number         0  spi.o ABSOLUTE
    ..\Drivers\STM32F4xx_HAL_Driver\Src\stm32f4xx_hal.c 0x00000000   Number         0  stm32f4xx_hal.o ABSOLUTE
    ..\Drivers\STM32F4xx_HAL_Driver\Src\stm32f4xx_hal_can.c 0x00000000   Number         0  stm32f4xx_hal_can.o ABSOLUTE
    ..\Drivers\STM32F4xx_HAL_Driver\Src\stm32f4xx_hal_cortex.c 0x00000000   Number         0  stm32f4xx_hal_cortex.o ABSOLUTE
    ..\Drivers\STM32F4xx_HAL_Driver\Src\stm32f4xx_hal_dma.c 0x00000000   Number         0  stm32f4xx_hal_dma.o ABSOLUTE
    ..\Drivers\STM32F4xx_HAL_Driver\Src\stm32f4xx_hal_dma_ex.c 0x00000000   Number         0  stm32f4xx_hal_dma_ex.o ABSOLUTE
    ..\Drivers\STM32F4xx_HAL_Driver\Src\stm32f4xx_hal_exti.c 0x00000000   Number         0  stm32f4xx_hal_exti.o ABSOLUTE
    ..\Drivers\STM32F4xx_HAL_Driver\Src\stm32f4xx_hal_flash.c 0x00000000   Number         0  stm32f4xx_hal_flash.o ABSOLUTE
    ..\Drivers\STM32F4xx_HAL_Driver\Src\stm32f4xx_hal_flash_ex.c 0x00000000   Number         0  stm32f4xx_hal_flash_ex.o ABSOLUTE
    ..\Drivers\STM32F4xx_HAL_Driver\Src\stm32f4xx_hal_flash_ramfunc.c 0x00000000   Number         0  stm32f4xx_hal_flash_ramfunc.o ABSOLUTE
    ..\Drivers\STM32F4xx_HAL_Driver\Src\stm32f4xx_hal_gpio.c 0x00000000   Number         0  stm32f4xx_hal_gpio.o ABSOLUTE
    ..\Drivers\STM32F4xx_HAL_Driver\Src\stm32f4xx_hal_nor.c 0x00000000   Number         0  stm32f4xx_hal_nor.o ABSOLUTE
    ..\Drivers\STM32F4xx_HAL_Driver\Src\stm32f4xx_hal_pwr.c 0x00000000   Number         0  stm32f4xx_hal_pwr.o ABSOLUTE
    ..\Drivers\STM32F4xx_HAL_Driver\Src\stm32f4xx_hal_pwr_ex.c 0x00000000   Number         0  stm32f4xx_hal_pwr_ex.o ABSOLUTE
    ..\Drivers\STM32F4xx_HAL_Driver\Src\stm32f4xx_hal_rcc.c 0x00000000   Number         0  stm32f4xx_hal_rcc.o ABSOLUTE
    ..\Drivers\STM32F4xx_HAL_Driver\Src\stm32f4xx_hal_rcc_ex.c 0x00000000   Number         0  stm32f4xx_hal_rcc_ex.o ABSOLUTE
    ..\Drivers\STM32F4xx_HAL_Driver\Src\stm32f4xx_hal_spi.c 0x00000000   Number         0  stm32f4xx_hal_spi.o ABSOLUTE
    ..\Drivers\STM32F4xx_HAL_Driver\Src\stm32f4xx_hal_tim.c 0x00000000   Number         0  stm32f4xx_hal_tim.o ABSOLUTE
    ..\Drivers\STM32F4xx_HAL_Driver\Src\stm32f4xx_hal_tim_ex.c 0x00000000   Number         0  stm32f4xx_hal_tim_ex.o ABSOLUTE
    ..\Drivers\STM32F4xx_HAL_Driver\Src\stm32f4xx_hal_uart.c 0x00000000   Number         0  stm32f4xx_hal_uart.o ABSOLUTE
    ..\Drivers\STM32F4xx_HAL_Driver\Src\stm32f4xx_ll_fsmc.c 0x00000000   Number         0  stm32f4xx_ll_fsmc.o ABSOLUTE
    ..\\Core\\Usr\\ad9517.c                  0x00000000   Number         0  ad9517.o ABSOLUTE
    ..\\Core\\Usr\\can.c                     0x00000000   Number         0  can.o ABSOLUTE
    ..\\Core\\Usr\\cs25wq256.c               0x00000000   Number         0  cs25wq256.o ABSOLUTE
    ..\\Core\\Usr\\delay.c                   0x00000000   Number         0  delay.o ABSOLUTE
    ..\\Core\\Usr\\fpga_fsmc.c               0x00000000   Number         0  fpga_fsmc.o ABSOLUTE
    ..\\Core\\Usr\\spi.c                     0x00000000   Number         0  spi.o ABSOLUTE
    dc.s                                     0x00000000   Number         0  dc.o ABSOLUTE
    startup_stm32f407xx.s                    0x00000000   Number         0  startup_stm32f407xx.o ABSOLUTE
    RESET                                    0x08000000   Section      392  startup_stm32f407xx.o(RESET)
    !!!main                                  0x08000188   Section        8  __main.o(!!!main)
    !!!scatter                               0x08000190   Section       52  __scatter.o(!!!scatter)
    !!handler_copy                           0x080001c4   Section       26  __scatter_copy.o(!!handler_copy)
    !!handler_zi                             0x080001e0   Section       28  __scatter_zi.o(!!handler_zi)
    .ARM.Collect$$libinit$$00000000          0x080001fc   Section        2  libinit.o(.ARM.Collect$$libinit$$00000000)
    .ARM.Collect$$libinit$$00000001          0x080001fe   Section        4  libinit2.o(.ARM.Collect$$libinit$$00000001)
    .ARM.Collect$$libinit$$00000004          0x08000202   Section        0  libinit2.o(.ARM.Collect$$libinit$$00000004)
    .ARM.Collect$$libinit$$00000005          0x08000202   Section        8  libinit2.o(.ARM.Collect$$libinit$$00000005)
    .ARM.Collect$$libinit$$0000000A          0x0800020a   Section        0  libinit2.o(.ARM.Collect$$libinit$$0000000A)
    .ARM.Collect$$libinit$$0000000C          0x0800020a   Section        0  libinit2.o(.ARM.Collect$$libinit$$0000000C)
    .ARM.Collect$$libinit$$0000000E          0x0800020a   Section        0  libinit2.o(.ARM.Collect$$libinit$$0000000E)
    .ARM.Collect$$libinit$$00000011          0x0800020a   Section        0  libinit2.o(.ARM.Collect$$libinit$$00000011)
    .ARM.Collect$$libinit$$00000013          0x0800020a   Section        0  libinit2.o(.ARM.Collect$$libinit$$00000013)
    .ARM.Collect$$libinit$$00000015          0x0800020a   Section        0  libinit2.o(.ARM.Collect$$libinit$$00000015)
    .ARM.Collect$$libinit$$00000017          0x0800020a   Section        0  libinit2.o(.ARM.Collect$$libinit$$00000017)
    .ARM.Collect$$libinit$$00000019          0x0800020a   Section        0  libinit2.o(.ARM.Collect$$libinit$$00000019)
    .ARM.Collect$$libinit$$0000001B          0x0800020a   Section        0  libinit2.o(.ARM.Collect$$libinit$$0000001B)
    .ARM.Collect$$libinit$$0000001D          0x0800020a   Section        0  libinit2.o(.ARM.Collect$$libinit$$0000001D)
    .ARM.Collect$$libinit$$0000001F          0x0800020a   Section        0  libinit2.o(.ARM.Collect$$libinit$$0000001F)
    .ARM.Collect$$libinit$$00000021          0x0800020a   Section        0  libinit2.o(.ARM.Collect$$libinit$$00000021)
    .ARM.Collect$$libinit$$00000023          0x0800020a   Section        0  libinit2.o(.ARM.Collect$$libinit$$00000023)
    .ARM.Collect$$libinit$$00000025          0x0800020a   Section        0  libinit2.o(.ARM.Collect$$libinit$$00000025)
    .ARM.Collect$$libinit$$0000002C          0x0800020a   Section        0  libinit2.o(.ARM.Collect$$libinit$$0000002C)
    .ARM.Collect$$libinit$$0000002E          0x0800020a   Section        0  libinit2.o(.ARM.Collect$$libinit$$0000002E)
    .ARM.Collect$$libinit$$00000030          0x0800020a   Section        0  libinit2.o(.ARM.Collect$$libinit$$00000030)
    .ARM.Collect$$libinit$$00000032          0x0800020a   Section        0  libinit2.o(.ARM.Collect$$libinit$$00000032)
    .ARM.Collect$$libinit$$00000033          0x0800020a   Section        2  libinit2.o(.ARM.Collect$$libinit$$00000033)
    .ARM.Collect$$libshutdown$$00000000      0x0800020c   Section        2  libshutdown.o(.ARM.Collect$$libshutdown$$00000000)
    .ARM.Collect$$libshutdown$$00000003      0x0800020e   Section        0  libshutdown2.o(.ARM.Collect$$libshutdown$$00000003)
    .ARM.Collect$$libshutdown$$00000006      0x0800020e   Section        0  libshutdown2.o(.ARM.Collect$$libshutdown$$00000006)
    .ARM.Collect$$libshutdown$$00000009      0x0800020e   Section        0  libshutdown2.o(.ARM.Collect$$libshutdown$$00000009)
    .ARM.Collect$$libshutdown$$0000000B      0x0800020e   Section        0  libshutdown2.o(.ARM.Collect$$libshutdown$$0000000B)
    .ARM.Collect$$libshutdown$$0000000E      0x0800020e   Section        0  libshutdown2.o(.ARM.Collect$$libshutdown$$0000000E)
    .ARM.Collect$$libshutdown$$0000000F      0x0800020e   Section        2  libshutdown2.o(.ARM.Collect$$libshutdown$$0000000F)
    .ARM.Collect$$rtentry$$00000000          0x08000210   Section        0  __rtentry.o(.ARM.Collect$$rtentry$$00000000)
    .ARM.Collect$$rtentry$$00000002          0x08000210   Section        0  __rtentry2.o(.ARM.Collect$$rtentry$$00000002)
    .ARM.Collect$$rtentry$$00000004          0x08000210   Section        6  __rtentry4.o(.ARM.Collect$$rtentry$$00000004)
    .ARM.Collect$$rtentry$$00000009          0x08000216   Section        0  __rtentry2.o(.ARM.Collect$$rtentry$$00000009)
    .ARM.Collect$$rtentry$$0000000A          0x08000216   Section        4  __rtentry2.o(.ARM.Collect$$rtentry$$0000000A)
    .ARM.Collect$$rtentry$$0000000C          0x0800021a   Section        0  __rtentry2.o(.ARM.Collect$$rtentry$$0000000C)
    .ARM.Collect$$rtentry$$0000000D          0x0800021a   Section        8  __rtentry2.o(.ARM.Collect$$rtentry$$0000000D)
    .ARM.Collect$$rtexit$$00000000           0x08000222   Section        2  rtexit.o(.ARM.Collect$$rtexit$$00000000)
    .ARM.Collect$$rtexit$$00000002           0x08000224   Section        0  rtexit2.o(.ARM.Collect$$rtexit$$00000002)
    .ARM.Collect$$rtexit$$00000003           0x08000224   Section        4  rtexit2.o(.ARM.Collect$$rtexit$$00000003)
    .ARM.Collect$$rtexit$$00000004           0x08000228   Section        6  rtexit2.o(.ARM.Collect$$rtexit$$00000004)
    .emb_text                                0x08000230   Section        0  maybetermalloc1.o(.emb_text)
    .text                                    0x08000230   Section       64  startup_stm32f407xx.o(.text)
    $v0                                      0x08000230   Number         0  startup_stm32f407xx.o(.text)
    .text                                    0x08000270   Section        0  h1_alloc.o(.text)
    .text                                    0x080002ce   Section      238  lludivv7m.o(.text)
    .text                                    0x080003bc   Section       72  llsdiv.o(.text)
    .text                                    0x08000404   Section      100  rt_memcpy_w.o(.text)
    .text                                    0x08000468   Section       78  rt_memclr_w.o(.text)
    .text                                    0x080004b6   Section        0  heapauxi.o(.text)
    .text                                    0x080004bc   Section        8  rt_heap_descriptor_intlibspace.o(.text)
    .text                                    0x080004c4   Section        0  hguard.o(.text)
    .text                                    0x080004c8   Section        0  init_alloc.o(.text)
    .text                                    0x08000552   Section        0  h1_init.o(.text)
    .text                                    0x08000560   Section        0  h1_free.o(.text)
    .text                                    0x080005b0   Section        8  libspace.o(.text)
    .text                                    0x080005b8   Section        0  h1_extend.o(.text)
    .text                                    0x080005ec   Section        0  defsig_rtmem_outer.o(.text)
    .text                                    0x080005fa   Section        2  use_no_semi.o(.text)
    .text                                    0x080005fc   Section       74  sys_stackheap_outer.o(.text)
    .text                                    0x080005fc   Section        0  indicate_semi.o(.text)
    .text                                    0x08000646   Section        0  exit.o(.text)
    .text                                    0x08000652   Section        0  defsig_exit.o(.text)
    .text                                    0x0800065c   Section        0  defsig_rtmem_inner.o(.text)
    .text                                    0x080006ac   Section        0  sys_exit.o(.text)
    .text                                    0x080006b8   Section        0  defsig_general.o(.text)
    .text                                    0x080006ea   Section        0  sys_wrch.o(.text)
    i.BusFault_Handler                       0x080006f8   Section        0  stm32f4xx_it.o(i.BusFault_Handler)
    i.CAN1_RX0_IRQHandler                    0x080006fc   Section        0  stm32f4xx_it.o(i.CAN1_RX0_IRQHandler)
    i.CAN1_RX1_IRQHandler                    0x08000720   Section        0  stm32f4xx_it.o(i.CAN1_RX1_IRQHandler)
    i.CAN2_RX0_IRQHandler                    0x08000730   Section        0  stm32f4xx_it.o(i.CAN2_RX0_IRQHandler)
    i.CAN2_RX1_IRQHandler                    0x08000754   Section        0  stm32f4xx_it.o(i.CAN2_RX1_IRQHandler)
    i.CAN_Config                             0x08000764   Section        0  can.o(i.CAN_Config)
    i.CAN_Send_Msg                           0x080007ce   Section        0  can.o(i.CAN_Send_Msg)
    i.CS25WQXX_Erase_Sector                  0x08000820   Section        0  cs25wq256.o(i.CS25WQXX_Erase_Sector)
    i.CS25WQXX_Init                          0x08000894   Section        0  cs25wq256.o(i.CS25WQXX_Init)
    i.CS25WQXX_Read                          0x080008f0   Section        0  cs25wq256.o(i.CS25WQXX_Read)
    i.CS25WQXX_ReadID                        0x0800096c   Section        0  cs25wq256.o(i.CS25WQXX_ReadID)
    i.CS25WQXX_ReadSR                        0x080009c8   Section        0  cs25wq256.o(i.CS25WQXX_ReadSR)
    i.CS25WQXX_Wait_Busy                     0x08000a28   Section        0  cs25wq256.o(i.CS25WQXX_Wait_Busy)
    i.CS25WQXX_Write                         0x08000a40   Section        0  cs25wq256.o(i.CS25WQXX_Write)
    i.CS25WQXX_Write_Enable                  0x08000b00   Section        0  cs25wq256.o(i.CS25WQXX_Write_Enable)
    i.CS25WQXX_Write_NoCheck                 0x08000b28   Section        0  cs25wq256.o(i.CS25WQXX_Write_NoCheck)
    i.CS25WQXX_Write_Page                    0x08000b74   Section        0  cs25wq256.o(i.CS25WQXX_Write_Page)
    i.DMA1_Stream1_IRQHandler                0x08000bfc   Section        0  stm32f4xx_it.o(i.DMA1_Stream1_IRQHandler)
    i.DMA1_Stream3_IRQHandler                0x08000c0c   Section        0  stm32f4xx_it.o(i.DMA1_Stream3_IRQHandler)
    i.DMA1_Stream4_IRQHandler                0x08000c1c   Section        0  stm32f4xx_it.o(i.DMA1_Stream4_IRQHandler)
    i.DMA2_Stream0_IRQHandler                0x08000c2c   Section        0  stm32f4xx_it.o(i.DMA2_Stream0_IRQHandler)
    i.DMA_CalcBaseAndBitshift                0x08000c3c   Section        0  stm32f4xx_hal_dma.o(i.DMA_CalcBaseAndBitshift)
    DMA_CalcBaseAndBitshift                  0x08000c3d   Thumb Code    46  stm32f4xx_hal_dma.o(i.DMA_CalcBaseAndBitshift)
    i.DMA_CheckFifoParam                     0x08000c70   Section        0  stm32f4xx_hal_dma.o(i.DMA_CheckFifoParam)
    DMA_CheckFifoParam                       0x08000c71   Thumb Code   170  stm32f4xx_hal_dma.o(i.DMA_CheckFifoParam)
    i.DebugMon_Handler                       0x08000d1a   Section        0  stm32f4xx_it.o(i.DebugMon_Handler)
    i.Error_Handler                          0x08000d1c   Section        0  main.o(i.Error_Handler)
    i.HAL_CAN_ActivateNotification           0x08000d22   Section        0  stm32f4xx_hal_can.o(i.HAL_CAN_ActivateNotification)
    i.HAL_CAN_AddTxMessage                   0x08000d4c   Section        0  stm32f4xx_hal_can.o(i.HAL_CAN_AddTxMessage)
    i.HAL_CAN_ConfigFilter                   0x08000ea4   Section        0  stm32f4xx_hal_can.o(i.HAL_CAN_ConfigFilter)
    i.HAL_CAN_ErrorCallback                  0x08000fc8   Section        0  stm32f4xx_hal_can.o(i.HAL_CAN_ErrorCallback)
    i.HAL_CAN_GetRxMessage                   0x08000fca   Section        0  stm32f4xx_hal_can.o(i.HAL_CAN_GetRxMessage)
    i.HAL_CAN_GetTxMailboxesFreeLevel        0x08001144   Section        0  stm32f4xx_hal_can.o(i.HAL_CAN_GetTxMailboxesFreeLevel)
    i.HAL_CAN_IRQHandler                     0x0800117a   Section        0  stm32f4xx_hal_can.o(i.HAL_CAN_IRQHandler)
    i.HAL_CAN_Init                           0x080013c8   Section        0  stm32f4xx_hal_can.o(i.HAL_CAN_Init)
    i.HAL_CAN_MspInit                        0x0800153c   Section        0  stm32f4xx_hal_msp.o(i.HAL_CAN_MspInit)
    i.HAL_CAN_RxFifo0FullCallback            0x0800169c   Section        0  stm32f4xx_hal_can.o(i.HAL_CAN_RxFifo0FullCallback)
    i.HAL_CAN_RxFifo0MsgPendingCallback      0x0800169e   Section        0  stm32f4xx_hal_can.o(i.HAL_CAN_RxFifo0MsgPendingCallback)
    i.HAL_CAN_RxFifo1FullCallback            0x080016a0   Section        0  stm32f4xx_hal_can.o(i.HAL_CAN_RxFifo1FullCallback)
    i.HAL_CAN_RxFifo1MsgPendingCallback      0x080016a2   Section        0  stm32f4xx_hal_can.o(i.HAL_CAN_RxFifo1MsgPendingCallback)
    i.HAL_CAN_SleepCallback                  0x080016a4   Section        0  stm32f4xx_hal_can.o(i.HAL_CAN_SleepCallback)
    i.HAL_CAN_Start                          0x080016a6   Section        0  stm32f4xx_hal_can.o(i.HAL_CAN_Start)
    i.HAL_CAN_TxMailbox0AbortCallback        0x08001704   Section        0  stm32f4xx_hal_can.o(i.HAL_CAN_TxMailbox0AbortCallback)
    i.HAL_CAN_TxMailbox0CompleteCallback     0x08001706   Section        0  stm32f4xx_hal_can.o(i.HAL_CAN_TxMailbox0CompleteCallback)
    i.HAL_CAN_TxMailbox1AbortCallback        0x08001708   Section        0  stm32f4xx_hal_can.o(i.HAL_CAN_TxMailbox1AbortCallback)
    i.HAL_CAN_TxMailbox1CompleteCallback     0x0800170a   Section        0  stm32f4xx_hal_can.o(i.HAL_CAN_TxMailbox1CompleteCallback)
    i.HAL_CAN_TxMailbox2AbortCallback        0x0800170c   Section        0  stm32f4xx_hal_can.o(i.HAL_CAN_TxMailbox2AbortCallback)
    i.HAL_CAN_TxMailbox2CompleteCallback     0x0800170e   Section        0  stm32f4xx_hal_can.o(i.HAL_CAN_TxMailbox2CompleteCallback)
    i.HAL_CAN_WakeUpFromRxMsgCallback        0x08001710   Section        0  stm32f4xx_hal_can.o(i.HAL_CAN_WakeUpFromRxMsgCallback)
    i.HAL_DMA_Abort                          0x08001712   Section        0  stm32f4xx_hal_dma.o(i.HAL_DMA_Abort)
    i.HAL_DMA_Abort_IT                       0x080017be   Section        0  stm32f4xx_hal_dma.o(i.HAL_DMA_Abort_IT)
    i.HAL_DMA_IRQHandler                     0x080017e8   Section        0  stm32f4xx_hal_dma.o(i.HAL_DMA_IRQHandler)
    i.HAL_DMA_Init                           0x08001a28   Section        0  stm32f4xx_hal_dma.o(i.HAL_DMA_Init)
    i.HAL_GPIO_Init                          0x08001b14   Section        0  stm32f4xx_hal_gpio.o(i.HAL_GPIO_Init)
    i.HAL_GPIO_WritePin                      0x08001d08   Section        0  stm32f4xx_hal_gpio.o(i.HAL_GPIO_WritePin)
    i.HAL_GetTick                            0x08001d14   Section        0  stm32f4xx_hal.o(i.HAL_GetTick)
    i.HAL_IncTick                            0x08001d20   Section        0  stm32f4xx_hal.o(i.HAL_IncTick)
    i.HAL_Init                               0x08001d38   Section        0  stm32f4xx_hal.o(i.HAL_Init)
    i.HAL_InitTick                           0x08001d74   Section        0  stm32f4xx_hal.o(i.HAL_InitTick)
    i.HAL_MspInit                            0x08001dc0   Section        0  stm32f4xx_hal_msp.o(i.HAL_MspInit)
    i.HAL_NVIC_EnableIRQ                     0x08001e08   Section        0  stm32f4xx_hal_cortex.o(i.HAL_NVIC_EnableIRQ)
    i.HAL_NVIC_SetPriority                   0x08001e28   Section        0  stm32f4xx_hal_cortex.o(i.HAL_NVIC_SetPriority)
    i.HAL_NVIC_SetPriorityGrouping           0x08001ea4   Section        0  stm32f4xx_hal_cortex.o(i.HAL_NVIC_SetPriorityGrouping)
    i.HAL_RCC_ClockConfig                    0x08001ecc   Section        0  stm32f4xx_hal_rcc.o(i.HAL_RCC_ClockConfig)
    i.HAL_RCC_GetHCLKFreq                    0x08002050   Section        0  stm32f4xx_hal_rcc.o(i.HAL_RCC_GetHCLKFreq)
    i.HAL_RCC_GetPCLK1Freq                   0x0800205c   Section        0  stm32f4xx_hal_rcc.o(i.HAL_RCC_GetPCLK1Freq)
    i.HAL_RCC_GetPCLK2Freq                   0x0800207c   Section        0  stm32f4xx_hal_rcc.o(i.HAL_RCC_GetPCLK2Freq)
    i.HAL_RCC_GetSysClockFreq                0x0800209c   Section        0  stm32f4xx_hal_rcc.o(i.HAL_RCC_GetSysClockFreq)
    i.HAL_RCC_OscConfig                      0x0800214c   Section        0  stm32f4xx_hal_rcc.o(i.HAL_RCC_OscConfig)
    i.HAL_SPI_Init                           0x080025e8   Section        0  stm32f4xx_hal_spi.o(i.HAL_SPI_Init)
    i.HAL_SPI_MspInit                        0x080026b0   Section        0  stm32f4xx_hal_msp.o(i.HAL_SPI_MspInit)
    i.HAL_SPI_Transmit                       0x08002878   Section        0  stm32f4xx_hal_spi.o(i.HAL_SPI_Transmit)
    i.HAL_SPI_TransmitReceive                0x08002a26   Section        0  stm32f4xx_hal_spi.o(i.HAL_SPI_TransmitReceive)
    i.HAL_SYSTICK_Config                     0x08002c50   Section        0  stm32f4xx_hal_cortex.o(i.HAL_SYSTICK_Config)
    i.HAL_UARTEx_RxEventCallback             0x08002c84   Section        0  stm32f4xx_hal_uart.o(i.HAL_UARTEx_RxEventCallback)
    i.HAL_UART_ErrorCallback                 0x08002c86   Section        0  stm32f4xx_hal_uart.o(i.HAL_UART_ErrorCallback)
    i.HAL_UART_IRQHandler                    0x08002c88   Section        0  stm32f4xx_hal_uart.o(i.HAL_UART_IRQHandler)
    i.HAL_UART_Init                          0x08002f68   Section        0  stm32f4xx_hal_uart.o(i.HAL_UART_Init)
    i.HAL_UART_MspInit                       0x08002fdc   Section        0  stm32f4xx_hal_msp.o(i.HAL_UART_MspInit)
    i.HAL_UART_RxCpltCallback                0x08003114   Section        0  stm32f4xx_hal_uart.o(i.HAL_UART_RxCpltCallback)
    i.HAL_UART_TxCpltCallback                0x08003116   Section        0  stm32f4xx_hal_uart.o(i.HAL_UART_TxCpltCallback)
    i.HardFault_Handler                      0x08003118   Section        0  stm32f4xx_it.o(i.HardFault_Handler)
    i.MX_CAN1_Init                           0x0800311c   Section        0  main.o(i.MX_CAN1_Init)
    MX_CAN1_Init                             0x0800311d   Thumb Code    58  main.o(i.MX_CAN1_Init)
    i.MX_CAN2_Init                           0x08003160   Section        0  main.o(i.MX_CAN2_Init)
    MX_CAN2_Init                             0x08003161   Thumb Code    58  main.o(i.MX_CAN2_Init)
    i.MX_DMA_Init                            0x080031a4   Section        0  main.o(i.MX_DMA_Init)
    MX_DMA_Init                              0x080031a5   Thumb Code    98  main.o(i.MX_DMA_Init)
    i.MX_GPIO_Init                           0x0800320c   Section        0  main.o(i.MX_GPIO_Init)
    MX_GPIO_Init                             0x0800320d   Thumb Code   234  main.o(i.MX_GPIO_Init)
    i.MX_NVIC_Init                           0x08003300   Section        0  main.o(i.MX_NVIC_Init)
    MX_NVIC_Init                             0x08003301   Thumb Code    68  main.o(i.MX_NVIC_Init)
    i.MX_SPI1_Init                           0x08003344   Section        0  main.o(i.MX_SPI1_Init)
    MX_SPI1_Init                             0x08003345   Thumb Code    62  main.o(i.MX_SPI1_Init)
    i.MX_SPI2_Init                           0x0800338c   Section        0  main.o(i.MX_SPI2_Init)
    MX_SPI2_Init                             0x0800338d   Thumb Code    62  main.o(i.MX_SPI2_Init)
    i.MX_USART3_UART_Init                    0x080033d4   Section        0  main.o(i.MX_USART3_UART_Init)
    MX_USART3_UART_Init                      0x080033d5   Thumb Code    46  main.o(i.MX_USART3_UART_Init)
    i.MemManage_Handler                      0x0800340c   Section        0  stm32f4xx_it.o(i.MemManage_Handler)
    i.NMI_Handler                            0x08003410   Section        0  stm32f4xx_it.o(i.NMI_Handler)
    i.PendSV_Handler                         0x08003414   Section        0  stm32f4xx_it.o(i.PendSV_Handler)
    i.SPI1_ReadWriteByte                     0x08003416   Section        0  spi.o(i.SPI1_ReadWriteByte)
    i.SPI2_ReadWriteByte                     0x08003436   Section        0  spi.o(i.SPI2_ReadWriteByte)
    i.SPI_EndRxTxTransaction                 0x08003458   Section        0  stm32f4xx_hal_spi.o(i.SPI_EndRxTxTransaction)
    SPI_EndRxTxTransaction                   0x08003459   Thumb Code   100  stm32f4xx_hal_spi.o(i.SPI_EndRxTxTransaction)
    i.SPI_WaitFlagStateUntilTimeout          0x080034c4   Section        0  stm32f4xx_hal_spi.o(i.SPI_WaitFlagStateUntilTimeout)
    SPI_WaitFlagStateUntilTimeout            0x080034c5   Thumb Code   210  stm32f4xx_hal_spi.o(i.SPI_WaitFlagStateUntilTimeout)
    i.SVC_Handler                            0x0800359c   Section        0  stm32f4xx_it.o(i.SVC_Handler)
    i.SysTick_Handler                        0x0800359e   Section        0  stm32f4xx_it.o(i.SysTick_Handler)
    i.SystemClock_Config                     0x080035a8   Section        0  main.o(i.SystemClock_Config)
    i.SystemInit                             0x0800365c   Section        0  system_stm32f4xx.o(i.SystemInit)
    i.UART_DMAAbortOnError                   0x08003670   Section        0  stm32f4xx_hal_uart.o(i.UART_DMAAbortOnError)
    UART_DMAAbortOnError                     0x08003671   Thumb Code    20  stm32f4xx_hal_uart.o(i.UART_DMAAbortOnError)
    i.UART_EndRxTransfer                     0x08003684   Section        0  stm32f4xx_hal_uart.o(i.UART_EndRxTransfer)
    UART_EndRxTransfer                       0x08003685   Thumb Code   108  stm32f4xx_hal_uart.o(i.UART_EndRxTransfer)
    i.UART_EndTransmit_IT                    0x080036f0   Section        0  stm32f4xx_hal_uart.o(i.UART_EndTransmit_IT)
    UART_EndTransmit_IT                      0x080036f1   Thumb Code    32  stm32f4xx_hal_uart.o(i.UART_EndTransmit_IT)
    i.UART_Receive_IT                        0x08003710   Section        0  stm32f4xx_hal_uart.o(i.UART_Receive_IT)
    UART_Receive_IT                          0x08003711   Thumb Code   248  stm32f4xx_hal_uart.o(i.UART_Receive_IT)
    i.UART_SetConfig                         0x08003808   Section        0  stm32f4xx_hal_uart.o(i.UART_SetConfig)
    UART_SetConfig                           0x08003809   Thumb Code   546  stm32f4xx_hal_uart.o(i.UART_SetConfig)
    i.UART_Transmit_IT                       0x08003a34   Section        0  stm32f4xx_hal_uart.o(i.UART_Transmit_IT)
    UART_Transmit_IT                         0x08003a35   Thumb Code    96  stm32f4xx_hal_uart.o(i.UART_Transmit_IT)
    i.USART3_IRQHandler                      0x08003a94   Section        0  stm32f4xx_it.o(i.USART3_IRQHandler)
    i.UsageFault_Handler                     0x08003aa4   Section        0  stm32f4xx_it.o(i.UsageFault_Handler)
    i.__NVIC_GetPriorityGrouping             0x08003aa8   Section        0  stm32f4xx_hal_cortex.o(i.__NVIC_GetPriorityGrouping)
    __NVIC_GetPriorityGrouping               0x08003aa9   Thumb Code    10  stm32f4xx_hal_cortex.o(i.__NVIC_GetPriorityGrouping)
    i.__NVIC_SetPriority                     0x08003ab8   Section        0  stm32f4xx_hal_cortex.o(i.__NVIC_SetPriority)
    __NVIC_SetPriority                       0x08003ab9   Thumb Code    32  stm32f4xx_hal_cortex.o(i.__NVIC_SetPriority)
    i.ad9156_parameter_initialize            0x08003ae0   Section        0  main.o(i.ad9156_parameter_initialize)
    i.ad9517_frequency                       0x08003cd0   Section        0  ad9517.o(i.ad9517_frequency)
    i.ad9517_power_mode                      0x08004298   Section        0  ad9517.o(i.ad9517_power_mode)
    i.ad9517_read                            0x08004418   Section        0  ad9517.o(i.ad9517_read)
    i.ad9517_setup                           0x08004480   Section        0  ad9517.o(i.ad9517_setup)
    i.ad9517_write                           0x080044e0   Section        0  ad9517.o(i.ad9517_write)
    i.dividers_checker                       0x08004550   Section        0  ad9517.o(i.dividers_checker)
    i.main                                   0x08004580   Section        0  main.o(i.main)
    x$fpl$fpinit                             0x08004710   Section       10  fpinit.o(x$fpl$fpinit)
    $v0                                      0x08004710   Number         0  fpinit.o(x$fpl$fpinit)
    .constdata                               0x0800471c   Section       44  main.o(.constdata)
    .constdata                               0x08004748   Section        8  stm32f4xx_hal_dma.o(.constdata)
    flagBitshiftOffset                       0x08004748   Data           8  stm32f4xx_hal_dma.o(.constdata)
    .constdata                               0x08004750   Section       24  system_stm32f4xx.o(.constdata)
    .data                                    0x20000000   Section        8  cs25wq256.o(.data)
    Fac_us                                   0x20000004   Data           4  cs25wq256.o(.data)
    .data                                    0x20000008   Section       36  main.o(.data)
    .data                                    0x2000002c   Section       12  stm32f4xx_hal_msp.o(.data)
    HAL_RCC_CAN1_CLK_ENABLED                 0x2000002c   Data           4  stm32f4xx_hal_msp.o(.data)
    FSMC_Initialized                         0x20000030   Data           4  stm32f4xx_hal_msp.o(.data)
    FSMC_DeInitialized                       0x20000034   Data           4  stm32f4xx_hal_msp.o(.data)
    .data                                    0x20000038   Section        9  stm32f4xx_hal.o(.data)
    .data                                    0x20000044   Section        4  system_stm32f4xx.o(.data)
    .bss                                     0x20000048   Section     4096  cs25wq256.o(.bss)
    .bss                                     0x20001048   Section     1182  main.o(.bss)
    .bss                                     0x200014e8   Section       96  libspace.o(.bss)
    HEAP                                     0x20001548   Section      512  startup_stm32f407xx.o(HEAP)
    Heap_Mem                                 0x20001548   Data         512  startup_stm32f407xx.o(HEAP)
    STACK                                    0x20001748   Section     1024  startup_stm32f407xx.o(STACK)
    Stack_Mem                                0x20001748   Data        1024  startup_stm32f407xx.o(STACK)
    __initial_sp                             0x20001b48   Data           0  startup_stm32f407xx.o(STACK)

    Global Symbols

    Symbol Name                              Value     Ov Type        Size  Object(Section)

    BuildAttributes$$THM_ISAv4$E$P$D$K$B$S$7EM$VFPi3$EXTD16$VFPS$VFMA$PE$A:L22UL41UL21$X:L11$S22US41US21$IEEE1$IW$USESV6$~STKCKD$USESV7$~SHL$OTIME$ROPI$EBA8$UX$STANDARDLIB$REQ8$PRES8$EABIv2 0x00000000   Number         0  anon$$obj.o ABSOLUTE
    __ARM_use_no_argv                        0x00000000   Number         0  main.o ABSOLUTE
    __ARM_exceptions_init                     - Undefined Weak Reference
    __alloca_initialize                       - Undefined Weak Reference
    __arm_preinit_                            - Undefined Weak Reference
    __cpp_initialize__aeabi_                  - Undefined Weak Reference
    __cxa_finalize                            - Undefined Weak Reference
    __rt_locale                               - Undefined Weak Reference
    __sigvec_lookup                           - Undefined Weak Reference
    __user_heap_extent                        - Undefined Weak Reference
    _atexit_init                              - Undefined Weak Reference
    _call_atexit_fns                          - Undefined Weak Reference
    _clock_init                               - Undefined Weak Reference
    _fp_trap_init                             - Undefined Weak Reference
    _fp_trap_shutdown                         - Undefined Weak Reference
    _get_lc_collate                           - Undefined Weak Reference
    _get_lc_ctype                             - Undefined Weak Reference
    _get_lc_monetary                          - Undefined Weak Reference
    _get_lc_numeric                           - Undefined Weak Reference
    _get_lc_time                              - Undefined Weak Reference
    _getenv_init                              - Undefined Weak Reference
    _handle_redirection                       - Undefined Weak Reference
    _initio                                   - Undefined Weak Reference
    _mutex_acquire                            - Undefined Weak Reference
    _mutex_free                               - Undefined Weak Reference
    _mutex_release                            - Undefined Weak Reference
    _rand_init                                - Undefined Weak Reference
    _signal_finish                            - Undefined Weak Reference
    _signal_init                              - Undefined Weak Reference
    _terminateio                              - Undefined Weak Reference
    __Vectors_Size                           0x00000188   Number         0  startup_stm32f407xx.o ABSOLUTE
    __Vectors                                0x08000000   Data           4  startup_stm32f407xx.o(RESET)
    __Vectors_End                            0x08000188   Data           0  startup_stm32f407xx.o(RESET)
    __main                                   0x08000189   Thumb Code     8  __main.o(!!!main)
    __scatterload                            0x08000191   Thumb Code     0  __scatter.o(!!!scatter)
    __scatterload_rt2                        0x08000191   Thumb Code    44  __scatter.o(!!!scatter)
    __scatterload_rt2_thumb_only             0x08000191   Thumb Code     0  __scatter.o(!!!scatter)
    __scatterload_null                       0x0800019f   Thumb Code     0  __scatter.o(!!!scatter)
    __scatterload_copy                       0x080001c5   Thumb Code    26  __scatter_copy.o(!!handler_copy)
    __scatterload_zeroinit                   0x080001e1   Thumb Code    28  __scatter_zi.o(!!handler_zi)
    __rt_lib_init                            0x080001fd   Thumb Code     0  libinit.o(.ARM.Collect$$libinit$$00000000)
    __rt_lib_init_fp_1                       0x080001ff   Thumb Code     0  libinit2.o(.ARM.Collect$$libinit$$00000001)
    __rt_lib_init_heap_2                     0x08000203   Thumb Code     0  libinit2.o(.ARM.Collect$$libinit$$00000005)
    __rt_lib_init_preinit_1                  0x08000203   Thumb Code     0  libinit2.o(.ARM.Collect$$libinit$$00000004)
    __rt_lib_init_alloca_1                   0x0800020b   Thumb Code     0  libinit2.o(.ARM.Collect$$libinit$$0000002E)
    __rt_lib_init_argv_1                     0x0800020b   Thumb Code     0  libinit2.o(.ARM.Collect$$libinit$$0000002C)
    __rt_lib_init_atexit_1                   0x0800020b   Thumb Code     0  libinit2.o(.ARM.Collect$$libinit$$0000001B)
    __rt_lib_init_clock_1                    0x0800020b   Thumb Code     0  libinit2.o(.ARM.Collect$$libinit$$00000021)
    __rt_lib_init_cpp_1                      0x0800020b   Thumb Code     0  libinit2.o(.ARM.Collect$$libinit$$00000032)
    __rt_lib_init_exceptions_1               0x0800020b   Thumb Code     0  libinit2.o(.ARM.Collect$$libinit$$00000030)
    __rt_lib_init_fp_trap_1                  0x0800020b   Thumb Code     0  libinit2.o(.ARM.Collect$$libinit$$0000001F)
    __rt_lib_init_getenv_1                   0x0800020b   Thumb Code     0  libinit2.o(.ARM.Collect$$libinit$$00000023)
    __rt_lib_init_heap_1                     0x0800020b   Thumb Code     0  libinit2.o(.ARM.Collect$$libinit$$0000000A)
    __rt_lib_init_lc_collate_1               0x0800020b   Thumb Code     0  libinit2.o(.ARM.Collect$$libinit$$00000011)
    __rt_lib_init_lc_ctype_1                 0x0800020b   Thumb Code     0  libinit2.o(.ARM.Collect$$libinit$$00000013)
    __rt_lib_init_lc_monetary_1              0x0800020b   Thumb Code     0  libinit2.o(.ARM.Collect$$libinit$$00000015)
    __rt_lib_init_lc_numeric_1               0x0800020b   Thumb Code     0  libinit2.o(.ARM.Collect$$libinit$$00000017)
    __rt_lib_init_lc_time_1                  0x0800020b   Thumb Code     0  libinit2.o(.ARM.Collect$$libinit$$00000019)
    __rt_lib_init_rand_1                     0x0800020b   Thumb Code     0  libinit2.o(.ARM.Collect$$libinit$$0000000E)
    __rt_lib_init_return                     0x0800020b   Thumb Code     0  libinit2.o(.ARM.Collect$$libinit$$00000033)
    __rt_lib_init_signal_1                   0x0800020b   Thumb Code     0  libinit2.o(.ARM.Collect$$libinit$$0000001D)
    __rt_lib_init_stdio_1                    0x0800020b   Thumb Code     0  libinit2.o(.ARM.Collect$$libinit$$00000025)
    __rt_lib_init_user_alloc_1               0x0800020b   Thumb Code     0  libinit2.o(.ARM.Collect$$libinit$$0000000C)
    __rt_lib_shutdown                        0x0800020d   Thumb Code     0  libshutdown.o(.ARM.Collect$$libshutdown$$00000000)
    __rt_lib_shutdown_fp_trap_1              0x0800020f   Thumb Code     0  libshutdown2.o(.ARM.Collect$$libshutdown$$00000006)
    __rt_lib_shutdown_heap_1                 0x0800020f   Thumb Code     0  libshutdown2.o(.ARM.Collect$$libshutdown$$0000000E)
    __rt_lib_shutdown_return                 0x0800020f   Thumb Code     0  libshutdown2.o(.ARM.Collect$$libshutdown$$0000000F)
    __rt_lib_shutdown_signal_1               0x0800020f   Thumb Code     0  libshutdown2.o(.ARM.Collect$$libshutdown$$00000009)
    __rt_lib_shutdown_stdio_1                0x0800020f   Thumb Code     0  libshutdown2.o(.ARM.Collect$$libshutdown$$00000003)
    __rt_lib_shutdown_user_alloc_1           0x0800020f   Thumb Code     0  libshutdown2.o(.ARM.Collect$$libshutdown$$0000000B)
    __rt_entry                               0x08000211   Thumb Code     0  __rtentry.o(.ARM.Collect$$rtentry$$00000000)
    __rt_entry_presh_1                       0x08000211   Thumb Code     0  __rtentry2.o(.ARM.Collect$$rtentry$$00000002)
    __rt_entry_sh                            0x08000211   Thumb Code     0  __rtentry4.o(.ARM.Collect$$rtentry$$00000004)
    __rt_entry_li                            0x08000217   Thumb Code     0  __rtentry2.o(.ARM.Collect$$rtentry$$0000000A)
    __rt_entry_postsh_1                      0x08000217   Thumb Code     0  __rtentry2.o(.ARM.Collect$$rtentry$$00000009)
    __rt_entry_main                          0x0800021b   Thumb Code     0  __rtentry2.o(.ARM.Collect$$rtentry$$0000000D)
    __rt_entry_postli_1                      0x0800021b   Thumb Code     0  __rtentry2.o(.ARM.Collect$$rtentry$$0000000C)
    __rt_exit                                0x08000223   Thumb Code     0  rtexit.o(.ARM.Collect$$rtexit$$00000000)
    __rt_exit_ls                             0x08000225   Thumb Code     0  rtexit2.o(.ARM.Collect$$rtexit$$00000003)
    __rt_exit_prels_1                        0x08000225   Thumb Code     0  rtexit2.o(.ARM.Collect$$rtexit$$00000002)
    __rt_exit_exit                           0x08000229   Thumb Code     0  rtexit2.o(.ARM.Collect$$rtexit$$00000004)
    Reset_Handler                            0x08000231   Thumb Code     8  startup_stm32f407xx.o(.text)
    _maybe_terminate_alloc                   0x08000231   Thumb Code     0  maybetermalloc1.o(.emb_text)
    ADC_IRQHandler                           0x0800024b   Thumb Code     0  startup_stm32f407xx.o(.text)
    CAN1_SCE_IRQHandler                      0x0800024b   Thumb Code     0  startup_stm32f407xx.o(.text)
    CAN1_TX_IRQHandler                       0x0800024b   Thumb Code     0  startup_stm32f407xx.o(.text)
    CAN2_SCE_IRQHandler                      0x0800024b   Thumb Code     0  startup_stm32f407xx.o(.text)
    CAN2_TX_IRQHandler                       0x0800024b   Thumb Code     0  startup_stm32f407xx.o(.text)
    DCMI_IRQHandler                          0x0800024b   Thumb Code     0  startup_stm32f407xx.o(.text)
    DMA1_Stream0_IRQHandler                  0x0800024b   Thumb Code     0  startup_stm32f407xx.o(.text)
    DMA1_Stream2_IRQHandler                  0x0800024b   Thumb Code     0  startup_stm32f407xx.o(.text)
    DMA1_Stream5_IRQHandler                  0x0800024b   Thumb Code     0  startup_stm32f407xx.o(.text)
    DMA1_Stream6_IRQHandler                  0x0800024b   Thumb Code     0  startup_stm32f407xx.o(.text)
    DMA1_Stream7_IRQHandler                  0x0800024b   Thumb Code     0  startup_stm32f407xx.o(.text)
    DMA2_Stream1_IRQHandler                  0x0800024b   Thumb Code     0  startup_stm32f407xx.o(.text)
    DMA2_Stream2_IRQHandler                  0x0800024b   Thumb Code     0  startup_stm32f407xx.o(.text)
    DMA2_Stream3_IRQHandler                  0x0800024b   Thumb Code     0  startup_stm32f407xx.o(.text)
    DMA2_Stream4_IRQHandler                  0x0800024b   Thumb Code     0  startup_stm32f407xx.o(.text)
    DMA2_Stream5_IRQHandler                  0x0800024b   Thumb Code     0  startup_stm32f407xx.o(.text)
    DMA2_Stream6_IRQHandler                  0x0800024b   Thumb Code     0  startup_stm32f407xx.o(.text)
    DMA2_Stream7_IRQHandler                  0x0800024b   Thumb Code     0  startup_stm32f407xx.o(.text)
    ETH_IRQHandler                           0x0800024b   Thumb Code     0  startup_stm32f407xx.o(.text)
    ETH_WKUP_IRQHandler                      0x0800024b   Thumb Code     0  startup_stm32f407xx.o(.text)
    EXTI0_IRQHandler                         0x0800024b   Thumb Code     0  startup_stm32f407xx.o(.text)
    EXTI15_10_IRQHandler                     0x0800024b   Thumb Code     0  startup_stm32f407xx.o(.text)
    EXTI1_IRQHandler                         0x0800024b   Thumb Code     0  startup_stm32f407xx.o(.text)
    EXTI2_IRQHandler                         0x0800024b   Thumb Code     0  startup_stm32f407xx.o(.text)
    EXTI3_IRQHandler                         0x0800024b   Thumb Code     0  startup_stm32f407xx.o(.text)
    EXTI4_IRQHandler                         0x0800024b   Thumb Code     0  startup_stm32f407xx.o(.text)
    EXTI9_5_IRQHandler                       0x0800024b   Thumb Code     0  startup_stm32f407xx.o(.text)
    FLASH_IRQHandler                         0x0800024b   Thumb Code     0  startup_stm32f407xx.o(.text)
    FMC_IRQHandler                           0x0800024b   Thumb Code     0  startup_stm32f407xx.o(.text)
    FPU_IRQHandler                           0x0800024b   Thumb Code     0  startup_stm32f407xx.o(.text)
    HASH_RNG_IRQHandler                      0x0800024b   Thumb Code     0  startup_stm32f407xx.o(.text)
    I2C1_ER_IRQHandler                       0x0800024b   Thumb Code     0  startup_stm32f407xx.o(.text)
    I2C1_EV_IRQHandler                       0x0800024b   Thumb Code     0  startup_stm32f407xx.o(.text)
    I2C2_ER_IRQHandler                       0x0800024b   Thumb Code     0  startup_stm32f407xx.o(.text)
    I2C2_EV_IRQHandler                       0x0800024b   Thumb Code     0  startup_stm32f407xx.o(.text)
    I2C3_ER_IRQHandler                       0x0800024b   Thumb Code     0  startup_stm32f407xx.o(.text)
    I2C3_EV_IRQHandler                       0x0800024b   Thumb Code     0  startup_stm32f407xx.o(.text)
    OTG_FS_IRQHandler                        0x0800024b   Thumb Code     0  startup_stm32f407xx.o(.text)
    OTG_FS_WKUP_IRQHandler                   0x0800024b   Thumb Code     0  startup_stm32f407xx.o(.text)
    OTG_HS_EP1_IN_IRQHandler                 0x0800024b   Thumb Code     0  startup_stm32f407xx.o(.text)
    OTG_HS_EP1_OUT_IRQHandler                0x0800024b   Thumb Code     0  startup_stm32f407xx.o(.text)
    OTG_HS_IRQHandler                        0x0800024b   Thumb Code     0  startup_stm32f407xx.o(.text)
    OTG_HS_WKUP_IRQHandler                   0x0800024b   Thumb Code     0  startup_stm32f407xx.o(.text)
    PVD_IRQHandler                           0x0800024b   Thumb Code     0  startup_stm32f407xx.o(.text)
    RCC_IRQHandler                           0x0800024b   Thumb Code     0  startup_stm32f407xx.o(.text)
    RTC_Alarm_IRQHandler                     0x0800024b   Thumb Code     0  startup_stm32f407xx.o(.text)
    RTC_WKUP_IRQHandler                      0x0800024b   Thumb Code     0  startup_stm32f407xx.o(.text)
    SDIO_IRQHandler                          0x0800024b   Thumb Code     0  startup_stm32f407xx.o(.text)
    SPI1_IRQHandler                          0x0800024b   Thumb Code     0  startup_stm32f407xx.o(.text)
    SPI2_IRQHandler                          0x0800024b   Thumb Code     0  startup_stm32f407xx.o(.text)
    SPI3_IRQHandler                          0x0800024b   Thumb Code     0  startup_stm32f407xx.o(.text)
    TAMP_STAMP_IRQHandler                    0x0800024b   Thumb Code     0  startup_stm32f407xx.o(.text)
    TIM1_BRK_TIM9_IRQHandler                 0x0800024b   Thumb Code     0  startup_stm32f407xx.o(.text)
    TIM1_CC_IRQHandler                       0x0800024b   Thumb Code     0  startup_stm32f407xx.o(.text)
    TIM1_TRG_COM_TIM11_IRQHandler            0x0800024b   Thumb Code     0  startup_stm32f407xx.o(.text)
    TIM1_UP_TIM10_IRQHandler                 0x0800024b   Thumb Code     0  startup_stm32f407xx.o(.text)
    TIM2_IRQHandler                          0x0800024b   Thumb Code     0  startup_stm32f407xx.o(.text)
    TIM3_IRQHandler                          0x0800024b   Thumb Code     0  startup_stm32f407xx.o(.text)
    TIM4_IRQHandler                          0x0800024b   Thumb Code     0  startup_stm32f407xx.o(.text)
    TIM5_IRQHandler                          0x0800024b   Thumb Code     0  startup_stm32f407xx.o(.text)
    TIM6_DAC_IRQHandler                      0x0800024b   Thumb Code     0  startup_stm32f407xx.o(.text)
    TIM7_IRQHandler                          0x0800024b   Thumb Code     0  startup_stm32f407xx.o(.text)
    TIM8_BRK_TIM12_IRQHandler                0x0800024b   Thumb Code     0  startup_stm32f407xx.o(.text)
    TIM8_CC_IRQHandler                       0x0800024b   Thumb Code     0  startup_stm32f407xx.o(.text)
    TIM8_TRG_COM_TIM14_IRQHandler            0x0800024b   Thumb Code     0  startup_stm32f407xx.o(.text)
    TIM8_UP_TIM13_IRQHandler                 0x0800024b   Thumb Code     0  startup_stm32f407xx.o(.text)
    UART4_IRQHandler                         0x0800024b   Thumb Code     0  startup_stm32f407xx.o(.text)
    UART5_IRQHandler                         0x0800024b   Thumb Code     0  startup_stm32f407xx.o(.text)
    USART1_IRQHandler                        0x0800024b   Thumb Code     0  startup_stm32f407xx.o(.text)
    USART2_IRQHandler                        0x0800024b   Thumb Code     0  startup_stm32f407xx.o(.text)
    USART6_IRQHandler                        0x0800024b   Thumb Code     0  startup_stm32f407xx.o(.text)
    WWDG_IRQHandler                          0x0800024b   Thumb Code     0  startup_stm32f407xx.o(.text)
    __user_initial_stackheap                 0x0800024d   Thumb Code     0  startup_stm32f407xx.o(.text)
    malloc                                   0x08000271   Thumb Code    94  h1_alloc.o(.text)
    __aeabi_uldivmod                         0x080002cf   Thumb Code     0  lludivv7m.o(.text)
    _ll_udiv                                 0x080002cf   Thumb Code   238  lludivv7m.o(.text)
    __aeabi_ldivmod                          0x080003bd   Thumb Code     0  llsdiv.o(.text)
    _ll_sdiv                                 0x080003bd   Thumb Code    72  llsdiv.o(.text)
    __aeabi_memcpy4                          0x08000405   Thumb Code     0  rt_memcpy_w.o(.text)
    __aeabi_memcpy8                          0x08000405   Thumb Code     0  rt_memcpy_w.o(.text)
    __rt_memcpy_w                            0x08000405   Thumb Code   100  rt_memcpy_w.o(.text)
    _memcpy_lastbytes_aligned                0x0800044d   Thumb Code     0  rt_memcpy_w.o(.text)
    __aeabi_memclr4                          0x08000469   Thumb Code     0  rt_memclr_w.o(.text)
    __aeabi_memclr8                          0x08000469   Thumb Code     0  rt_memclr_w.o(.text)
    __rt_memclr_w                            0x08000469   Thumb Code    78  rt_memclr_w.o(.text)
    _memset_w                                0x0800046d   Thumb Code     0  rt_memclr_w.o(.text)
    __use_two_region_memory                  0x080004b7   Thumb Code     2  heapauxi.o(.text)
    __rt_heap_escrow                         0x080004b9   Thumb Code     2  heapauxi.o(.text)
    __rt_heap_expand                         0x080004bb   Thumb Code     2  heapauxi.o(.text)
    __rt_heap_descriptor                     0x080004bd   Thumb Code     8  rt_heap_descriptor_intlibspace.o(.text)
    __use_no_heap                            0x080004c5   Thumb Code     2  hguard.o(.text)
    __heap$guard                             0x080004c7   Thumb Code     2  hguard.o(.text)
    _terminate_user_alloc                    0x080004c9   Thumb Code     2  init_alloc.o(.text)
    _init_user_alloc                         0x080004cb   Thumb Code     2  init_alloc.o(.text)
    __Heap_Full                              0x080004cd   Thumb Code    34  init_alloc.o(.text)
    __Heap_Broken                            0x080004ef   Thumb Code     6  init_alloc.o(.text)
    _init_alloc                              0x080004f5   Thumb Code    94  init_alloc.o(.text)
    __Heap_Initialize                        0x08000553   Thumb Code    10  h1_init.o(.text)
    __Heap_DescSize                          0x0800055d   Thumb Code     4  h1_init.o(.text)
    free                                     0x08000561   Thumb Code    78  h1_free.o(.text)
    __user_libspace                          0x080005b1   Thumb Code     8  libspace.o(.text)
    __user_perproc_libspace                  0x080005b1   Thumb Code     0  libspace.o(.text)
    __user_perthread_libspace                0x080005b1   Thumb Code     0  libspace.o(.text)
    __Heap_ProvideMemory                     0x080005b9   Thumb Code    52  h1_extend.o(.text)
    __rt_SIGRTMEM                            0x080005ed   Thumb Code    14  defsig_rtmem_outer.o(.text)
    __I$use$semihosting                      0x080005fb   Thumb Code     0  use_no_semi.o(.text)
    __use_no_semihosting_swi                 0x080005fb   Thumb Code     2  use_no_semi.o(.text)
    __semihosting_library_function           0x080005fd   Thumb Code     0  indicate_semi.o(.text)
    __user_setup_stackheap                   0x080005fd   Thumb Code    74  sys_stackheap_outer.o(.text)
    exit                                     0x08000647   Thumb Code    12  exit.o(.text)
    __sig_exit                               0x08000653   Thumb Code    10  defsig_exit.o(.text)
    __rt_SIGRTMEM_inner                      0x0800065d   Thumb Code    22  defsig_rtmem_inner.o(.text)
    _sys_exit                                0x080006ad   Thumb Code     8  sys_exit.o(.text)
    __default_signal_display                 0x080006b9   Thumb Code    50  defsig_general.o(.text)
    _ttywrch                                 0x080006eb   Thumb Code    14  sys_wrch.o(.text)
    BusFault_Handler                         0x080006f9   Thumb Code     4  stm32f4xx_it.o(i.BusFault_Handler)
    CAN1_RX0_IRQHandler                      0x080006fd   Thumb Code    24  stm32f4xx_it.o(i.CAN1_RX0_IRQHandler)
    CAN1_RX1_IRQHandler                      0x08000721   Thumb Code    10  stm32f4xx_it.o(i.CAN1_RX1_IRQHandler)
    CAN2_RX0_IRQHandler                      0x08000731   Thumb Code    24  stm32f4xx_it.o(i.CAN2_RX0_IRQHandler)
    CAN2_RX1_IRQHandler                      0x08000755   Thumb Code    10  stm32f4xx_it.o(i.CAN2_RX1_IRQHandler)
    CAN_Config                               0x08000765   Thumb Code   106  can.o(i.CAN_Config)
    CAN_Send_Msg                             0x080007cf   Thumb Code    82  can.o(i.CAN_Send_Msg)
    CS25WQXX_Erase_Sector                    0x08000821   Thumb Code   106  cs25wq256.o(i.CS25WQXX_Erase_Sector)
    CS25WQXX_Init                            0x08000895   Thumb Code    84  cs25wq256.o(i.CS25WQXX_Init)
    CS25WQXX_Read                            0x080008f1   Thumb Code   116  cs25wq256.o(i.CS25WQXX_Read)
    CS25WQXX_ReadID                          0x0800096d   Thumb Code    88  cs25wq256.o(i.CS25WQXX_ReadID)
    CS25WQXX_ReadSR                          0x080009c9   Thumb Code    90  cs25wq256.o(i.CS25WQXX_ReadSR)
    CS25WQXX_Wait_Busy                       0x08000a29   Thumb Code    24  cs25wq256.o(i.CS25WQXX_Wait_Busy)
    CS25WQXX_Write                           0x08000a41   Thumb Code   188  cs25wq256.o(i.CS25WQXX_Write)
    CS25WQXX_Write_Enable                    0x08000b01   Thumb Code    36  cs25wq256.o(i.CS25WQXX_Write_Enable)
    CS25WQXX_Write_NoCheck                   0x08000b29   Thumb Code    74  cs25wq256.o(i.CS25WQXX_Write_NoCheck)
    CS25WQXX_Write_Page                      0x08000b75   Thumb Code   126  cs25wq256.o(i.CS25WQXX_Write_Page)
    DMA1_Stream1_IRQHandler                  0x08000bfd   Thumb Code    10  stm32f4xx_it.o(i.DMA1_Stream1_IRQHandler)
    DMA1_Stream3_IRQHandler                  0x08000c0d   Thumb Code    10  stm32f4xx_it.o(i.DMA1_Stream3_IRQHandler)
    DMA1_Stream4_IRQHandler                  0x08000c1d   Thumb Code    10  stm32f4xx_it.o(i.DMA1_Stream4_IRQHandler)
    DMA2_Stream0_IRQHandler                  0x08000c2d   Thumb Code    10  stm32f4xx_it.o(i.DMA2_Stream0_IRQHandler)
    DebugMon_Handler                         0x08000d1b   Thumb Code     2  stm32f4xx_it.o(i.DebugMon_Handler)
    Error_Handler                            0x08000d1d   Thumb Code     6  main.o(i.Error_Handler)
    HAL_CAN_ActivateNotification             0x08000d23   Thumb Code    42  stm32f4xx_hal_can.o(i.HAL_CAN_ActivateNotification)
    HAL_CAN_AddTxMessage                     0x08000d4d   Thumb Code   342  stm32f4xx_hal_can.o(i.HAL_CAN_AddTxMessage)
    HAL_CAN_ConfigFilter                     0x08000ea5   Thumb Code   286  stm32f4xx_hal_can.o(i.HAL_CAN_ConfigFilter)
    HAL_CAN_ErrorCallback                    0x08000fc9   Thumb Code     2  stm32f4xx_hal_can.o(i.HAL_CAN_ErrorCallback)
    HAL_CAN_GetRxMessage                     0x08000fcb   Thumb Code   378  stm32f4xx_hal_can.o(i.HAL_CAN_GetRxMessage)
    HAL_CAN_GetTxMailboxesFreeLevel          0x08001145   Thumb Code    54  stm32f4xx_hal_can.o(i.HAL_CAN_GetTxMailboxesFreeLevel)
    HAL_CAN_IRQHandler                       0x0800117b   Thumb Code   590  stm32f4xx_hal_can.o(i.HAL_CAN_IRQHandler)
    HAL_CAN_Init                             0x080013c9   Thumb Code   372  stm32f4xx_hal_can.o(i.HAL_CAN_Init)
    HAL_CAN_MspInit                          0x0800153d   Thumb Code   330  stm32f4xx_hal_msp.o(i.HAL_CAN_MspInit)
    HAL_CAN_RxFifo0FullCallback              0x0800169d   Thumb Code     2  stm32f4xx_hal_can.o(i.HAL_CAN_RxFifo0FullCallback)
    HAL_CAN_RxFifo0MsgPendingCallback        0x0800169f   Thumb Code     2  stm32f4xx_hal_can.o(i.HAL_CAN_RxFifo0MsgPendingCallback)
    HAL_CAN_RxFifo1FullCallback              0x080016a1   Thumb Code     2  stm32f4xx_hal_can.o(i.HAL_CAN_RxFifo1FullCallback)
    HAL_CAN_RxFifo1MsgPendingCallback        0x080016a3   Thumb Code     2  stm32f4xx_hal_can.o(i.HAL_CAN_RxFifo1MsgPendingCallback)
    HAL_CAN_SleepCallback                    0x080016a5   Thumb Code     2  stm32f4xx_hal_can.o(i.HAL_CAN_SleepCallback)
    HAL_CAN_Start                            0x080016a7   Thumb Code    94  stm32f4xx_hal_can.o(i.HAL_CAN_Start)
    HAL_CAN_TxMailbox0AbortCallback          0x08001705   Thumb Code     2  stm32f4xx_hal_can.o(i.HAL_CAN_TxMailbox0AbortCallback)
    HAL_CAN_TxMailbox0CompleteCallback       0x08001707   Thumb Code     2  stm32f4xx_hal_can.o(i.HAL_CAN_TxMailbox0CompleteCallback)
    HAL_CAN_TxMailbox1AbortCallback          0x08001709   Thumb Code     2  stm32f4xx_hal_can.o(i.HAL_CAN_TxMailbox1AbortCallback)
    HAL_CAN_TxMailbox1CompleteCallback       0x0800170b   Thumb Code     2  stm32f4xx_hal_can.o(i.HAL_CAN_TxMailbox1CompleteCallback)
    HAL_CAN_TxMailbox2AbortCallback          0x0800170d   Thumb Code     2  stm32f4xx_hal_can.o(i.HAL_CAN_TxMailbox2AbortCallback)
    HAL_CAN_TxMailbox2CompleteCallback       0x0800170f   Thumb Code     2  stm32f4xx_hal_can.o(i.HAL_CAN_TxMailbox2CompleteCallback)
    HAL_CAN_WakeUpFromRxMsgCallback          0x08001711   Thumb Code     2  stm32f4xx_hal_can.o(i.HAL_CAN_WakeUpFromRxMsgCallback)
    HAL_DMA_Abort                            0x08001713   Thumb Code   172  stm32f4xx_hal_dma.o(i.HAL_DMA_Abort)
    HAL_DMA_Abort_IT                         0x080017bf   Thumb Code    40  stm32f4xx_hal_dma.o(i.HAL_DMA_Abort_IT)
    HAL_DMA_IRQHandler                       0x080017e9   Thumb Code   570  stm32f4xx_hal_dma.o(i.HAL_DMA_IRQHandler)
    HAL_DMA_Init                             0x08001a29   Thumb Code   232  stm32f4xx_hal_dma.o(i.HAL_DMA_Init)
    HAL_GPIO_Init                            0x08001b15   Thumb Code   454  stm32f4xx_hal_gpio.o(i.HAL_GPIO_Init)
    HAL_GPIO_WritePin                        0x08001d09   Thumb Code    12  stm32f4xx_hal_gpio.o(i.HAL_GPIO_WritePin)
    HAL_GetTick                              0x08001d15   Thumb Code     6  stm32f4xx_hal.o(i.HAL_GetTick)
    HAL_IncTick                              0x08001d21   Thumb Code    16  stm32f4xx_hal.o(i.HAL_IncTick)
    HAL_Init                                 0x08001d39   Thumb Code    54  stm32f4xx_hal.o(i.HAL_Init)
    HAL_InitTick                             0x08001d75   Thumb Code    64  stm32f4xx_hal.o(i.HAL_InitTick)
    HAL_MspInit                              0x08001dc1   Thumb Code    68  stm32f4xx_hal_msp.o(i.HAL_MspInit)
    HAL_NVIC_EnableIRQ                       0x08001e09   Thumb Code    32  stm32f4xx_hal_cortex.o(i.HAL_NVIC_EnableIRQ)
    HAL_NVIC_SetPriority                     0x08001e29   Thumb Code   124  stm32f4xx_hal_cortex.o(i.HAL_NVIC_SetPriority)
    HAL_NVIC_SetPriorityGrouping             0x08001ea5   Thumb Code    32  stm32f4xx_hal_cortex.o(i.HAL_NVIC_SetPriorityGrouping)
    HAL_RCC_ClockConfig                      0x08001ecd   Thumb Code   368  stm32f4xx_hal_rcc.o(i.HAL_RCC_ClockConfig)
    HAL_RCC_GetHCLKFreq                      0x08002051   Thumb Code     6  stm32f4xx_hal_rcc.o(i.HAL_RCC_GetHCLKFreq)
    HAL_RCC_GetPCLK1Freq                     0x0800205d   Thumb Code    22  stm32f4xx_hal_rcc.o(i.HAL_RCC_GetPCLK1Freq)
    HAL_RCC_GetPCLK2Freq                     0x0800207d   Thumb Code    22  stm32f4xx_hal_rcc.o(i.HAL_RCC_GetPCLK2Freq)
    HAL_RCC_GetSysClockFreq                  0x0800209d   Thumb Code   162  stm32f4xx_hal_rcc.o(i.HAL_RCC_GetSysClockFreq)
    HAL_RCC_OscConfig                        0x0800214d   Thumb Code  1172  stm32f4xx_hal_rcc.o(i.HAL_RCC_OscConfig)
    HAL_SPI_Init                             0x080025e9   Thumb Code   200  stm32f4xx_hal_spi.o(i.HAL_SPI_Init)
    HAL_SPI_MspInit                          0x080026b1   Thumb Code   416  stm32f4xx_hal_msp.o(i.HAL_SPI_MspInit)
    HAL_SPI_Transmit                         0x08002879   Thumb Code   430  stm32f4xx_hal_spi.o(i.HAL_SPI_Transmit)
    HAL_SPI_TransmitReceive                  0x08002a27   Thumb Code   554  stm32f4xx_hal_spi.o(i.HAL_SPI_TransmitReceive)
    HAL_SYSTICK_Config                       0x08002c51   Thumb Code    52  stm32f4xx_hal_cortex.o(i.HAL_SYSTICK_Config)
    HAL_UARTEx_RxEventCallback               0x08002c85   Thumb Code     2  stm32f4xx_hal_uart.o(i.HAL_UARTEx_RxEventCallback)
    HAL_UART_ErrorCallback                   0x08002c87   Thumb Code     2  stm32f4xx_hal_uart.o(i.HAL_UART_ErrorCallback)
    HAL_UART_IRQHandler                      0x08002c89   Thumb Code   732  stm32f4xx_hal_uart.o(i.HAL_UART_IRQHandler)
    HAL_UART_Init                            0x08002f69   Thumb Code   114  stm32f4xx_hal_uart.o(i.HAL_UART_Init)
    HAL_UART_MspInit                         0x08002fdd   Thumb Code   286  stm32f4xx_hal_msp.o(i.HAL_UART_MspInit)
    HAL_UART_RxCpltCallback                  0x08003115   Thumb Code     2  stm32f4xx_hal_uart.o(i.HAL_UART_RxCpltCallback)
    HAL_UART_TxCpltCallback                  0x08003117   Thumb Code     2  stm32f4xx_hal_uart.o(i.HAL_UART_TxCpltCallback)
    HardFault_Handler                        0x08003119   Thumb Code     4  stm32f4xx_it.o(i.HardFault_Handler)
    MemManage_Handler                        0x0800340d   Thumb Code     4  stm32f4xx_it.o(i.MemManage_Handler)
    NMI_Handler                              0x08003411   Thumb Code     4  stm32f4xx_it.o(i.NMI_Handler)
    PendSV_Handler                           0x08003415   Thumb Code     2  stm32f4xx_it.o(i.PendSV_Handler)
    SPI1_ReadWriteByte                       0x08003417   Thumb Code    32  spi.o(i.SPI1_ReadWriteByte)
    SPI2_ReadWriteByte                       0x08003437   Thumb Code    32  spi.o(i.SPI2_ReadWriteByte)
    SVC_Handler                              0x0800359d   Thumb Code     2  stm32f4xx_it.o(i.SVC_Handler)
    SysTick_Handler                          0x0800359f   Thumb Code     8  stm32f4xx_it.o(i.SysTick_Handler)
    SystemClock_Config                       0x080035a9   Thumb Code   172  main.o(i.SystemClock_Config)
    SystemInit                               0x0800365d   Thumb Code    14  system_stm32f4xx.o(i.SystemInit)
    USART3_IRQHandler                        0x08003a95   Thumb Code    10  stm32f4xx_it.o(i.USART3_IRQHandler)
    UsageFault_Handler                       0x08003aa5   Thumb Code     4  stm32f4xx_it.o(i.UsageFault_Handler)
    ad9156_parameter_initialize              0x08003ae1   Thumb Code   466  main.o(i.ad9156_parameter_initialize)
    ad9517_frequency                         0x08003cd1   Thumb Code  1476  ad9517.o(i.ad9517_frequency)
    ad9517_power_mode                        0x08004299   Thumb Code   378  ad9517.o(i.ad9517_power_mode)
    ad9517_read                              0x08004419   Thumb Code   104  ad9517.o(i.ad9517_read)
    ad9517_setup                             0x08004481   Thumb Code    92  ad9517.o(i.ad9517_setup)
    ad9517_write                             0x080044e1   Thumb Code   112  ad9517.o(i.ad9517_write)
    dividers_checker                         0x08004551   Thumb Code    48  ad9517.o(i.dividers_checker)
    main                                     0x08004581   Thumb Code   336  main.o(i.main)
    _fp_init                                 0x08004711   Thumb Code    10  fpinit.o(x$fpl$fpinit)
    __fplib_config_fpu_vfp                   0x08004719   Thumb Code     0  fpinit.o(x$fpl$fpinit)
    __fplib_config_pureend_doubles           0x08004719   Thumb Code     0  fpinit.o(x$fpl$fpinit)
    TEXT_Buffer                              0x0800471c   Data          26  main.o(.constdata)
    AHBPrescTable                            0x08004750   Data          16  system_stm32f4xx.o(.constdata)
    APBPrescTable                            0x08004760   Data           8  system_stm32f4xx.o(.constdata)
    Region$$Table$$Base                      0x08004768   Number         0  anon$$obj.o(Region$$Table)
    Region$$Table$$Limit                     0x08004788   Number         0  anon$$obj.o(Region$$Table)
    CS25WQXX_TYPE                            0x20000000   Data           2  cs25wq256.o(.data)
    CAN1TxData                               0x20000008   Data           8  main.o(.data)
    CAN2TxData                               0x20000010   Data           8  main.o(.data)
    CAN1RxData                               0x20000018   Data           8  main.o(.data)
    CAN2RxData                               0x20000020   Data           8  main.o(.data)
    AD9516_1_DEV                             0x20000028   Data           4  main.o(.data)
    uwTick                                   0x20000038   Data           4  stm32f4xx_hal.o(.data)
    uwTickPrio                               0x2000003c   Data           4  stm32f4xx_hal.o(.data)
    uwTickFreq                               0x20000040   Data           1  stm32f4xx_hal.o(.data)
    SystemCoreClock                          0x20000044   Data           4  system_stm32f4xx.o(.data)
    CS25WQXX_BUFFER                          0x20000048   Data        4096  cs25wq256.o(.bss)
    hcan1                                    0x20001048   Data          40  main.o(.bss)
    hcan2                                    0x20001070   Data          40  main.o(.bss)
    hspi1                                    0x20001098   Data          88  main.o(.bss)
    hspi2                                    0x200010f0   Data          88  main.o(.bss)
    hdma_spi1_rx                             0x20001148   Data          96  main.o(.bss)
    hdma_spi2_rx                             0x200011a8   Data          96  main.o(.bss)
    huart3                                   0x20001208   Data          68  main.o(.bss)
    hdma_usart3_tx                           0x2000124c   Data          96  main.o(.bss)
    hdma_usart3_rx                           0x200012ac   Data          96  main.o(.bss)
    hnor1                                    0x2000130c   Data          80  main.o(.bss)
    CAN1TxHeader                             0x2000135c   Data          24  main.o(.bss)
    CAN2TxHeader                             0x20001374   Data          24  main.o(.bss)
    CAN1RxHeader                             0x2000138c   Data          28  main.o(.bss)
    CAN2RxHeader                             0x200013a8   Data          28  main.o(.bss)
    ad9516_param                             0x200013c4   Data          32  main.o(.bss)
    ad9516_pdata                             0x200013e8   Data          56  main.o(.bss)
    ad9516_lvpecl_channel                    0x20001420   Data         114  main.o(.bss)
    ad9516_lvds_channel                      0x20001492   Data          84  main.o(.bss)
    __libspace_start                         0x200014e8   Data          96  libspace.o(.bss)
    __temporary_stack_top$libspace           0x20001548   Data           0  libspace.o(.bss)



==============================================================================

Memory Map of the image

  Image Entry point : 0x08000189

  Load Region LR_IROM1 (Base: 0x08000000, Size: 0x000047d0, Max: 0x00100000, ABSOLUTE)

    Execution Region ER_IROM1 (Base: 0x08000000, Size: 0x00004788, Max: 0x00100000, ABSOLUTE)

    Base Addr    Size         Type   Attr      Idx    E Section Name        Object

    0x08000000   0x00000188   Data   RO            3    RESET               startup_stm32f407xx.o
    0x08000188   0x00000008   Code   RO         3316  * !!!main             c_w.l(__main.o)
    0x08000190   0x00000034   Code   RO         3532    !!!scatter          c_w.l(__scatter.o)
    0x080001c4   0x0000001a   Code   RO         3534    !!handler_copy      c_w.l(__scatter_copy.o)
    0x080001de   0x00000002   PAD
    0x080001e0   0x0000001c   Code   RO         3536    !!handler_zi        c_w.l(__scatter_zi.o)
    0x080001fc   0x00000002   Code   RO         3472    .ARM.Collect$$libinit$$00000000  c_w.l(libinit.o)
    0x080001fe   0x00000004   Code   RO         3358    .ARM.Collect$$libinit$$00000001  c_w.l(libinit2.o)
    0x08000202   0x00000000   Code   RO         3361    .ARM.Collect$$libinit$$00000004  c_w.l(libinit2.o)
    0x08000202   0x00000008   Code   RO         3362    .ARM.Collect$$libinit$$00000005  c_w.l(libinit2.o)
    0x0800020a   0x00000000   Code   RO         3364    .ARM.Collect$$libinit$$0000000A  c_w.l(libinit2.o)
    0x0800020a   0x00000000   Code   RO         3366    .ARM.Collect$$libinit$$0000000C  c_w.l(libinit2.o)
    0x0800020a   0x00000000   Code   RO         3368    .ARM.Collect$$libinit$$0000000E  c_w.l(libinit2.o)
    0x0800020a   0x00000000   Code   RO         3371    .ARM.Collect$$libinit$$00000011  c_w.l(libinit2.o)
    0x0800020a   0x00000000   Code   RO         3373    .ARM.Collect$$libinit$$00000013  c_w.l(libinit2.o)
    0x0800020a   0x00000000   Code   RO         3375    .ARM.Collect$$libinit$$00000015  c_w.l(libinit2.o)
    0x0800020a   0x00000000   Code   RO         3377    .ARM.Collect$$libinit$$00000017  c_w.l(libinit2.o)
    0x0800020a   0x00000000   Code   RO         3379    .ARM.Collect$$libinit$$00000019  c_w.l(libinit2.o)
    0x0800020a   0x00000000   Code   RO         3381    .ARM.Collect$$libinit$$0000001B  c_w.l(libinit2.o)
    0x0800020a   0x00000000   Code   RO         3383    .ARM.Collect$$libinit$$0000001D  c_w.l(libinit2.o)
    0x0800020a   0x00000000   Code   RO         3385    .ARM.Collect$$libinit$$0000001F  c_w.l(libinit2.o)
    0x0800020a   0x00000000   Code   RO         3387    .ARM.Collect$$libinit$$00000021  c_w.l(libinit2.o)
    0x0800020a   0x00000000   Code   RO         3389    .ARM.Collect$$libinit$$00000023  c_w.l(libinit2.o)
    0x0800020a   0x00000000   Code   RO         3391    .ARM.Collect$$libinit$$00000025  c_w.l(libinit2.o)
    0x0800020a   0x00000000   Code   RO         3395    .ARM.Collect$$libinit$$0000002C  c_w.l(libinit2.o)
    0x0800020a   0x00000000   Code   RO         3397    .ARM.Collect$$libinit$$0000002E  c_w.l(libinit2.o)
    0x0800020a   0x00000000   Code   RO         3399    .ARM.Collect$$libinit$$00000030  c_w.l(libinit2.o)
    0x0800020a   0x00000000   Code   RO         3401    .ARM.Collect$$libinit$$00000032  c_w.l(libinit2.o)
    0x0800020a   0x00000002   Code   RO         3402    .ARM.Collect$$libinit$$00000033  c_w.l(libinit2.o)
    0x0800020c   0x00000002   Code   RO         3529    .ARM.Collect$$libshutdown$$00000000  c_w.l(libshutdown.o)
    0x0800020e   0x00000000   Code   RO         3489    .ARM.Collect$$libshutdown$$00000003  c_w.l(libshutdown2.o)
    0x0800020e   0x00000000   Code   RO         3492    .ARM.Collect$$libshutdown$$00000006  c_w.l(libshutdown2.o)
    0x0800020e   0x00000000   Code   RO         3495    .ARM.Collect$$libshutdown$$00000009  c_w.l(libshutdown2.o)
    0x0800020e   0x00000000   Code   RO         3497    .ARM.Collect$$libshutdown$$0000000B  c_w.l(libshutdown2.o)
    0x0800020e   0x00000000   Code   RO         3500    .ARM.Collect$$libshutdown$$0000000E  c_w.l(libshutdown2.o)
    0x0800020e   0x00000002   Code   RO         3501    .ARM.Collect$$libshutdown$$0000000F  c_w.l(libshutdown2.o)
    0x08000210   0x00000000   Code   RO         3320    .ARM.Collect$$rtentry$$00000000  c_w.l(__rtentry.o)
    0x08000210   0x00000000   Code   RO         3409    .ARM.Collect$$rtentry$$00000002  c_w.l(__rtentry2.o)
    0x08000210   0x00000006   Code   RO         3421    .ARM.Collect$$rtentry$$00000004  c_w.l(__rtentry4.o)
    0x08000216   0x00000000   Code   RO         3411    .ARM.Collect$$rtentry$$00000009  c_w.l(__rtentry2.o)
    0x08000216   0x00000004   Code   RO         3412    .ARM.Collect$$rtentry$$0000000A  c_w.l(__rtentry2.o)
    0x0800021a   0x00000000   Code   RO         3414    .ARM.Collect$$rtentry$$0000000C  c_w.l(__rtentry2.o)
    0x0800021a   0x00000008   Code   RO         3415    .ARM.Collect$$rtentry$$0000000D  c_w.l(__rtentry2.o)
    0x08000222   0x00000002   Code   RO         3475    .ARM.Collect$$rtexit$$00000000  c_w.l(rtexit.o)
    0x08000224   0x00000000   Code   RO         3505    .ARM.Collect$$rtexit$$00000002  c_w.l(rtexit2.o)
    0x08000224   0x00000004   Code   RO         3506    .ARM.Collect$$rtexit$$00000003  c_w.l(rtexit2.o)
    0x08000228   0x00000006   Code   RO         3507    .ARM.Collect$$rtexit$$00000004  c_w.l(rtexit2.o)
    0x0800022e   0x00000002   PAD
    0x08000230   0x00000000   Code   RO         3427    .emb_text           c_w.l(maybetermalloc1.o)
    0x08000230   0x00000040   Code   RO            4    .text               startup_stm32f407xx.o
    0x08000270   0x0000005e   Code   RO         3252    .text               c_w.l(h1_alloc.o)
    0x080002ce   0x000000ee   Code   RO         3306    .text               c_w.l(lludivv7m.o)
    0x080003bc   0x00000048   Code   RO         3308    .text               c_w.l(llsdiv.o)
    0x08000404   0x00000064   Code   RO         3310    .text               c_w.l(rt_memcpy_w.o)
    0x08000468   0x0000004e   Code   RO         3312    .text               c_w.l(rt_memclr_w.o)
    0x080004b6   0x00000006   Code   RO         3314    .text               c_w.l(heapauxi.o)
    0x080004bc   0x00000008   Code   RO         3328    .text               c_w.l(rt_heap_descriptor_intlibspace.o)
    0x080004c4   0x00000004   Code   RO         3330    .text               c_w.l(hguard.o)
    0x080004c8   0x0000008a   Code   RO         3332    .text               c_w.l(init_alloc.o)
    0x08000552   0x0000000e   Code   RO         3338    .text               c_w.l(h1_init.o)
    0x08000560   0x0000004e   Code   RO         3340    .text               c_w.l(h1_free.o)
    0x080005ae   0x00000002   PAD
    0x080005b0   0x00000008   Code   RO         3405    .text               c_w.l(libspace.o)
    0x080005b8   0x00000034   Code   RO         3429    .text               c_w.l(h1_extend.o)
    0x080005ec   0x0000000e   Code   RO         3433    .text               c_w.l(defsig_rtmem_outer.o)
    0x080005fa   0x00000002   Code   RO         3444    .text               c_w.l(use_no_semi.o)
    0x080005fc   0x00000000   Code   RO         3446    .text               c_w.l(indicate_semi.o)
    0x080005fc   0x0000004a   Code   RO         3447    .text               c_w.l(sys_stackheap_outer.o)
    0x08000646   0x0000000c   Code   RO         3453    .text               c_w.l(exit.o)
    0x08000652   0x0000000a   Code   RO         3455    .text               c_w.l(defsig_exit.o)
    0x0800065c   0x00000050   Code   RO         3461    .text               c_w.l(defsig_rtmem_inner.o)
    0x080006ac   0x0000000c   Code   RO         3473    .text               c_w.l(sys_exit.o)
    0x080006b8   0x00000032   Code   RO         3483    .text               c_w.l(defsig_general.o)
    0x080006ea   0x0000000e   Code   RO         3502    .text               c_w.l(sys_wrch.o)
    0x080006f8   0x00000004   Code   RO          604    i.BusFault_Handler  stm32f4xx_it.o
    0x080006fc   0x00000024   Code   RO          605    i.CAN1_RX0_IRQHandler  stm32f4xx_it.o
    0x08000720   0x00000010   Code   RO          606    i.CAN1_RX1_IRQHandler  stm32f4xx_it.o
    0x08000730   0x00000024   Code   RO          607    i.CAN2_RX0_IRQHandler  stm32f4xx_it.o
    0x08000754   0x00000010   Code   RO          608    i.CAN2_RX1_IRQHandler  stm32f4xx_it.o
    0x08000764   0x0000006a   Code   RO           13    i.CAN_Config        can.o
    0x080007ce   0x00000052   Code   RO           14    i.CAN_Send_Msg      can.o
    0x08000820   0x00000074   Code   RO          150    i.CS25WQXX_Erase_Sector  cs25wq256.o
    0x08000894   0x0000005c   Code   RO          151    i.CS25WQXX_Init     cs25wq256.o
    0x080008f0   0x0000007c   Code   RO          153    i.CS25WQXX_Read     cs25wq256.o
    0x0800096c   0x0000005c   Code   RO          154    i.CS25WQXX_ReadID   cs25wq256.o
    0x080009c8   0x00000060   Code   RO          155    i.CS25WQXX_ReadSR   cs25wq256.o
    0x08000a28   0x00000018   Code   RO          157    i.CS25WQXX_Wait_Busy  cs25wq256.o
    0x08000a40   0x000000c0   Code   RO          158    i.CS25WQXX_Write    cs25wq256.o
    0x08000b00   0x00000028   Code   RO          160    i.CS25WQXX_Write_Enable  cs25wq256.o
    0x08000b28   0x0000004a   Code   RO          161    i.CS25WQXX_Write_NoCheck  cs25wq256.o
    0x08000b72   0x00000002   PAD
    0x08000b74   0x00000088   Code   RO          162    i.CS25WQXX_Write_Page  cs25wq256.o
    0x08000bfc   0x00000010   Code   RO          609    i.DMA1_Stream1_IRQHandler  stm32f4xx_it.o
    0x08000c0c   0x00000010   Code   RO          610    i.DMA1_Stream3_IRQHandler  stm32f4xx_it.o
    0x08000c1c   0x00000010   Code   RO          611    i.DMA1_Stream4_IRQHandler  stm32f4xx_it.o
    0x08000c2c   0x00000010   Code   RO          612    i.DMA2_Stream0_IRQHandler  stm32f4xx_it.o
    0x08000c3c   0x00000034   Code   RO         1557    i.DMA_CalcBaseAndBitshift  stm32f4xx_hal_dma.o
    0x08000c70   0x000000aa   Code   RO         1558    i.DMA_CheckFifoParam  stm32f4xx_hal_dma.o
    0x08000d1a   0x00000002   Code   RO          613    i.DebugMon_Handler  stm32f4xx_it.o
    0x08000d1c   0x00000006   Code   RO          493    i.Error_Handler     main.o
    0x08000d22   0x0000002a   Code   RO          820    i.HAL_CAN_ActivateNotification  stm32f4xx_hal_can.o
    0x08000d4c   0x00000156   Code   RO          821    i.HAL_CAN_AddTxMessage  stm32f4xx_hal_can.o
    0x08000ea2   0x00000002   PAD
    0x08000ea4   0x00000124   Code   RO          822    i.HAL_CAN_ConfigFilter  stm32f4xx_hal_can.o
    0x08000fc8   0x00000002   Code   RO          825    i.HAL_CAN_ErrorCallback  stm32f4xx_hal_can.o
    0x08000fca   0x0000017a   Code   RO          828    i.HAL_CAN_GetRxMessage  stm32f4xx_hal_can.o
    0x08001144   0x00000036   Code   RO          830    i.HAL_CAN_GetTxMailboxesFreeLevel  stm32f4xx_hal_can.o
    0x0800117a   0x0000024e   Code   RO          832    i.HAL_CAN_IRQHandler  stm32f4xx_hal_can.o
    0x080013c8   0x00000174   Code   RO          833    i.HAL_CAN_Init      stm32f4xx_hal_can.o
    0x0800153c   0x00000160   Code   RO          735    i.HAL_CAN_MspInit   stm32f4xx_hal_msp.o
    0x0800169c   0x00000002   Code   RO          840    i.HAL_CAN_RxFifo0FullCallback  stm32f4xx_hal_can.o
    0x0800169e   0x00000002   Code   RO          841    i.HAL_CAN_RxFifo0MsgPendingCallback  stm32f4xx_hal_can.o
    0x080016a0   0x00000002   Code   RO          842    i.HAL_CAN_RxFifo1FullCallback  stm32f4xx_hal_can.o
    0x080016a2   0x00000002   Code   RO          843    i.HAL_CAN_RxFifo1MsgPendingCallback  stm32f4xx_hal_can.o
    0x080016a4   0x00000002   Code   RO          844    i.HAL_CAN_SleepCallback  stm32f4xx_hal_can.o
    0x080016a6   0x0000005e   Code   RO          845    i.HAL_CAN_Start     stm32f4xx_hal_can.o
    0x08001704   0x00000002   Code   RO          847    i.HAL_CAN_TxMailbox0AbortCallback  stm32f4xx_hal_can.o
    0x08001706   0x00000002   Code   RO          848    i.HAL_CAN_TxMailbox0CompleteCallback  stm32f4xx_hal_can.o
    0x08001708   0x00000002   Code   RO          849    i.HAL_CAN_TxMailbox1AbortCallback  stm32f4xx_hal_can.o
    0x0800170a   0x00000002   Code   RO          850    i.HAL_CAN_TxMailbox1CompleteCallback  stm32f4xx_hal_can.o
    0x0800170c   0x00000002   Code   RO          851    i.HAL_CAN_TxMailbox2AbortCallback  stm32f4xx_hal_can.o
    0x0800170e   0x00000002   Code   RO          852    i.HAL_CAN_TxMailbox2CompleteCallback  stm32f4xx_hal_can.o
    0x08001710   0x00000002   Code   RO          854    i.HAL_CAN_WakeUpFromRxMsgCallback  stm32f4xx_hal_can.o
    0x08001712   0x000000ac   Code   RO         1560    i.HAL_DMA_Abort     stm32f4xx_hal_dma.o
    0x080017be   0x00000028   Code   RO         1561    i.HAL_DMA_Abort_IT  stm32f4xx_hal_dma.o
    0x080017e6   0x00000002   PAD
    0x080017e8   0x00000240   Code   RO         1565    i.HAL_DMA_IRQHandler  stm32f4xx_hal_dma.o
    0x08001a28   0x000000ec   Code   RO         1566    i.HAL_DMA_Init      stm32f4xx_hal_dma.o
    0x08001b14   0x000001f4   Code   RO         1453    i.HAL_GPIO_Init     stm32f4xx_hal_gpio.o
    0x08001d08   0x0000000c   Code   RO         1457    i.HAL_GPIO_WritePin  stm32f4xx_hal_gpio.o
    0x08001d14   0x0000000c   Code   RO         1990    i.HAL_GetTick       stm32f4xx_hal.o
    0x08001d20   0x00000018   Code   RO         1996    i.HAL_IncTick       stm32f4xx_hal.o
    0x08001d38   0x0000003c   Code   RO         1997    i.HAL_Init          stm32f4xx_hal.o
    0x08001d74   0x0000004c   Code   RO         1998    i.HAL_InitTick      stm32f4xx_hal.o
    0x08001dc0   0x00000048   Code   RO          738    i.HAL_MspInit       stm32f4xx_hal_msp.o
    0x08001e08   0x00000020   Code   RO         1842    i.HAL_NVIC_EnableIRQ  stm32f4xx_hal_cortex.o
    0x08001e28   0x0000007c   Code   RO         1848    i.HAL_NVIC_SetPriority  stm32f4xx_hal_cortex.o
    0x08001ea4   0x00000028   Code   RO         1849    i.HAL_NVIC_SetPriorityGrouping  stm32f4xx_hal_cortex.o
    0x08001ecc   0x00000184   Code   RO         1054    i.HAL_RCC_ClockConfig  stm32f4xx_hal_rcc.o
    0x08002050   0x0000000c   Code   RO         1059    i.HAL_RCC_GetHCLKFreq  stm32f4xx_hal_rcc.o
    0x0800205c   0x00000020   Code   RO         1061    i.HAL_RCC_GetPCLK1Freq  stm32f4xx_hal_rcc.o
    0x0800207c   0x00000020   Code   RO         1062    i.HAL_RCC_GetPCLK2Freq  stm32f4xx_hal_rcc.o
    0x0800209c   0x000000b0   Code   RO         1063    i.HAL_RCC_GetSysClockFreq  stm32f4xx_hal_rcc.o
    0x0800214c   0x0000049c   Code   RO         1066    i.HAL_RCC_OscConfig  stm32f4xx_hal_rcc.o
    0x080025e8   0x000000c8   Code   RO         2500    i.HAL_SPI_Init      stm32f4xx_hal_spi.o
    0x080026b0   0x000001c8   Code   RO          742    i.HAL_SPI_MspInit   stm32f4xx_hal_msp.o
    0x08002878   0x000001ae   Code   RO         2508    i.HAL_SPI_Transmit  stm32f4xx_hal_spi.o
    0x08002a26   0x0000022a   Code   RO         2509    i.HAL_SPI_TransmitReceive  stm32f4xx_hal_spi.o
    0x08002c50   0x00000034   Code   RO         1853    i.HAL_SYSTICK_Config  stm32f4xx_hal_cortex.o
    0x08002c84   0x00000002   Code   RO         2858    i.HAL_UARTEx_RxEventCallback  stm32f4xx_hal_uart.o
    0x08002c86   0x00000002   Code   RO         2872    i.HAL_UART_ErrorCallback  stm32f4xx_hal_uart.o
    0x08002c88   0x000002e0   Code   RO         2875    i.HAL_UART_IRQHandler  stm32f4xx_hal_uart.o
    0x08002f68   0x00000072   Code   RO         2876    i.HAL_UART_Init     stm32f4xx_hal_uart.o
    0x08002fda   0x00000002   PAD
    0x08002fdc   0x00000138   Code   RO          744    i.HAL_UART_MspInit  stm32f4xx_hal_msp.o
    0x08003114   0x00000002   Code   RO         2882    i.HAL_UART_RxCpltCallback  stm32f4xx_hal_uart.o
    0x08003116   0x00000002   Code   RO         2887    i.HAL_UART_TxCpltCallback  stm32f4xx_hal_uart.o
    0x08003118   0x00000004   Code   RO          614    i.HardFault_Handler  stm32f4xx_it.o
    0x0800311c   0x00000044   Code   RO          494    i.MX_CAN1_Init      main.o
    0x08003160   0x00000044   Code   RO          495    i.MX_CAN2_Init      main.o
    0x080031a4   0x00000068   Code   RO          496    i.MX_DMA_Init       main.o
    0x0800320c   0x000000f4   Code   RO          498    i.MX_GPIO_Init      main.o
    0x08003300   0x00000044   Code   RO          499    i.MX_NVIC_Init      main.o
    0x08003344   0x00000048   Code   RO          500    i.MX_SPI1_Init      main.o
    0x0800338c   0x00000048   Code   RO          501    i.MX_SPI2_Init      main.o
    0x080033d4   0x00000038   Code   RO          502    i.MX_USART3_UART_Init  main.o
    0x0800340c   0x00000004   Code   RO          615    i.MemManage_Handler  stm32f4xx_it.o
    0x08003410   0x00000004   Code   RO          616    i.NMI_Handler       stm32f4xx_it.o
    0x08003414   0x00000002   Code   RO          617    i.PendSV_Handler    stm32f4xx_it.o
    0x08003416   0x00000020   Code   RO          276    i.SPI1_ReadWriteByte  spi.o
    0x08003436   0x00000020   Code   RO          277    i.SPI2_ReadWriteByte  spi.o
    0x08003456   0x00000002   PAD
    0x08003458   0x0000006c   Code   RO         2538    i.SPI_EndRxTxTransaction  stm32f4xx_hal_spi.o
    0x080034c4   0x000000d8   Code   RO         2543    i.SPI_WaitFlagStateUntilTimeout  stm32f4xx_hal_spi.o
    0x0800359c   0x00000002   Code   RO          618    i.SVC_Handler       stm32f4xx_it.o
    0x0800359e   0x00000008   Code   RO          619    i.SysTick_Handler   stm32f4xx_it.o
    0x080035a6   0x00000002   PAD
    0x080035a8   0x000000b4   Code   RO          503    i.SystemClock_Config  main.o
    0x0800365c   0x00000014   Code   RO         3215    i.SystemInit        system_stm32f4xx.o
    0x08003670   0x00000014   Code   RO         2889    i.UART_DMAAbortOnError  stm32f4xx_hal_uart.o
    0x08003684   0x0000006c   Code   RO         2899    i.UART_EndRxTransfer  stm32f4xx_hal_uart.o
    0x080036f0   0x00000020   Code   RO         2900    i.UART_EndTransmit_IT  stm32f4xx_hal_uart.o
    0x08003710   0x000000f8   Code   RO         2902    i.UART_Receive_IT   stm32f4xx_hal_uart.o
    0x08003808   0x0000022c   Code   RO         2903    i.UART_SetConfig    stm32f4xx_hal_uart.o
    0x08003a34   0x00000060   Code   RO         2906    i.UART_Transmit_IT  stm32f4xx_hal_uart.o
    0x08003a94   0x00000010   Code   RO          620    i.USART3_IRQHandler  stm32f4xx_it.o
    0x08003aa4   0x00000004   Code   RO          621    i.UsageFault_Handler  stm32f4xx_it.o
    0x08003aa8   0x00000010   Code   RO         1855    i.__NVIC_GetPriorityGrouping  stm32f4xx_hal_cortex.o
    0x08003ab8   0x00000028   Code   RO         1856    i.__NVIC_SetPriority  stm32f4xx_hal_cortex.o
    0x08003ae0   0x000001f0   Code   RO          504    i.ad9156_parameter_initialize  main.o
    0x08003cd0   0x000005c8   Code   RO          309    i.ad9517_frequency  ad9517.o
    0x08004298   0x00000180   Code   RO          311    i.ad9517_power_mode  ad9517.o
    0x08004418   0x00000068   Code   RO          312    i.ad9517_read       ad9517.o
    0x08004480   0x00000060   Code   RO          313    i.ad9517_setup      ad9517.o
    0x080044e0   0x00000070   Code   RO          316    i.ad9517_write      ad9517.o
    0x08004550   0x00000030   Code   RO          317    i.dividers_checker  ad9517.o
    0x08004580   0x00000190   Code   RO          505    i.main              main.o
    0x08004710   0x0000000a   Code   RO         3442    x$fpl$fpinit        fz_wm.l(fpinit.o)
    0x0800471a   0x00000002   PAD
    0x0800471c   0x0000002c   Data   RO          507    .constdata          main.o
    0x08004748   0x00000008   Data   RO         1572    .constdata          stm32f4xx_hal_dma.o
    0x08004750   0x00000018   Data   RO         3216    .constdata          system_stm32f4xx.o
    0x08004768   0x00000020   Data   RO         3530    Region$$Table       anon$$obj.o


    Execution Region RW_IRAM1 (Base: 0x20000000, Size: 0x00001b48, Max: 0x0001c000, ABSOLUTE)

    Base Addr    Size         Type   Attr      Idx    E Section Name        Object

    0x20000000   0x00000008   Data   RW          166    .data               cs25wq256.o
    0x20000008   0x00000024   Data   RW          508    .data               main.o
    0x2000002c   0x0000000c   Data   RW          745    .data               stm32f4xx_hal_msp.o
    0x20000038   0x00000009   Data   RW         2004    .data               stm32f4xx_hal.o
    0x20000041   0x00000003   PAD
    0x20000044   0x00000004   Data   RW         3217    .data               system_stm32f4xx.o
    0x20000048   0x00001000   Zero   RW          165    .bss                cs25wq256.o
    0x20001048   0x0000049e   Zero   RW          506    .bss                main.o
    0x200014e6   0x00000002   PAD
    0x200014e8   0x00000060   Zero   RW         3406    .bss                c_w.l(libspace.o)
    0x20001548   0x00000200   Zero   RW            2    HEAP                startup_stm32f407xx.o
    0x20001748   0x00000400   Zero   RW            1    STACK               startup_stm32f407xx.o


    Execution Region RW_IRAM2 (Base: 0x2001c000, Size: 0x00000000, Max: 0x00004000, ABSOLUTE)

    **** No section assigned to this execution region ****


==============================================================================

Image component sizes


      Code (inc. data)   RO Data    RW Data    ZI Data      Debug   Object Name

      2224         40          0          0          0      18190   ad9517.o
       188          0          0          0          0     694624   can.o
       986         54          0          8       4096       7589   cs25wq256.o
         0          0          0          0          0       2472   delay.o
      1834        168         44         36       1182      20038   main.o
        64          0          0          0          0       1570   spi.o
        64         26        392          0       1536        860   startup_stm32f407xx.o
       172         32          0          9          0       8845   stm32f4xx_hal.o
      2190          6          0          0          0      15817   stm32f4xx_hal_can.o
       304         22          0          0          0      34499   stm32f4xx_hal_cortex.o
      1246         16          8          0          0       5399   stm32f4xx_hal_dma.o
       512         46          0          0          0       2136   stm32f4xx_hal_gpio.o
      1192         92          0         12          0       4151   stm32f4xx_hal_msp.o
      1820         84          0          0          0       5684   stm32f4xx_hal_rcc.o
      1508         14          0          0          0       5856   stm32f4xx_hal_spi.o
      1918         14          0          0          0       9652   stm32f4xx_hal_uart.o
       218         66          0          0          0       9042   stm32f4xx_it.o
        20          6         24          4          0       1175   system_stm32f4xx.o

    ----------------------------------------------------------------------
     16472        686        500         72       6816     847599   Object Totals
         0          0         32          0          0          0   (incl. Generated)
        12          0          0          3          2          0   (incl. Padding)

    ----------------------------------------------------------------------

      Code (inc. data)   RO Data    RW Data    ZI Data      Debug   Library Member Name

         8          0          0          0          0         68   __main.o
         0          0          0          0          0          0   __rtentry.o
        12          0          0          0          0          0   __rtentry2.o
         6          0          0          0          0          0   __rtentry4.o
        52          8          0          0          0          0   __scatter.o
        26          0          0          0          0          0   __scatter_copy.o
        28          0          0          0          0          0   __scatter_zi.o
        10          0          0          0          0         68   defsig_exit.o
        50          0          0          0          0         88   defsig_general.o
        80         58          0          0          0         76   defsig_rtmem_inner.o
        14          0          0          0          0         80   defsig_rtmem_outer.o
        12          0          0          0          0         72   exit.o
        94          0          0          0          0         80   h1_alloc.o
        52          0          0          0          0         68   h1_extend.o
        78          0          0          0          0         80   h1_free.o
        14          0          0          0          0         84   h1_init.o
         6          0          0          0          0        152   heapauxi.o
         4          0          0          0          0        136   hguard.o
         0          0          0          0          0          0   indicate_semi.o
       138          0          0          0          0        168   init_alloc.o
         2          0          0          0          0          0   libinit.o
        14          0          0          0          0          0   libinit2.o
         2          0          0          0          0          0   libshutdown.o
         2          0          0          0          0          0   libshutdown2.o
         8          4          0          0         96         68   libspace.o
        72          0          0          0          0         76   llsdiv.o
       238          0          0          0          0        100   lludivv7m.o
         0          0          0          0          0          0   maybetermalloc1.o
         8          4          0          0          0         68   rt_heap_descriptor_intlibspace.o
        78          0          0          0          0         80   rt_memclr_w.o
       100          0          0          0          0         80   rt_memcpy_w.o
         2          0          0          0          0          0   rtexit.o
        10          0          0          0          0          0   rtexit2.o
        12          4          0          0          0         68   sys_exit.o
        74          0          0          0          0         80   sys_stackheap_outer.o
        14          0          0          0          0         76   sys_wrch.o
         2          0          0          0          0         68   use_no_semi.o
        10          0          0          0          0        116   fpinit.o

    ----------------------------------------------------------------------
      1340         78          0          0         96       2100   Library Totals
         8          0          0          0          0          0   (incl. Padding)

    ----------------------------------------------------------------------

      Code (inc. data)   RO Data    RW Data    ZI Data      Debug   Library Name

      1322         78          0          0         96       1984   c_w.l
        10          0          0          0          0        116   fz_wm.l

    ----------------------------------------------------------------------
      1340         78          0          0         96       2100   Library Totals

    ----------------------------------------------------------------------

==============================================================================


      Code (inc. data)   RO Data    RW Data    ZI Data      Debug   

     17812        764        500         72       6912     837659   Grand Totals
     17812        764        500         72       6912     837659   ELF Image Totals
     17812        764        500         72          0          0   ROM Totals

==============================================================================

    Total RO  Size (Code + RO Data)                18312 (  17.88kB)
    Total RW  Size (RW Data + ZI Data)              6984 (   6.82kB)
    Total ROM Size (Code + RO Data + RW Data)      18384 (  17.95kB)

==============================================================================

