Component: ARM Compiler 5.05 update 1 (build 106) Tool: armlink [4d0efa]

==============================================================================

Section Cross References

    startup_stm32f407xx.o(RESET) refers to startup_stm32f407xx.o(STACK) for __initial_sp
    startup_stm32f407xx.o(RESET) refers to startup_stm32f407xx.o(.text) for Reset_Handler
    startup_stm32f407xx.o(RESET) refers to stm32f4xx_it.o(i.NMI_Handler) for NMI_Handler
    startup_stm32f407xx.o(RESET) refers to stm32f4xx_it.o(i.HardFault_Handler) for HardFault_Handler
    startup_stm32f407xx.o(RESET) refers to stm32f4xx_it.o(i.MemManage_Handler) for MemManage_Handler
    startup_stm32f407xx.o(RESET) refers to stm32f4xx_it.o(i.BusFault_Handler) for BusFault_Handler
    startup_stm32f407xx.o(RESET) refers to stm32f4xx_it.o(i.UsageFault_Handler) for UsageFault_Handler
    startup_stm32f407xx.o(RESET) refers to stm32f4xx_it.o(i.SVC_Handler) for SVC_Handler
    startup_stm32f407xx.o(RESET) refers to stm32f4xx_it.o(i.DebugMon_Handler) for DebugMon_Handler
    startup_stm32f407xx.o(RESET) refers to stm32f4xx_it.o(i.PendSV_Handler) for PendSV_Handler
    startup_stm32f407xx.o(RESET) refers to stm32f4xx_it.o(i.SysTick_Handler) for SysTick_Handler
    startup_stm32f407xx.o(RESET) refers to stm32f4xx_it.o(i.RCC_IRQHandler) for RCC_IRQHandler
    startup_stm32f407xx.o(RESET) refers to stm32f4xx_it.o(i.DMA1_Stream1_IRQHandler) for DMA1_Stream1_IRQHandler
    startup_stm32f407xx.o(RESET) refers to stm32f4xx_it.o(i.DMA1_Stream3_IRQHandler) for DMA1_Stream3_IRQHandler
    startup_stm32f407xx.o(RESET) refers to stm32f4xx_it.o(i.DMA1_Stream4_IRQHandler) for DMA1_Stream4_IRQHandler
    startup_stm32f407xx.o(RESET) refers to stm32f4xx_it.o(i.CAN1_RX0_IRQHandler) for CAN1_RX0_IRQHandler
    startup_stm32f407xx.o(RESET) refers to stm32f4xx_it.o(i.USART3_IRQHandler) for USART3_IRQHandler
    startup_stm32f407xx.o(RESET) refers to stm32f4xx_it.o(i.EXTI15_10_IRQHandler) for EXTI15_10_IRQHandler
    startup_stm32f407xx.o(RESET) refers to stm32f4xx_it.o(i.DMA2_Stream0_IRQHandler) for DMA2_Stream0_IRQHandler
    startup_stm32f407xx.o(RESET) refers to stm32f4xx_it.o(i.CAN2_RX1_IRQHandler) for CAN2_RX1_IRQHandler
    startup_stm32f407xx.o(.text) refers to system_stm32f4xx.o(i.SystemInit) for SystemInit
    startup_stm32f407xx.o(.text) refers to entry.o(.ARM.Collect$$$$00000000) for __main
    can.o(i.CAN1_Config) refers to stm32f4xx_hal_can.o(i.HAL_CAN_ConfigFilter) for HAL_CAN_ConfigFilter
    can.o(i.CAN1_Config) refers to stm32f4xx_hal_can.o(i.HAL_CAN_Start) for HAL_CAN_Start
    can.o(i.CAN1_Config) refers to stm32f4xx_hal_can.o(i.HAL_CAN_ActivateNotification) for HAL_CAN_ActivateNotification
    can.o(i.CAN2_Config) refers to stm32f4xx_hal_can.o(i.HAL_CAN_ConfigFilter) for HAL_CAN_ConfigFilter
    can.o(i.CAN2_Config) refers to stm32f4xx_hal_can.o(i.HAL_CAN_Start) for HAL_CAN_Start
    can.o(i.CAN2_Config) refers to stm32f4xx_hal_can.o(i.HAL_CAN_ActivateNotification) for HAL_CAN_ActivateNotification
    can.o(i.CAN_Send_Msg) refers to stm32f4xx_hal_can.o(i.HAL_CAN_AddTxMessage) for HAL_CAN_AddTxMessage
    can.o(i.CAN_Send_Msg) refers to stm32f4xx_hal_can.o(i.HAL_CAN_GetTxMailboxesFreeLevel) for HAL_CAN_GetTxMailboxesFreeLevel
    can.o(i.HAL_CAN_RxFifo0MsgPendingCallback) refers to stm32f4xx_hal_can.o(i.HAL_CAN_GetRxMessage) for HAL_CAN_GetRxMessage
    can.o(i.HAL_CAN_RxFifo0MsgPendingCallback) refers to stm32f4xx_hal_can.o(i.HAL_CAN_ActivateNotification) for HAL_CAN_ActivateNotification
    can.o(i.HAL_CAN_RxFifo0MsgPendingCallback) refers to stm32f4xx_hal_gpio.o(i.HAL_GPIO_WritePin) for HAL_GPIO_WritePin
    can.o(i.HAL_CAN_RxFifo0MsgPendingCallback) refers to main.o(.bss) for hcan1
    can.o(i.HAL_CAN_RxFifo0MsgPendingCallback) refers to main.o(.data) for CAN1RxData
    can.o(i.HAL_CAN_RxFifo0MsgPendingCallback) refers to main.o(.bss) for CAN1RxHeader
    can.o(i.HAL_CAN_RxFifo1MsgPendingCallback) refers to stm32f4xx_hal_can.o(i.HAL_CAN_GetRxMessage) for HAL_CAN_GetRxMessage
    can.o(i.HAL_CAN_RxFifo1MsgPendingCallback) refers to stm32f4xx_hal_can.o(i.HAL_CAN_ActivateNotification) for HAL_CAN_ActivateNotification
    can.o(i.HAL_CAN_RxFifo1MsgPendingCallback) refers to main.o(.bss) for hcan2
    can.o(i.HAL_CAN_RxFifo1MsgPendingCallback) refers to main.o(.data) for CAN2RxData
    can.o(i.HAL_CAN_RxFifo1MsgPendingCallback) refers to main.o(.bss) for CAN2RxHeader
    cs25wq256.o(i.CS25WQXX_Erase_Chip) refers to cs25wq256.o(i.CS25WQXX_Write_Enable) for CS25WQXX_Write_Enable
    cs25wq256.o(i.CS25WQXX_Erase_Chip) refers to cs25wq256.o(i.CS25WQXX_Wait_Busy) for CS25WQXX_Wait_Busy
    cs25wq256.o(i.CS25WQXX_Erase_Chip) refers to stm32f4xx_hal_gpio.o(i.HAL_GPIO_WritePin) for HAL_GPIO_WritePin
    cs25wq256.o(i.CS25WQXX_Erase_Chip) refers to spi.o(i.SPI1_ReadWriteByte) for SPI1_ReadWriteByte
    cs25wq256.o(i.CS25WQXX_Erase_Sector) refers to cs25wq256.o(i.CS25WQXX_Write_Enable) for CS25WQXX_Write_Enable
[...]
    Removing stm32f4xx_hal_sram.o(i.HAL_SRAM_Write_32b), (62 bytes).
    Removing stm32f4xx_hal_sram.o(i.HAL_SRAM_Write_8b), (66 bytes).
    Removing stm32f4xx_hal_sram.o(i.HAL_SRAM_Write_DMA), (76 bytes).
    Removing stm32f4xx_hal_sram.o(i.SRAM_DMACplt), (26 bytes).
    Removing stm32f4xx_hal_sram.o(i.SRAM_DMACpltProt), (26 bytes).
    Removing stm32f4xx_hal_sram.o(i.SRAM_DMAError), (26 bytes).
    Removing stm32f4xx_hal_spi.o(.rev16_text), (4 bytes).
    Removing stm32f4xx_hal_spi.o(.revsh_text), (4 bytes).
    Removing stm32f4xx_hal_spi.o(.rrx_text), (6 bytes).
    Removing stm32f4xx_hal_spi.o(i.HAL_SPI_Abort), (292 bytes).
    Removing stm32f4xx_hal_spi.o(i.HAL_SPI_AbortCpltCallback), (2 bytes).
    Removing stm32f4xx_hal_spi.o(i.HAL_SPI_Abort_IT), (292 bytes).
    Removing stm32f4xx_hal_spi.o(i.HAL_SPI_DMAPause), (38 bytes).
    Removing stm32f4xx_hal_spi.o(i.HAL_SPI_DMAResume), (38 bytes).
    Removing stm32f4xx_hal_spi.o(i.HAL_SPI_DMAStop), (66 bytes).
    Removing stm32f4xx_hal_spi.o(i.HAL_SPI_DeInit), (46 bytes).
    Removing stm32f4xx_hal_spi.o(i.HAL_SPI_ErrorCallback), (2 bytes).
    Removing stm32f4xx_hal_spi.o(i.HAL_SPI_GetError), (4 bytes).
    Removing stm32f4xx_hal_spi.o(i.HAL_SPI_GetState), (6 bytes).
    Removing stm32f4xx_hal_spi.o(i.HAL_SPI_IRQHandler), (252 bytes).
    Removing stm32f4xx_hal_spi.o(i.HAL_SPI_MspDeInit), (2 bytes).
    Removing stm32f4xx_hal_spi.o(i.HAL_SPI_MspInit), (2 bytes).
    Removing stm32f4xx_hal_spi.o(i.HAL_SPI_Receive_DMA), (244 bytes).
    Removing stm32f4xx_hal_spi.o(i.HAL_SPI_Receive_IT), (176 bytes).
    Removing stm32f4xx_hal_spi.o(i.HAL_SPI_RxCpltCallback), (2 bytes).
    Removing stm32f4xx_hal_spi.o(i.HAL_SPI_RxHalfCpltCallback), (2 bytes).
    Removing stm32f4xx_hal_spi.o(i.HAL_SPI_TransmitReceive_DMA), (292 bytes).
    Removing stm32f4xx_hal_spi.o(i.HAL_SPI_TransmitReceive_IT), (164 bytes).
    Removing stm32f4xx_hal_spi.o(i.HAL_SPI_Transmit_DMA), (216 bytes).
    Removing stm32f4xx_hal_spi.o(i.HAL_SPI_Transmit_IT), (148 bytes).
    Removing stm32f4xx_hal_spi.o(i.HAL_SPI_TxCpltCallback), (2 bytes).
    Removing stm32f4xx_hal_spi.o(i.HAL_SPI_TxHalfCpltCallback), (2 bytes).
    Removing stm32f4xx_hal_spi.o(i.HAL_SPI_TxRxCpltCallback), (2 bytes).
    Removing stm32f4xx_hal_spi.o(i.HAL_SPI_TxRxHalfCpltCallback), (2 bytes).
    Removing stm32f4xx_hal_spi.o(i.SPI_2linesRxISR_16BIT), (48 bytes).
    Removing stm32f4xx_hal_spi.o(i.SPI_2linesRxISR_8BIT), (48 bytes).
    Removing stm32f4xx_hal_spi.o(i.SPI_2linesTxISR_16BIT), (48 bytes).
    Removing stm32f4xx_hal_spi.o(i.SPI_2linesTxISR_8BIT), (48 bytes).
    Removing stm32f4xx_hal_spi.o(i.SPI_AbortRx_ISR), (88 bytes).
    Removing stm32f4xx_hal_spi.o(i.SPI_AbortTx_ISR), (28 bytes).
    Removing stm32f4xx_hal_spi.o(i.SPI_CloseRxTx_ISR), (144 bytes).
    Removing stm32f4xx_hal_spi.o(i.SPI_CloseRx_ISR), (76 bytes).
    Removing stm32f4xx_hal_spi.o(i.SPI_CloseTx_ISR), (124 bytes).
    Removing stm32f4xx_hal_spi.o(i.SPI_DMAAbortOnError), (16 bytes).
    Removing stm32f4xx_hal_spi.o(i.SPI_DMAError), (34 bytes).
    Removing stm32f4xx_hal_spi.o(i.SPI_DMAHalfReceiveCplt), (10 bytes).
    Removing stm32f4xx_hal_spi.o(i.SPI_DMAHalfTransmitCplt), (10 bytes).
    Removing stm32f4xx_hal_spi.o(i.SPI_DMAHalfTransmitReceiveCplt), (10 bytes).
    Removing stm32f4xx_hal_spi.o(i.SPI_DMAReceiveCplt), (106 bytes).
    Removing stm32f4xx_hal_spi.o(i.SPI_DMARxAbortCallback), (102 bytes).
    Removing stm32f4xx_hal_spi.o(i.SPI_DMATransmitCplt), (100 bytes).
    Removing stm32f4xx_hal_spi.o(i.SPI_DMATransmitReceiveCplt), (90 bytes).
    Removing stm32f4xx_hal_spi.o(i.SPI_DMATxAbortCallback), (116 bytes).
    Removing stm32f4xx_hal_spi.o(i.SPI_RxISR_16BIT), (32 bytes).
    Removing stm32f4xx_hal_spi.o(i.SPI_RxISR_8BIT), (32 bytes).
    Removing stm32f4xx_hal_spi.o(i.SPI_TxISR_16BIT), (32 bytes).
    Removing stm32f4xx_hal_spi.o(i.SPI_TxISR_8BIT), (32 bytes).
    Removing stm32f4xx_hal_tim.o(.rev16_text), (4 bytes).
    Removing stm32f4xx_hal_tim.o(.revsh_text), (4 bytes).
    Removing stm32f4xx_hal_tim.o(.rrx_text), (6 bytes).
    Removing stm32f4xx_hal_tim_ex.o(.rev16_text), (4 bytes).
    Removing stm32f4xx_hal_tim_ex.o(.revsh_text), (4 bytes).
    Removing stm32f4xx_hal_tim_ex.o(.rrx_text), (6 bytes).
    Removing stm32f4xx_hal_uart.o(.rev16_text), (4 bytes).
    Removing stm32f4xx_hal_uart.o(.revsh_text), (4 bytes).
    Removing stm32f4xx_hal_uart.o(.rrx_text), (6 bytes).
    Removing stm32f4xx_hal_uart.o(i.HAL_HalfDuplex_EnableReceiver), (50 bytes).
    Removing stm32f4xx_hal_uart.o(i.HAL_HalfDuplex_EnableTransmitter), (50 bytes).
    Removing stm32f4xx_hal_uart.o(i.HAL_HalfDuplex_Init), (108 bytes).
    Removing stm32f4xx_hal_uart.o(i.HAL_LIN_Init), (128 bytes).
    Removing stm32f4xx_hal_uart.o(i.HAL_LIN_SendBreak), (60 bytes).
    Removing stm32f4xx_hal_uart.o(i.HAL_MultiProcessor_EnterMuteMode), (60 bytes).
    Removing stm32f4xx_hal_uart.o(i.HAL_MultiProcessor_ExitMuteMode), (60 bytes).
    Removing stm32f4xx_hal_uart.o(i.HAL_MultiProcessor_Init), (142 bytes).
    Removing stm32f4xx_hal_uart.o(i.HAL_UARTEx_ReceiveToIdle), (248 bytes).
    Removing stm32f4xx_hal_uart.o(i.HAL_UARTEx_ReceiveToIdle_IT), (94 bytes).
    Removing stm32f4xx_hal_uart.o(i.HAL_UARTEx_RxEventCallback), (2 bytes).
    Removing stm32f4xx_hal_uart.o(i.HAL_UART_Abort), (210 bytes).
    Removing stm32f4xx_hal_uart.o(i.HAL_UART_AbortCpltCallback), (2 bytes).
    Removing stm32f4xx_hal_uart.o(i.HAL_UART_AbortReceive), (148 bytes).
    Removing stm32f4xx_hal_uart.o(i.HAL_UART_AbortReceiveCpltCallback), (2 bytes).
    Removing stm32f4xx_hal_uart.o(i.HAL_UART_AbortReceive_IT), (152 bytes).
    Removing stm32f4xx_hal_uart.o(i.HAL_UART_AbortTransmit), (98 bytes).
    Removing stm32f4xx_hal_uart.o(i.HAL_UART_AbortTransmitCpltCallback), (2 bytes).
    Removing stm32f4xx_hal_uart.o(i.HAL_UART_AbortTransmit_IT), (100 bytes).
    Removing stm32f4xx_hal_uart.o(i.HAL_UART_Abort_IT), (244 bytes).
    Removing stm32f4xx_hal_uart.o(i.HAL_UART_DMAPause), (146 bytes).
    Removing stm32f4xx_hal_uart.o(i.HAL_UART_DMAResume), (140 bytes).
    Removing stm32f4xx_hal_uart.o(i.HAL_UART_DMAStop), (112 bytes).
    Removing stm32f4xx_hal_uart.o(i.HAL_UART_DeInit), (52 bytes).
    Removing stm32f4xx_hal_uart.o(i.HAL_UART_GetError), (4 bytes).
    Removing stm32f4xx_hal_uart.o(i.HAL_UART_GetState), (10 bytes).
    Removing stm32f4xx_hal_uart.o(i.HAL_UART_MspDeInit), (2 bytes).
    Removing stm32f4xx_hal_uart.o(i.HAL_UART_MspInit), (2 bytes).
    Removing stm32f4xx_hal_uart.o(i.HAL_UART_Receive), (196 bytes).
    Removing stm32f4xx_hal_uart.o(i.HAL_UART_Receive_DMA), (42 bytes).
    Removing stm32f4xx_hal_uart.o(i.HAL_UART_Receive_IT), (42 bytes).
    Removing stm32f4xx_hal_uart.o(i.HAL_UART_Transmit), (176 bytes).
    Removing stm32f4xx_hal_uart.o(i.HAL_UART_Transmit_DMA), (140 bytes).
    Removing stm32f4xx_hal_uart.o(i.HAL_UART_Transmit_IT), (62 bytes).
    Removing stm32f4xx_hal_uart.o(i.HAL_UART_TxHalfCpltCallback), (2 bytes).
    Removing stm32f4xx_hal_uart.o(i.UART_DMARxAbortCallback), (44 bytes).
    Removing stm32f4xx_hal_uart.o(i.UART_DMARxOnlyAbortCallback), (22 bytes).
    Removing stm32f4xx_hal_uart.o(i.UART_DMATransmitCplt), (66 bytes).
    Removing stm32f4xx_hal_uart.o(i.UART_DMATxAbortCallback), (44 bytes).
    Removing stm32f4xx_hal_uart.o(i.UART_DMATxHalfCplt), (10 bytes).
    Removing stm32f4xx_hal_uart.o(i.UART_DMATxOnlyAbortCallback), (20 bytes).
    Removing stm32f4xx_hal_uart.o(i.UART_Start_Receive_IT), (58 bytes).
    Removing stm32f4xx_hal_uart.o(i.UART_WaitOnFlagUntilTimeout), (118 bytes).
    Removing system_stm32f4xx.o(.rev16_text), (4 bytes).
    Removing system_stm32f4xx.o(.revsh_text), (4 bytes).
    Removing system_stm32f4xx.o(.rrx_text), (6 bytes).
    Removing system_stm32f4xx.o(i.SystemCoreClockUpdate), (120 bytes).

381 unused section(s) (total 19710 bytes) removed from the image.

==============================================================================

Image Symbol Table

    Local Symbols

    Symbol Name                              Value     Ov Type        Size  Object(Section)

    ../Core/Src/main.c                       0x00000000   Number         0  main.o ABSOLUTE
    ../Core/Src/stm32f4xx_hal_msp.c          0x00000000   Number         0  stm32f4xx_hal_msp.o ABSOLUTE
    ../Core/Src/stm32f4xx_it.c               0x00000000   Number         0  stm32f4xx_it.o ABSOLUTE
    ../Core/Src/system_stm32f4xx.c           0x00000000   Number         0  system_stm32f4xx.o ABSOLUTE
    ../Drivers/STM32F4xx_HAL_Driver/Src/stm32f4xx_hal.c 0x00000000   Number         0  stm32f4xx_hal.o ABSOLUTE
    ../Drivers/STM32F4xx_HAL_Driver/Src/stm32f4xx_hal_can.c 0x00000000   Number         0  stm32f4xx_hal_can.o ABSOLUTE
    ../Drivers/STM32F4xx_HAL_Driver/Src/stm32f4xx_hal_cortex.c 0x00000000   Number         0  stm32f4xx_hal_cortex.o ABSOLUTE
    ../Drivers/STM32F4xx_HAL_Driver/Src/stm32f4xx_hal_dma.c 0x00000000   Number         0  stm32f4xx_hal_dma.o ABSOLUTE
    ../Drivers/STM32F4xx_HAL_Driver/Src/stm32f4xx_hal_dma_ex.c 0x00000000   Number         0  stm32f4xx_hal_dma_ex.o ABSOLUTE
    ../Drivers/STM32F4xx_HAL_Driver/Src/stm32f4xx_hal_exti.c 0x00000000   Number         0  stm32f4xx_hal_exti.o ABSOLUTE
    ../Drivers/STM32F4xx_HAL_Driver/Src/stm32f4xx_hal_flash.c 0x00000000   Number         0  stm32f4xx_hal_flash.o ABSOLUTE
    ../Drivers/STM32F4xx_HAL_Driver/Src/stm32f4xx_hal_flash_ex.c 0x00000000   Number         0  stm32f4xx_hal_flash_ex.o ABSOLUTE
    ../Drivers/STM32F4xx_HAL_Driver/Src/stm32f4xx_hal_flash_ramfunc.c 0x00000000   Number         0  stm32f4xx_hal_flash_ramfunc.o ABSOLUTE
    ../Drivers/STM32F4xx_HAL_Driver/Src/stm32f4xx_hal_gpio.c 0x00000000   Number         0  stm32f4xx_hal_gpio.o ABSOLUTE
    ../Drivers/STM32F4xx_HAL_Driver/Src/stm32f4xx_hal_pwr.c 0x00000000   Number         0  stm32f4xx_hal_pwr.o ABSOLUTE
    ../Drivers/STM32F4xx_HAL_Driver/Src/stm32f4xx_hal_pwr_ex.c 0x00000000   Number         0  stm32f4xx_hal_pwr_ex.o ABSOLUTE
    ../Drivers/STM32F4xx_HAL_Driver/Src/stm32f4xx_hal_rcc.c 0x00000000   Number         0  stm32f4xx_hal_rcc.o ABSOLUTE
    ../Drivers/STM32F4xx_HAL_Driver/Src/stm32f4xx_hal_rcc_ex.c 0x00000000   Number         0  stm32f4xx_hal_rcc_ex.o ABSOLUTE
    ../Drivers/STM32F4xx_HAL_Driver/Src/stm32f4xx_hal_spi.c 0x00000000   Number         0  stm32f4xx_hal_spi.o ABSOLUTE
    ../Drivers/STM32F4xx_HAL_Driver/Src/stm32f4xx_hal_sram.c 0x00000000   Number         0  stm32f4xx_hal_sram.o ABSOLUTE
    ../Drivers/STM32F4xx_HAL_Driver/Src/stm32f4xx_hal_tim.c 0x00000000   Number         0  stm32f4xx_hal_tim.o ABSOLUTE
    ../Drivers/STM32F4xx_HAL_Driver/Src/stm32f4xx_hal_tim_ex.c 0x00000000   Number         0  stm32f4xx_hal_tim_ex.o ABSOLUTE
    ../Drivers/STM32F4xx_HAL_Driver/Src/stm32f4xx_hal_uart.c 0x00000000   Number         0  stm32f4xx_hal_uart.o ABSOLUTE
    ../Drivers/STM32F4xx_HAL_Driver/Src/stm32f4xx_ll_fsmc.c 0x00000000   Number         0  stm32f4xx_ll_fsmc.o ABSOLUTE
    ../clib/microlib/division.c              0x00000000   Number         0  uldiv.o ABSOLUTE
    ../clib/microlib/division.c              0x00000000   Number         0  ldiv.o ABSOLUTE
    ../clib/microlib/init/entry.s            0x00000000   Number         0  entry10b.o ABSOLUTE
    ../clib/microlib/init/entry.s            0x00000000   Number         0  entry11b.o ABSOLUTE
    ../clib/microlib/init/entry.s            0x00000000   Number         0  entry11a.o ABSOLUTE
    ../clib/microlib/init/entry.s            0x00000000   Number         0  entry10a.o ABSOLUTE
    ../clib/microlib/init/entry.s            0x00000000   Number         0  entry9b.o ABSOLUTE
    ../clib/microlib/init/entry.s            0x00000000   Number         0  entry.o ABSOLUTE
    ../clib/microlib/init/entry.s            0x00000000   Number         0  entry7a.o ABSOLUTE
    ../clib/microlib/init/entry.s            0x00000000   Number         0  entry2.o ABSOLUTE
    ../clib/microlib/init/entry.s            0x00000000   Number         0  entry9a.o ABSOLUTE
    ../clib/microlib/init/entry.s            0x00000000   Number         0  entry8b.o ABSOLUTE
    ../clib/microlib/init/entry.s            0x00000000   Number         0  entry5.o ABSOLUTE
    ../clib/microlib/init/entry.s            0x00000000   Number         0  entry8a.o ABSOLUTE
    ../clib/microlib/init/entry.s            0x00000000   Number         0  entry7b.o ABSOLUTE
    ../clib/microlib/longlong.c              0x00000000   Number         0  llshl.o ABSOLUTE
    ../clib/microlib/longlong.c              0x00000000   Number         0  llushr.o ABSOLUTE
    ../clib/microlib/malloc/malloc.c         0x00000000   Number         0  mallocra.o ABSOLUTE
    ../clib/microlib/malloc/malloc.c         0x00000000   Number         0  malloca.o ABSOLUTE
    ../clib/microlib/malloc/malloc.c         0x00000000   Number         0  mallocr.o ABSOLUTE
    ../clib/microlib/malloc/malloc.c         0x00000000   Number         0  malloc.o ABSOLUTE
    ../clib/microlib/malloc/mvars.c          0x00000000   Number         0  mvars.o ABSOLUTE
    ../clib/microlib/string/memcpy.c         0x00000000   Number         0  memcpya.o ABSOLUTE
    ../clib/microlib/string/memcpy.c         0x00000000   Number         0  memcpyb.o ABSOLUTE
    ../clib/microlib/string/memset.c         0x00000000   Number         0  memseta.o ABSOLUTE
    ..\Core\Src\main.c                       0x00000000   Number         0  main.o ABSOLUTE
    ..\Core\Src\stm32f4xx_hal_msp.c          0x00000000   Number         0  stm32f4xx_hal_msp.o ABSOLUTE
    ..\Core\Src\stm32f4xx_it.c               0x00000000   Number         0  stm32f4xx_it.o ABSOLUTE
    ..\Core\Src\system_stm32f4xx.c           0x00000000   Number         0  system_stm32f4xx.o ABSOLUTE
    ..\Core\Usr\ad9517.c                     0x00000000   Number         0  ad9517.o ABSOLUTE
    ..\Core\Usr\can.c                        0x00000000   Number         0  can.o ABSOLUTE
    ..\Core\Usr\cs25wq256.c                  0x00000000   Number         0  cs25wq256.o ABSOLUTE
    ..\Core\Usr\delay.c                      0x00000000   Number         0  delay.o ABSOLUTE
    ..\Core\Usr\fpga_fsmc.c                  0x00000000   Number         0  fpga_fsmc.o ABSOLUTE
    ..\Core\Usr\gpio_usr.c                   0x00000000   Number         0  gpio_usr.o ABSOLUTE
    ..\Core\Usr\spi.c                        0x00000000   Number         0  spi.o ABSOLUTE
    ..\Drivers\STM32F4xx_HAL_Driver\Src\stm32f4xx_hal.c 0x00000000   Number         0  stm32f4xx_hal.o ABSOLUTE
    ..\Drivers\STM32F4xx_HAL_Driver\Src\stm32f4xx_hal_can.c 0x00000000   Number         0  stm32f4xx_hal_can.o ABSOLUTE
    ..\Drivers\STM32F4xx_HAL_Driver\Src\stm32f4xx_hal_cortex.c 0x00000000   Number         0  stm32f4xx_hal_cortex.o ABSOLUTE
    ..\Drivers\STM32F4xx_HAL_Driver\Src\stm32f4xx_hal_dma.c 0x00000000   Number         0  stm32f4xx_hal_dma.o ABSOLUTE
    ..\Drivers\STM32F4xx_HAL_Driver\Src\stm32f4xx_hal_dma_ex.c 0x00000000   Number         0  stm32f4xx_hal_dma_ex.o ABSOLUTE
    ..\Drivers\STM32F4xx_HAL_Driver\Src\stm32f4xx_hal_exti.c 0x00000000   Number         0  stm32f4xx_hal_exti.o ABSOLUTE
    ..\Drivers\STM32F4xx_HAL_Driver\Src\stm32f4xx_hal_flash.c 0x00000000   Number         0  stm32f4xx_hal_flash.o ABSOLUTE
    ..\Drivers\STM32F4xx_HAL_Driver\Src\stm32f4xx_hal_flash_ex.c 0x00000000   Number         0  stm32f4xx_hal_flash_ex.o ABSOLUTE
    ..\Drivers\STM32F4xx_HAL_Driver\Src\stm32f4xx_hal_flash_ramfunc.c 0x00000000   Number         0  stm32f4xx_hal_flash_ramfunc.o ABSOLUTE
    ..\Drivers\STM32F4xx_HAL_Driver\Src\stm32f4xx_hal_gpio.c 0x00000000   Number         0  stm32f4xx_hal_gpio.o ABSOLUTE
    ..\Drivers\STM32F4xx_HAL_Driver\Src\stm32f4xx_hal_pwr.c 0x00000000   Number         0  stm32f4xx_hal_pwr.o ABSOLUTE
    ..\Drivers\STM32F4xx_HAL_Driver\Src\stm32f4xx_hal_pwr_ex.c 0x00000000   Number         0  stm32f4xx_hal_pwr_ex.o ABSOLUTE
    ..\Drivers\STM32F4xx_HAL_Driver\Src\stm32f4xx_hal_rcc.c 0x00000000   Number         0  stm32f4xx_hal_rcc.o ABSOLUTE
    ..\Drivers\STM32F4xx_HAL_Driver\Src\stm32f4xx_hal_rcc_ex.c 0x00000000   Number         0  stm32f4xx_hal_rcc_ex.o ABSOLUTE
    ..\Drivers\STM32F4xx_HAL_Driver\Src\stm32f4xx_hal_spi.c 0x00000000   Number         0  stm32f4xx_hal_spi.o ABSOLUTE
    ..\Drivers\STM32F4xx_HAL_Driver\Src\stm32f4xx_hal_sram.c 0x00000000   Number         0  stm32f4xx_hal_sram.o ABSOLUTE
    ..\Drivers\STM32F4xx_HAL_Driver\Src\stm32f4xx_hal_tim.c 0x00000000   Number         0  stm32f4xx_hal_tim.o ABSOLUTE
    ..\Drivers\STM32F4xx_HAL_Driver\Src\stm32f4xx_hal_tim_ex.c 0x00000000   Number         0  stm32f4xx_hal_tim_ex.o ABSOLUTE
    ..\Drivers\STM32F4xx_HAL_Driver\Src\stm32f4xx_hal_uart.c 0x00000000   Number         0  stm32f4xx_hal_uart.o ABSOLUTE
    ..\Drivers\STM32F4xx_HAL_Driver\Src\stm32f4xx_ll_fsmc.c 0x00000000   Number         0  stm32f4xx_ll_fsmc.o ABSOLUTE
    ..\\Core\\Usr\\ad9517.c                  0x00000000   Number         0  ad9517.o ABSOLUTE
    ..\\Core\\Usr\\can.c                     0x00000000   Number         0  can.o ABSOLUTE
    ..\\Core\\Usr\\cs25wq256.c               0x00000000   Number         0  cs25wq256.o ABSOLUTE
    ..\\Core\\Usr\\delay.c                   0x00000000   Number         0  delay.o ABSOLUTE
    ..\\Core\\Usr\\fpga_fsmc.c               0x00000000   Number         0  fpga_fsmc.o ABSOLUTE
    ..\\Core\\Usr\\gpio_usr.c                0x00000000   Number         0  gpio_usr.o ABSOLUTE
    ..\\Core\\Usr\\spi.c                     0x00000000   Number         0  spi.o ABSOLUTE
    dc.s                                     0x00000000   Number         0  dc.o ABSOLUTE
    handlers.s                               0x00000000   Number         0  handlers.o ABSOLUTE
    init.s                                   0x00000000   Number         0  init.o ABSOLUTE
    startup_stm32f407xx.s                    0x00000000   Number         0  startup_stm32f407xx.o ABSOLUTE
    RESET                                    0x08000000   Section      392  startup_stm32f407xx.o(RESET)
    .ARM.Collect$$$$00000000                 0x08000188   Section        0  entry.o(.ARM.Collect$$$$00000000)
    .ARM.Collect$$$$00000001                 0x08000188   Section        4  entry2.o(.ARM.Collect$$$$00000001)
    .ARM.Collect$$$$00000004                 0x0800018c   Section        4  entry5.o(.ARM.Collect$$$$00000004)
    .ARM.Collect$$$$00000008                 0x08000190   Section        0  entry7b.o(.ARM.Collect$$$$00000008)
    .ARM.Collect$$$$0000000A                 0x08000190   Section        0  entry8b.o(.ARM.Collect$$$$0000000A)
    .ARM.Collect$$$$0000000B                 0x08000190   Section        8  entry9a.o(.ARM.Collect$$$$0000000B)
    .ARM.Collect$$$$0000000D                 0x08000198   Section        0  entry10a.o(.ARM.Collect$$$$0000000D)
    .ARM.Collect$$$$0000000F                 0x08000198   Section        0  entry11a.o(.ARM.Collect$$$$0000000F)
    .ARM.Collect$$$$00002712                 0x08000198   Section        4  entry2.o(.ARM.Collect$$$$00002712)
    __lit__00000000                          0x08000198   Data           4  entry2.o(.ARM.Collect$$$$00002712)
    .text                                    0x0800019c   Section       36  startup_stm32f407xx.o(.text)
    $v0                                      0x0800019c   Number         0  startup_stm32f407xx.o(.text)
    .text                                    0x080001c0   Section        0  uldiv.o(.text)
    .text                                    0x08000222   Section        0  ldiv.o(.text)
    .text                                    0x08000284   Section        0  memcpya.o(.text)
    .text                                    0x080002a8   Section        0  memseta.o(.text)
    .text                                    0x080002cc   Section        0  llshl.o(.text)
    .text                                    0x080002ea   Section        0  llushr.o(.text)
    .text                                    0x0800030c   Section       36  init.o(.text)
    i.BusFault_Handler                       0x08000330   Section        0  stm32f4xx_it.o(i.BusFault_Handler)
    i.CAN1_Config                            0x08000332   Section        0  can.o(i.CAN1_Config)
    i.CAN1_RX0_IRQHandler                    0x08000394   Section        0  stm32f4xx_it.o(i.CAN1_RX0_IRQHandler)
    i.CAN2_Config                            0x080003a0   Section        0  can.o(i.CAN2_Config)
    i.CAN2_RX1_IRQHandler                    0x08000408   Section        0  stm32f4xx_it.o(i.CAN2_RX1_IRQHandler)
    i.CS25WQXX_Erase_Sector                  0x08000414   Section        0  cs25wq256.o(i.CS25WQXX_Erase_Sector)
    i.CS25WQXX_Init                          0x08000484   Section        0  cs25wq256.o(i.CS25WQXX_Init)
    i.CS25WQXX_Read                          0x080004dc   Section        0  cs25wq256.o(i.CS25WQXX_Read)
    i.CS25WQXX_ReadID                        0x08000558   Section        0  cs25wq256.o(i.CS25WQXX_ReadID)
    i.CS25WQXX_ReadSR                        0x080005b8   Section        0  cs25wq256.o(i.CS25WQXX_ReadSR)
    i.CS25WQXX_Wait_Busy                     0x08000604   Section        0  cs25wq256.o(i.CS25WQXX_Wait_Busy)
    i.CS25WQXX_Write                         0x08000618   Section        0  cs25wq256.o(i.CS25WQXX_Write)
    i.CS25WQXX_Write_Enable                  0x080006b8   Section        0  cs25wq256.o(i.CS25WQXX_Write_Enable)
    i.CS25WQXX_Write_NoCheck                 0x080006e4   Section        0  cs25wq256.o(i.CS25WQXX_Write_NoCheck)
    i.CS25WQXX_Write_Page                    0x08000728   Section        0  cs25wq256.o(i.CS25WQXX_Write_Page)
    i.DMA1_Stream1_IRQHandler                0x080007ac   Section        0  stm32f4xx_it.o(i.DMA1_Stream1_IRQHandler)
    i.DMA1_Stream3_IRQHandler                0x080007b8   Section        0  stm32f4xx_it.o(i.DMA1_Stream3_IRQHandler)
    i.DMA1_Stream4_IRQHandler                0x080007c4   Section        0  stm32f4xx_it.o(i.DMA1_Stream4_IRQHandler)
    i.DMA2_Stream0_IRQHandler                0x080007d0   Section        0  stm32f4xx_it.o(i.DMA2_Stream0_IRQHandler)
    i.DMA_CalcBaseAndBitshift                0x080007dc   Section        0  stm32f4xx_hal_dma.o(i.DMA_CalcBaseAndBitshift)
    DMA_CalcBaseAndBitshift                  0x080007dd   Thumb Code    34  stm32f4xx_hal_dma.o(i.DMA_CalcBaseAndBitshift)
    i.DMA_CheckFifoParam                     0x08000804   Section        0  stm32f4xx_hal_dma.o(i.DMA_CheckFifoParam)
    DMA_CheckFifoParam                       0x08000805   Thumb Code    84  stm32f4xx_hal_dma.o(i.DMA_CheckFifoParam)
    i.DMA_SetConfig                          0x08000858   Section        0  stm32f4xx_hal_dma.o(i.DMA_SetConfig)
    DMA_SetConfig                            0x08000859   Thumb Code    40  stm32f4xx_hal_dma.o(i.DMA_SetConfig)
    i.DebugMon_Handler                       0x08000880   Section        0  stm32f4xx_it.o(i.DebugMon_Handler)
    i.EXTI15_10_IRQHandler                   0x08000882   Section        0  stm32f4xx_it.o(i.EXTI15_10_IRQHandler)
    i.Error_Handler                          0x0800088a   Section        0  main.o(i.Error_Handler)
    i.FSMC_NORSRAM_Extended_Timing_Init      0x08000890   Section        0  stm32f4xx_ll_fsmc.o(i.FSMC_NORSRAM_Extended_Timing_Init)
    i.FSMC_NORSRAM_Init                      0x080008cc   Section        0  stm32f4xx_ll_fsmc.o(i.FSMC_NORSRAM_Init)
    i.FSMC_NORSRAM_Timing_Init               0x08000934   Section        0  stm32f4xx_ll_fsmc.o(i.FSMC_NORSRAM_Timing_Init)
    i.HAL_CAN_ActivateNotification           0x08000978   Section        0  stm32f4xx_hal_can.o(i.HAL_CAN_ActivateNotification)
    i.HAL_CAN_ConfigFilter                   0x0800099c   Section        0  stm32f4xx_hal_can.o(i.HAL_CAN_ConfigFilter)
    i.HAL_CAN_ErrorCallback                  0x08000aa8   Section        0  stm32f4xx_hal_can.o(i.HAL_CAN_ErrorCallback)
    i.HAL_CAN_GetRxMessage                   0x08000aaa   Section        0  stm32f4xx_hal_can.o(i.HAL_CAN_GetRxMessage)
    i.HAL_CAN_IRQHandler                     0x08000b92   Section        0  stm32f4xx_hal_can.o(i.HAL_CAN_IRQHandler)
    i.HAL_CAN_Init                           0x08000d8e   Section        0  stm32f4xx_hal_can.o(i.HAL_CAN_Init)
    i.HAL_CAN_MspInit                        0x08000ea8   Section        0  stm32f4xx_hal_msp.o(i.HAL_CAN_MspInit)
    i.HAL_CAN_RxFifo0FullCallback            0x08000f7c   Section        0  stm32f4xx_hal_can.o(i.HAL_CAN_RxFifo0FullCallback)
    i.HAL_CAN_RxFifo0MsgPendingCallback      0x08000f80   Section        0  can.o(i.HAL_CAN_RxFifo0MsgPendingCallback)
    i.HAL_CAN_RxFifo1FullCallback            0x08000fc4   Section        0  stm32f4xx_hal_can.o(i.HAL_CAN_RxFifo1FullCallback)
    i.HAL_CAN_RxFifo1MsgPendingCallback      0x08000fc8   Section        0  can.o(i.HAL_CAN_RxFifo1MsgPendingCallback)
    i.HAL_CAN_SleepCallback                  0x08001000   Section        0  stm32f4xx_hal_can.o(i.HAL_CAN_SleepCallback)
    i.HAL_CAN_Start                          0x08001002   Section        0  stm32f4xx_hal_can.o(i.HAL_CAN_Start)
    i.HAL_CAN_TxMailbox0AbortCallback        0x08001058   Section        0  stm32f4xx_hal_can.o(i.HAL_CAN_TxMailbox0AbortCallback)
    i.HAL_CAN_TxMailbox0CompleteCallback     0x0800105a   Section        0  stm32f4xx_hal_can.o(i.HAL_CAN_TxMailbox0CompleteCallback)
    i.HAL_CAN_TxMailbox1AbortCallback        0x0800105c   Section        0  stm32f4xx_hal_can.o(i.HAL_CAN_TxMailbox1AbortCallback)
    i.HAL_CAN_TxMailbox1CompleteCallback     0x0800105e   Section        0  stm32f4xx_hal_can.o(i.HAL_CAN_TxMailbox1CompleteCallback)
    i.HAL_CAN_TxMailbox2AbortCallback        0x08001060   Section        0  stm32f4xx_hal_can.o(i.HAL_CAN_TxMailbox2AbortCallback)
    i.HAL_CAN_TxMailbox2CompleteCallback     0x08001062   Section        0  stm32f4xx_hal_can.o(i.HAL_CAN_TxMailbox2CompleteCallback)
    i.HAL_CAN_WakeUpFromRxMsgCallback        0x08001064   Section        0  stm32f4xx_hal_can.o(i.HAL_CAN_WakeUpFromRxMsgCallback)
    i.HAL_DMA_Abort                          0x08001066   Section        0  stm32f4xx_hal_dma.o(i.HAL_DMA_Abort)
    i.HAL_DMA_Abort_IT                       0x080010f8   Section        0  stm32f4xx_hal_dma.o(i.HAL_DMA_Abort_IT)
    i.HAL_DMA_IRQHandler                     0x0800111c   Section        0  stm32f4xx_hal_dma.o(i.HAL_DMA_IRQHandler)
    i.HAL_DMA_Init                           0x080012bc   Section        0  stm32f4xx_hal_dma.o(i.HAL_DMA_Init)
    i.HAL_DMA_Start_IT                       0x08001390   Section        0  stm32f4xx_hal_dma.o(i.HAL_DMA_Start_IT)
    i.HAL_FSMC_MspInit                       0x08001400   Section        0  stm32f4xx_hal_msp.o(i.HAL_FSMC_MspInit)
    HAL_FSMC_MspInit                         0x08001401   Thumb Code   118  stm32f4xx_hal_msp.o(i.HAL_FSMC_MspInit)
    i.HAL_GPIO_EXTI_Callback                 0x0800148c   Section        0  gpio_usr.o(i.HAL_GPIO_EXTI_Callback)
    i.HAL_GPIO_EXTI_IRQHandler               0x080014a8   Section        0  stm32f4xx_hal_gpio.o(i.HAL_GPIO_EXTI_IRQHandler)
    i.HAL_GPIO_Init                          0x080014c0   Section        0  stm32f4xx_hal_gpio.o(i.HAL_GPIO_Init)
    i.HAL_GPIO_TogglePin                     0x08001690   Section        0  stm32f4xx_hal_gpio.o(i.HAL_GPIO_TogglePin)
    i.HAL_GPIO_WritePin                      0x080016a0   Section        0  stm32f4xx_hal_gpio.o(i.HAL_GPIO_WritePin)
    i.HAL_GetTick                            0x080016ac   Section        0  stm32f4xx_hal.o(i.HAL_GetTick)
    i.HAL_IncTick                            0x080016b8   Section        0  stm32f4xx_hal.o(i.HAL_IncTick)
    i.HAL_Init                               0x080016c8   Section        0  stm32f4xx_hal.o(i.HAL_Init)
    i.HAL_InitTick                           0x080016fc   Section        0  stm32f4xx_hal.o(i.HAL_InitTick)
    i.HAL_MspInit                            0x0800173c   Section        0  stm32f4xx_hal_msp.o(i.HAL_MspInit)
    i.HAL_NVIC_EnableIRQ                     0x0800176c   Section        0  stm32f4xx_hal_cortex.o(i.HAL_NVIC_EnableIRQ)
    i.HAL_NVIC_SetPriority                   0x08001788   Section        0  stm32f4xx_hal_cortex.o(i.HAL_NVIC_SetPriority)
    i.HAL_NVIC_SetPriorityGrouping           0x080017c8   Section        0  stm32f4xx_hal_cortex.o(i.HAL_NVIC_SetPriorityGrouping)
    i.HAL_RCC_ClockConfig                    0x080017ec   Section        0  stm32f4xx_hal_rcc.o(i.HAL_RCC_ClockConfig)
    i.HAL_RCC_GetPCLK1Freq                   0x08001920   Section        0  stm32f4xx_hal_rcc.o(i.HAL_RCC_GetPCLK1Freq)
    i.HAL_RCC_GetPCLK2Freq                   0x08001940   Section        0  stm32f4xx_hal_rcc.o(i.HAL_RCC_GetPCLK2Freq)
    i.HAL_RCC_GetSysClockFreq                0x08001960   Section        0  stm32f4xx_hal_rcc.o(i.HAL_RCC_GetSysClockFreq)
    i.HAL_RCC_OscConfig                      0x080019c0   Section        0  stm32f4xx_hal_rcc.o(i.HAL_RCC_OscConfig)
    i.HAL_SPI_Init                           0x08001d18   Section        0  stm32f4xx_hal_spi.o(i.HAL_SPI_Init)
    i.HAL_SPI_MspInit                        0x08001dd4   Section        0  stm32f4xx_hal_msp.o(i.HAL_SPI_MspInit)
    i.HAL_SPI_Receive                        0x08001f20   Section        0  stm32f4xx_hal_spi.o(i.HAL_SPI_Receive)
    i.HAL_SPI_Transmit                       0x08002074   Section        0  stm32f4xx_hal_spi.o(i.HAL_SPI_Transmit)
    i.HAL_SPI_TransmitReceive                0x080021de   Section        0  stm32f4xx_hal_spi.o(i.HAL_SPI_TransmitReceive)
    i.HAL_SRAM_Init                          0x080023b8   Section        0  stm32f4xx_hal_sram.o(i.HAL_SRAM_Init)
    i.HAL_SRAM_MspInit                       0x08002414   Section        0  stm32f4xx_hal_msp.o(i.HAL_SRAM_MspInit)
    i.HAL_SYSTICK_Config                     0x08002418   Section        0  stm32f4xx_hal_cortex.o(i.HAL_SYSTICK_Config)
    i.HAL_UARTEx_ReceiveToIdle_DMA           0x08002440   Section        0  stm32f4xx_hal_uart.o(i.HAL_UARTEx_ReceiveToIdle_DMA)
    i.HAL_UARTEx_RxEventCallback             0x080024a0   Section        0  main.o(i.HAL_UARTEx_RxEventCallback)
    i.HAL_UART_ErrorCallback                 0x080024d0   Section        0  stm32f4xx_hal_uart.o(i.HAL_UART_ErrorCallback)
    i.HAL_UART_IRQHandler                    0x080024d4   Section        0  stm32f4xx_hal_uart.o(i.HAL_UART_IRQHandler)
    i.HAL_UART_Init                          0x0800273c   Section        0  stm32f4xx_hal_uart.o(i.HAL_UART_Init)
    i.HAL_UART_MspInit                       0x080027a0   Section        0  stm32f4xx_hal_msp.o(i.HAL_UART_MspInit)
    i.HAL_UART_RxCpltCallback                0x0800288c   Section        0  stm32f4xx_hal_uart.o(i.HAL_UART_RxCpltCallback)
    i.HAL_UART_RxHalfCpltCallback            0x0800288e   Section        0  stm32f4xx_hal_uart.o(i.HAL_UART_RxHalfCpltCallback)
    i.HAL_UART_TxCpltCallback                0x08002890   Section        0  stm32f4xx_hal_uart.o(i.HAL_UART_TxCpltCallback)
    i.HardFault_Handler                      0x08002892   Section        0  stm32f4xx_it.o(i.HardFault_Handler)
    i.MX_CAN1_Init                           0x08002894   Section        0  main.o(i.MX_CAN1_Init)
    MX_CAN1_Init                             0x08002895   Thumb Code    56  main.o(i.MX_CAN1_Init)
    i.MX_CAN2_Init                           0x080028d4   Section        0  main.o(i.MX_CAN2_Init)
    MX_CAN2_Init                             0x080028d5   Thumb Code    56  main.o(i.MX_CAN2_Init)
    i.MX_FSMC_Init                           0x08002914   Section        0  main.o(i.MX_FSMC_Init)
    MX_FSMC_Init                             0x08002915   Thumb Code   106  main.o(i.MX_FSMC_Init)
    i.MX_GPIO_Init                           0x08002988   Section        0  main.o(i.MX_GPIO_Init)
    MX_GPIO_Init                             0x08002989   Thumb Code   250  main.o(i.MX_GPIO_Init)
    i.MX_NVIC_Init                           0x08002a94   Section        0  main.o(i.MX_NVIC_Init)
    MX_NVIC_Init                             0x08002a95   Thumb Code   118  main.o(i.MX_NVIC_Init)
    i.MX_SPI1_Init                           0x08002b0c   Section        0  main.o(i.MX_SPI1_Init)
    MX_SPI1_Init                             0x08002b0d   Thumb Code    60  main.o(i.MX_SPI1_Init)
    i.MX_SPI2_Init                           0x08002b50   Section        0  main.o(i.MX_SPI2_Init)
    MX_SPI2_Init                             0x08002b51   Thumb Code    60  main.o(i.MX_SPI2_Init)
    i.MemManage_Handler                      0x08002b94   Section        0  stm32f4xx_it.o(i.MemManage_Handler)
    i.NMI_Handler                            0x08002b96   Section        0  stm32f4xx_it.o(i.NMI_Handler)
    i.PendSV_Handler                         0x08002b98   Section        0  stm32f4xx_it.o(i.PendSV_Handler)
    i.RCC_IRQHandler                         0x08002b9a   Section        0  stm32f4xx_it.o(i.RCC_IRQHandler)
    i.SPI1_ReadWriteByte                     0x08002b9c   Section        0  spi.o(i.SPI1_ReadWriteByte)
    i.SPI_EndRxTransaction                   0x08002bb8   Section        0  stm32f4xx_hal_spi.o(i.SPI_EndRxTransaction)
    SPI_EndRxTransaction                     0x08002bb9   Thumb Code    92  stm32f4xx_hal_spi.o(i.SPI_EndRxTransaction)
    i.SPI_EndRxTxTransaction                 0x08002c14   Section        0  stm32f4xx_hal_spi.o(i.SPI_EndRxTxTransaction)
    SPI_EndRxTxTransaction                   0x08002c15   Thumb Code    80  stm32f4xx_hal_spi.o(i.SPI_EndRxTxTransaction)
    i.SPI_WaitFlagStateUntilTimeout          0x08002c6c   Section        0  stm32f4xx_hal_spi.o(i.SPI_WaitFlagStateUntilTimeout)
    SPI_WaitFlagStateUntilTimeout            0x08002c6d   Thumb Code   180  stm32f4xx_hal_spi.o(i.SPI_WaitFlagStateUntilTimeout)
    i.SVC_Handler                            0x08002d24   Section        0  stm32f4xx_it.o(i.SVC_Handler)
    i.SysTick_Handler                        0x08002d28   Section        0  stm32f4xx_it.o(i.SysTick_Handler)
    i.SystemClock_Config                     0x08002d64   Section        0  main.o(i.SystemClock_Config)
    i.SystemInit                             0x08002dfc   Section        0  system_stm32f4xx.o(i.SystemInit)
    i.UART_DMAAbortOnError                   0x08002e0c   Section        0  stm32f4xx_hal_uart.o(i.UART_DMAAbortOnError)
    UART_DMAAbortOnError                     0x08002e0d   Thumb Code    16  stm32f4xx_hal_uart.o(i.UART_DMAAbortOnError)
    i.UART_DMAError                          0x08002e1c   Section        0  stm32f4xx_hal_uart.o(i.UART_DMAError)
    UART_DMAError                            0x08002e1d   Thumb Code    74  stm32f4xx_hal_uart.o(i.UART_DMAError)
    i.UART_DMAReceiveCplt                    0x08002e66   Section        0  stm32f4xx_hal_uart.o(i.UART_DMAReceiveCplt)
    UART_DMAReceiveCplt                      0x08002e67   Thumb Code   130  stm32f4xx_hal_uart.o(i.UART_DMAReceiveCplt)
    i.UART_DMARxHalfCplt                     0x08002ee8   Section        0  stm32f4xx_hal_uart.o(i.UART_DMARxHalfCplt)
    UART_DMARxHalfCplt                       0x08002ee9   Thumb Code    26  stm32f4xx_hal_uart.o(i.UART_DMARxHalfCplt)
    i.UART_EndRxTransfer                     0x08002f02   Section        0  stm32f4xx_hal_uart.o(i.UART_EndRxTransfer)
    UART_EndRxTransfer                       0x08002f03   Thumb Code    78  stm32f4xx_hal_uart.o(i.UART_EndRxTransfer)
    i.UART_EndTxTransfer                     0x08002f50   Section        0  stm32f4xx_hal_uart.o(i.UART_EndTxTransfer)
    UART_EndTxTransfer                       0x08002f51   Thumb Code    28  stm32f4xx_hal_uart.o(i.UART_EndTxTransfer)
    i.UART_Receive_IT                        0x08002f6c   Section        0  stm32f4xx_hal_uart.o(i.UART_Receive_IT)
    UART_Receive_IT                          0x08002f6d   Thumb Code   192  stm32f4xx_hal_uart.o(i.UART_Receive_IT)
    i.UART_SetConfig                         0x0800302c   Section        0  stm32f4xx_hal_uart.o(i.UART_SetConfig)
    UART_SetConfig                           0x0800302d   Thumb Code   258  stm32f4xx_hal_uart.o(i.UART_SetConfig)
    i.UART_Start_Receive_DMA                 0x08003138   Section        0  stm32f4xx_hal_uart.o(i.UART_Start_Receive_DMA)
    i.USART3_IRQHandler                      0x080031d0   Section        0  stm32f4xx_it.o(i.USART3_IRQHandler)
    i.UsageFault_Handler                     0x080031f0   Section        0  stm32f4xx_it.o(i.UsageFault_Handler)
    i.__NVIC_SetPriority                     0x080031f2   Section        0  stm32f4xx_hal_cortex.o(i.__NVIC_SetPriority)
    __NVIC_SetPriority                       0x080031f3   Thumb Code    32  stm32f4xx_hal_cortex.o(i.__NVIC_SetPriority)
    i.__scatterload_copy                     0x08003212   Section       14  handlers.o(i.__scatterload_copy)
    i.__scatterload_null                     0x08003220   Section        2  handlers.o(i.__scatterload_null)
    i.__scatterload_zeroinit                 0x08003222   Section       14  handlers.o(i.__scatterload_zeroinit)
    i.ad9156_parameter_initialize            0x08003230   Section        0  ad9517.o(i.ad9156_parameter_initialize)
    i.ad9517_frequency                       0x08003344   Section        0  ad9517.o(i.ad9517_frequency)
    i.ad9517_power_mode                      0x080036cc   Section        0  ad9517.o(i.ad9517_power_mode)
    i.ad9517_read                            0x080037b4   Section        0  ad9517.o(i.ad9517_read)
    i.ad9517_setup                           0x08003834   Section        0  ad9517.o(i.ad9517_setup)
    i.ad9517_update                          0x08003a2c   Section        0  ad9517.o(i.ad9517_update)
    i.ad9517_vco_frequency                   0x08003a38   Section        0  ad9517.o(i.ad9517_vco_frequency)
    i.ad9517_write                           0x08003c18   Section        0  ad9517.o(i.ad9517_write)
    i.delay_ms                               0x08003c90   Section        0  delay.o(i.delay_ms)
    i.delay_us                               0x08003cac   Section        0  delay.o(i.delay_us)
    i.dividers_checker                       0x08003ce0   Section        0  ad9517.o(i.dividers_checker)
    i.main                                   0x08003d0c   Section        0  main.o(i.main)
    i.malloc                                 0x08003fa0   Section        0  malloc.o(i.malloc)
    i.rd_fpga_reg                            0x0800400c   Section        0  fpga_fsmc.o(i.rd_fpga_reg)
    i.wr_fpga_reg                            0x08004016   Section        0  fpga_fsmc.o(i.wr_fpga_reg)
    .constdata                               0x08004028   Section       80  ad9517.o(.constdata)
    .constdata                               0x08004078   Section       26  main.o(.constdata)
    .constdata                               0x08004092   Section        8  stm32f4xx_hal_dma.o(.constdata)
    flagBitshiftOffset                       0x08004092   Data           8  stm32f4xx_hal_dma.o(.constdata)
    .constdata                               0x0800409a   Section       16  system_stm32f4xx.o(.constdata)
    .constdata                               0x080040aa   Section        8  system_stm32f4xx.o(.constdata)
    .data                                    0x20000000   Section        8  cs25wq256.o(.data)
    Fac_us                                   0x20000004   Data           4  cs25wq256.o(.data)
    .data                                    0x20000008   Section       24  ad9517.o(.data)
    lvepcl_out_ch                            0x20000008   Data          24  ad9517.o(.data)
    .data                                    0x20000020   Section        4  delay.o(.data)
    fac_us                                   0x20000020   Data           4  delay.o(.data)
    .data                                    0x20000024   Section       36  main.o(.data)
    .data                                    0x20000048   Section        8  main.o(.data)
    .data                                    0x20000050   Section        8  main.o(.data)
    .data                                    0x20000058   Section        8  stm32f4xx_it.o(.data)
    index                                    0x20000058   Data           4  stm32f4xx_it.o(.data)
    index1                                   0x2000005c   Data           4  stm32f4xx_it.o(.data)
    .data                                    0x20000060   Section       12  stm32f4xx_hal_msp.o(.data)
    HAL_RCC_CAN1_CLK_ENABLED                 0x20000060   Data           4  stm32f4xx_hal_msp.o(.data)
    FSMC_Initialized                         0x20000064   Data           4  stm32f4xx_hal_msp.o(.data)
    FSMC_DeInitialized                       0x20000068   Data           4  stm32f4xx_hal_msp.o(.data)
    .data                                    0x2000006c   Section       12  stm32f4xx_hal.o(.data)
    .data                                    0x20000078   Section        4  system_stm32f4xx.o(.data)
    .data                                    0x2000007c   Section        4  mvars.o(.data)
    .data                                    0x20000080   Section        4  mvars.o(.data)
    .bss                                     0x20000084   Section     4096  cs25wq256.o(.bss)
    .bss                                     0x20001088   Section      854  main.o(.bss)
    .bss                                     0x200013e0   Section       96  main.o(.bss)
    .bss                                     0x20001440   Section       96  main.o(.bss)
    .bss                                     0x200014a0   Section       96  main.o(.bss)
    .bss                                     0x20001500   Section       28  main.o(.bss)
    .bss                                     0x2000151c   Section       28  main.o(.bss)
    HEAP                                     0x20001538   Section      512  startup_stm32f407xx.o(HEAP)
    STACK                                    0x20001738   Section     1024  startup_stm32f407xx.o(STACK)

    Global Symbols

    Symbol Name                              Value     Ov Type        Size  Object(Section)

    BuildAttributes$$THM_ISAv4$E$P$D$K$B$S$7EM$VFPi3$EXTD16$VFPS$VFMA$PE$A:L22UL41UL21$X:L11$S22US41US21$IEEE1$IW$USESV6$~STKCKD$USESV7$~SHL$OSPACE$EBA8$MICROLIB$REQ8$PRES8$EABIv2 0x00000000   Number         0  anon$$obj.o ABSOLUTE
    __ARM_use_no_argv                        0x00000000   Number         0  main.o ABSOLUTE
    __cpp_initialize__aeabi_                  - Undefined Weak Reference
    __cxa_finalize                            - Undefined Weak Reference
    __decompress                              - Undefined Weak Reference
    _clock_init                               - Undefined Weak Reference
    _microlib_exit                            - Undefined Weak Reference
    __Vectors_Size                           0x00000188   Number         0  startup_stm32f407xx.o ABSOLUTE
    __Vectors                                0x08000000   Data           4  startup_stm32f407xx.o(RESET)
    __Vectors_End                            0x08000188   Data           0  startup_stm32f407xx.o(RESET)
    __main                                   0x08000189   Thumb Code     0  entry.o(.ARM.Collect$$$$00000000)
    _main_stk                                0x08000189   Thumb Code     0  entry2.o(.ARM.Collect$$$$00000001)
    _main_scatterload                        0x0800018d   Thumb Code     0  entry5.o(.ARM.Collect$$$$00000004)
    __main_after_scatterload                 0x08000191   Thumb Code     0  entry5.o(.ARM.Collect$$$$00000004)
    _main_clock                              0x08000191   Thumb Code     0  entry7b.o(.ARM.Collect$$$$00000008)
    _main_cpp_init                           0x08000191   Thumb Code     0  entry8b.o(.ARM.Collect$$$$0000000A)
    _main_init                               0x08000191   Thumb Code     0  entry9a.o(.ARM.Collect$$$$0000000B)
    __rt_final_cpp                           0x08000199   Thumb Code     0  entry10a.o(.ARM.Collect$$$$0000000D)
    __rt_final_exit                          0x08000199   Thumb Code     0  entry11a.o(.ARM.Collect$$$$0000000F)
    Reset_Handler                            0x0800019d   Thumb Code     8  startup_stm32f407xx.o(.text)
    ADC_IRQHandler                           0x080001b7   Thumb Code     0  startup_stm32f407xx.o(.text)
    CAN1_RX1_IRQHandler                      0x080001b7   Thumb Code     0  startup_stm32f407xx.o(.text)
    CAN1_SCE_IRQHandler                      0x080001b7   Thumb Code     0  startup_stm32f407xx.o(.text)
    CAN1_TX_IRQHandler                       0x080001b7   Thumb Code     0  startup_stm32f407xx.o(.text)
    CAN2_RX0_IRQHandler                      0x080001b7   Thumb Code     0  startup_stm32f407xx.o(.text)
    CAN2_SCE_IRQHandler                      0x080001b7   Thumb Code     0  startup_stm32f407xx.o(.text)
    CAN2_TX_IRQHandler                       0x080001b7   Thumb Code     0  startup_stm32f407xx.o(.text)
    DCMI_IRQHandler                          0x080001b7   Thumb Code     0  startup_stm32f407xx.o(.text)
    DMA1_Stream0_IRQHandler                  0x080001b7   Thumb Code     0  startup_stm32f407xx.o(.text)
    DMA1_Stream2_IRQHandler                  0x080001b7   Thumb Code     0  startup_stm32f407xx.o(.text)
    DMA1_Stream5_IRQHandler                  0x080001b7   Thumb Code     0  startup_stm32f407xx.o(.text)
    DMA1_Stream6_IRQHandler                  0x080001b7   Thumb Code     0  startup_stm32f407xx.o(.text)
    DMA1_Stream7_IRQHandler                  0x080001b7   Thumb Code     0  startup_stm32f407xx.o(.text)
    DMA2_Stream1_IRQHandler                  0x080001b7   Thumb Code     0  startup_stm32f407xx.o(.text)
    DMA2_Stream2_IRQHandler                  0x080001b7   Thumb Code     0  startup_stm32f407xx.o(.text)
    DMA2_Stream3_IRQHandler                  0x080001b7   Thumb Code     0  startup_stm32f407xx.o(.text)
    DMA2_Stream4_IRQHandler                  0x080001b7   Thumb Code     0  startup_stm32f407xx.o(.text)
    DMA2_Stream5_IRQHandler                  0x080001b7   Thumb Code     0  startup_stm32f407xx.o(.text)
    DMA2_Stream6_IRQHandler                  0x080001b7   Thumb Code     0  startup_stm32f407xx.o(.text)
    DMA2_Stream7_IRQHandler                  0x080001b7   Thumb Code     0  startup_stm32f407xx.o(.text)
    ETH_IRQHandler                           0x080001b7   Thumb Code     0  startup_stm32f407xx.o(.text)
    ETH_WKUP_IRQHandler                      0x080001b7   Thumb Code     0  startup_stm32f407xx.o(.text)
    EXTI0_IRQHandler                         0x080001b7   Thumb Code     0  startup_stm32f407xx.o(.text)
    EXTI1_IRQHandler                         0x080001b7   Thumb Code     0  startup_stm32f407xx.o(.text)
    EXTI2_IRQHandler                         0x080001b7   Thumb Code     0  startup_stm32f407xx.o(.text)
    EXTI3_IRQHandler                         0x080001b7   Thumb Code     0  startup_stm32f407xx.o(.text)
    EXTI4_IRQHandler                         0x080001b7   Thumb Code     0  startup_stm32f407xx.o(.text)
    EXTI9_5_IRQHandler                       0x080001b7   Thumb Code     0  startup_stm32f407xx.o(.text)
    FLASH_IRQHandler                         0x080001b7   Thumb Code     0  startup_stm32f407xx.o(.text)
    FMC_IRQHandler                           0x080001b7   Thumb Code     0  startup_stm32f407xx.o(.text)
    FPU_IRQHandler                           0x080001b7   Thumb Code     0  startup_stm32f407xx.o(.text)
    HASH_RNG_IRQHandler                      0x080001b7   Thumb Code     0  startup_stm32f407xx.o(.text)
    I2C1_ER_IRQHandler                       0x080001b7   Thumb Code     0  startup_stm32f407xx.o(.text)
    I2C1_EV_IRQHandler                       0x080001b7   Thumb Code     0  startup_stm32f407xx.o(.text)
    I2C2_ER_IRQHandler                       0x080001b7   Thumb Code     0  startup_stm32f407xx.o(.text)
    I2C2_EV_IRQHandler                       0x080001b7   Thumb Code     0  startup_stm32f407xx.o(.text)
    I2C3_ER_IRQHandler                       0x080001b7   Thumb Code     0  startup_stm32f407xx.o(.text)
    I2C3_EV_IRQHandler                       0x080001b7   Thumb Code     0  startup_stm32f407xx.o(.text)
    OTG_FS_IRQHandler                        0x080001b7   Thumb Code     0  startup_stm32f407xx.o(.text)
    OTG_FS_WKUP_IRQHandler                   0x080001b7   Thumb Code     0  startup_stm32f407xx.o(.text)
    OTG_HS_EP1_IN_IRQHandler                 0x080001b7   Thumb Code     0  startup_stm32f407xx.o(.text)
    OTG_HS_EP1_OUT_IRQHandler                0x080001b7   Thumb Code     0  startup_stm32f407xx.o(.text)
    OTG_HS_IRQHandler                        0x080001b7   Thumb Code     0  startup_stm32f407xx.o(.text)
    OTG_HS_WKUP_IRQHandler                   0x080001b7   Thumb Code     0  startup_stm32f407xx.o(.text)
    PVD_IRQHandler                           0x080001b7   Thumb Code     0  startup_stm32f407xx.o(.text)
    RTC_Alarm_IRQHandler                     0x080001b7   Thumb Code     0  startup_stm32f407xx.o(.text)
    RTC_WKUP_IRQHandler                      0x080001b7   Thumb Code     0  startup_stm32f407xx.o(.text)
    SDIO_IRQHandler                          0x080001b7   Thumb Code     0  startup_stm32f407xx.o(.text)
    SPI1_IRQHandler                          0x080001b7   Thumb Code     0  startup_stm32f407xx.o(.text)
    SPI2_IRQHandler                          0x080001b7   Thumb Code     0  startup_stm32f407xx.o(.text)
    SPI3_IRQHandler                          0x080001b7   Thumb Code     0  startup_stm32f407xx.o(.text)
    TAMP_STAMP_IRQHandler                    0x080001b7   Thumb Code     0  startup_stm32f407xx.o(.text)
    TIM1_BRK_TIM9_IRQHandler                 0x080001b7   Thumb Code     0  startup_stm32f407xx.o(.text)
    TIM1_CC_IRQHandler                       0x080001b7   Thumb Code     0  startup_stm32f407xx.o(.text)
    TIM1_TRG_COM_TIM11_IRQHandler            0x080001b7   Thumb Code     0  startup_stm32f407xx.o(.text)
    TIM1_UP_TIM10_IRQHandler                 0x080001b7   Thumb Code     0  startup_stm32f407xx.o(.text)
    TIM2_IRQHandler                          0x080001b7   Thumb Code     0  startup_stm32f407xx.o(.text)
    TIM3_IRQHandler                          0x080001b7   Thumb Code     0  startup_stm32f407xx.o(.text)
    TIM4_IRQHandler                          0x080001b7   Thumb Code     0  startup_stm32f407xx.o(.text)
    TIM5_IRQHandler                          0x080001b7   Thumb Code     0  startup_stm32f407xx.o(.text)
    TIM6_DAC_IRQHandler                      0x080001b7   Thumb Code     0  startup_stm32f407xx.o(.text)
    TIM7_IRQHandler                          0x080001b7   Thumb Code     0  startup_stm32f407xx.o(.text)
    TIM8_BRK_TIM12_IRQHandler                0x080001b7   Thumb Code     0  startup_stm32f407xx.o(.text)
    TIM8_CC_IRQHandler                       0x080001b7   Thumb Code     0  startup_stm32f407xx.o(.text)
    TIM8_TRG_COM_TIM14_IRQHandler            0x080001b7   Thumb Code     0  startup_stm32f407xx.o(.text)
    TIM8_UP_TIM13_IRQHandler                 0x080001b7   Thumb Code     0  startup_stm32f407xx.o(.text)
    UART4_IRQHandler                         0x080001b7   Thumb Code     0  startup_stm32f407xx.o(.text)
    UART5_IRQHandler                         0x080001b7   Thumb Code     0  startup_stm32f407xx.o(.text)
    USART1_IRQHandler                        0x080001b7   Thumb Code     0  startup_stm32f407xx.o(.text)
    USART2_IRQHandler                        0x080001b7   Thumb Code     0  startup_stm32f407xx.o(.text)
    USART6_IRQHandler                        0x080001b7   Thumb Code     0  startup_stm32f407xx.o(.text)
    WWDG_IRQHandler                          0x080001b7   Thumb Code     0  startup_stm32f407xx.o(.text)
    __aeabi_uldivmod                         0x080001c1   Thumb Code    98  uldiv.o(.text)
    __aeabi_ldivmod                          0x08000223   Thumb Code    98  ldiv.o(.text)
    __aeabi_memcpy                           0x08000285   Thumb Code    36  memcpya.o(.text)
    __aeabi_memcpy4                          0x08000285   Thumb Code     0  memcpya.o(.text)
    __aeabi_memcpy8                          0x08000285   Thumb Code     0  memcpya.o(.text)
    __aeabi_memset                           0x080002a9   Thumb Code    14  memseta.o(.text)
    __aeabi_memset4                          0x080002a9   Thumb Code     0  memseta.o(.text)
    __aeabi_memset8                          0x080002a9   Thumb Code     0  memseta.o(.text)
    __aeabi_memclr                           0x080002b7   Thumb Code     4  memseta.o(.text)
    __aeabi_memclr4                          0x080002b7   Thumb Code     0  memseta.o(.text)
    __aeabi_memclr8                          0x080002b7   Thumb Code     0  memseta.o(.text)
    _memset$wrapper                          0x080002bb   Thumb Code    18  memseta.o(.text)
    __aeabi_llsl                             0x080002cd   Thumb Code    30  llshl.o(.text)
    _ll_shift_l                              0x080002cd   Thumb Code     0  llshl.o(.text)
    __aeabi_llsr                             0x080002eb   Thumb Code    32  llushr.o(.text)
    _ll_ushift_r                             0x080002eb   Thumb Code     0  llushr.o(.text)
    __scatterload                            0x0800030d   Thumb Code    28  init.o(.text)
    __scatterload_rt2                        0x0800030d   Thumb Code     0  init.o(.text)
    BusFault_Handler                         0x08000331   Thumb Code     2  stm32f4xx_it.o(i.BusFault_Handler)
    CAN1_Config                              0x08000333   Thumb Code    98  can.o(i.CAN1_Config)
    CAN1_RX0_IRQHandler                      0x08000395   Thumb Code     6  stm32f4xx_it.o(i.CAN1_RX0_IRQHandler)
    CAN2_Config                              0x080003a1   Thumb Code   102  can.o(i.CAN2_Config)
    CAN2_RX1_IRQHandler                      0x08000409   Thumb Code     6  stm32f4xx_it.o(i.CAN2_RX1_IRQHandler)
    CS25WQXX_Erase_Sector                    0x08000415   Thumb Code   104  cs25wq256.o(i.CS25WQXX_Erase_Sector)
    CS25WQXX_Init                            0x08000485   Thumb Code    80  cs25wq256.o(i.CS25WQXX_Init)
    CS25WQXX_Read                            0x080004dd   Thumb Code   116  cs25wq256.o(i.CS25WQXX_Read)
    CS25WQXX_ReadID                          0x08000559   Thumb Code    92  cs25wq256.o(i.CS25WQXX_ReadID)
    CS25WQXX_ReadSR                          0x080005b9   Thumb Code    70  cs25wq256.o(i.CS25WQXX_ReadSR)
    CS25WQXX_Wait_Busy                       0x08000605   Thumb Code    18  cs25wq256.o(i.CS25WQXX_Wait_Busy)
    CS25WQXX_Write                           0x08000619   Thumb Code   156  cs25wq256.o(i.CS25WQXX_Write)
    CS25WQXX_Write_Enable                    0x080006b9   Thumb Code    38  cs25wq256.o(i.CS25WQXX_Write_Enable)
    CS25WQXX_Write_NoCheck                   0x080006e5   Thumb Code    66  cs25wq256.o(i.CS25WQXX_Write_NoCheck)
    CS25WQXX_Write_Page                      0x08000729   Thumb Code   124  cs25wq256.o(i.CS25WQXX_Write_Page)
    DMA1_Stream1_IRQHandler                  0x080007ad   Thumb Code     6  stm32f4xx_it.o(i.DMA1_Stream1_IRQHandler)
    DMA1_Stream3_IRQHandler                  0x080007b9   Thumb Code     6  stm32f4xx_it.o(i.DMA1_Stream3_IRQHandler)
    DMA1_Stream4_IRQHandler                  0x080007c5   Thumb Code     6  stm32f4xx_it.o(i.DMA1_Stream4_IRQHandler)
    DMA2_Stream0_IRQHandler                  0x080007d1   Thumb Code     6  stm32f4xx_it.o(i.DMA2_Stream0_IRQHandler)
    DebugMon_Handler                         0x08000881   Thumb Code     2  stm32f4xx_it.o(i.DebugMon_Handler)
    EXTI15_10_IRQHandler                     0x08000883   Thumb Code     8  stm32f4xx_it.o(i.EXTI15_10_IRQHandler)
    Error_Handler                            0x0800088b   Thumb Code     4  main.o(i.Error_Handler)
    FSMC_NORSRAM_Extended_Timing_Init        0x08000891   Thumb Code    56  stm32f4xx_ll_fsmc.o(i.FSMC_NORSRAM_Extended_Timing_Init)
    FSMC_NORSRAM_Init                        0x080008cd   Thumb Code    98  stm32f4xx_ll_fsmc.o(i.FSMC_NORSRAM_Init)
    FSMC_NORSRAM_Timing_Init                 0x08000935   Thumb Code    64  stm32f4xx_ll_fsmc.o(i.FSMC_NORSRAM_Timing_Init)
    HAL_CAN_ActivateNotification             0x08000979   Thumb Code    36  stm32f4xx_hal_can.o(i.HAL_CAN_ActivateNotification)
    HAL_CAN_ConfigFilter                     0x0800099d   Thumb Code   262  stm32f4xx_hal_can.o(i.HAL_CAN_ConfigFilter)
    HAL_CAN_ErrorCallback                    0x08000aa9   Thumb Code     2  stm32f4xx_hal_can.o(i.HAL_CAN_ErrorCallback)
    HAL_CAN_GetRxMessage                     0x08000aab   Thumb Code   232  stm32f4xx_hal_can.o(i.HAL_CAN_GetRxMessage)
    HAL_CAN_IRQHandler                       0x08000b93   Thumb Code   508  stm32f4xx_hal_can.o(i.HAL_CAN_IRQHandler)
    HAL_CAN_Init                             0x08000d8f   Thumb Code   282  stm32f4xx_hal_can.o(i.HAL_CAN_Init)
    HAL_CAN_MspInit                          0x08000ea9   Thumb Code   190  stm32f4xx_hal_msp.o(i.HAL_CAN_MspInit)
    HAL_CAN_RxFifo0FullCallback              0x08000f7d   Thumb Code     2  stm32f4xx_hal_can.o(i.HAL_CAN_RxFifo0FullCallback)
    HAL_CAN_RxFifo0MsgPendingCallback        0x08000f81   Thumb Code    50  can.o(i.HAL_CAN_RxFifo0MsgPendingCallback)
    HAL_CAN_RxFifo1FullCallback              0x08000fc5   Thumb Code     2  stm32f4xx_hal_can.o(i.HAL_CAN_RxFifo1FullCallback)
    HAL_CAN_RxFifo1MsgPendingCallback        0x08000fc9   Thumb Code    44  can.o(i.HAL_CAN_RxFifo1MsgPendingCallback)
    HAL_CAN_SleepCallback                    0x08001001   Thumb Code     2  stm32f4xx_hal_can.o(i.HAL_CAN_SleepCallback)
    HAL_CAN_Start                            0x08001003   Thumb Code    86  stm32f4xx_hal_can.o(i.HAL_CAN_Start)
    HAL_CAN_TxMailbox0AbortCallback          0x08001059   Thumb Code     2  stm32f4xx_hal_can.o(i.HAL_CAN_TxMailbox0AbortCallback)
    HAL_CAN_TxMailbox0CompleteCallback       0x0800105b   Thumb Code     2  stm32f4xx_hal_can.o(i.HAL_CAN_TxMailbox0CompleteCallback)
    HAL_CAN_TxMailbox1AbortCallback          0x0800105d   Thumb Code     2  stm32f4xx_hal_can.o(i.HAL_CAN_TxMailbox1AbortCallback)
    HAL_CAN_TxMailbox1CompleteCallback       0x0800105f   Thumb Code     2  stm32f4xx_hal_can.o(i.HAL_CAN_TxMailbox1CompleteCallback)
    HAL_CAN_TxMailbox2AbortCallback          0x08001061   Thumb Code     2  stm32f4xx_hal_can.o(i.HAL_CAN_TxMailbox2AbortCallback)
    HAL_CAN_TxMailbox2CompleteCallback       0x08001063   Thumb Code     2  stm32f4xx_hal_can.o(i.HAL_CAN_TxMailbox2CompleteCallback)
    HAL_CAN_WakeUpFromRxMsgCallback          0x08001065   Thumb Code     2  stm32f4xx_hal_can.o(i.HAL_CAN_WakeUpFromRxMsgCallback)
    HAL_DMA_Abort                            0x08001067   Thumb Code   146  stm32f4xx_hal_dma.o(i.HAL_DMA_Abort)
    HAL_DMA_Abort_IT                         0x080010f9   Thumb Code    36  stm32f4xx_hal_dma.o(i.HAL_DMA_Abort_IT)
    HAL_DMA_IRQHandler                       0x0800111d   Thumb Code   412  stm32f4xx_hal_dma.o(i.HAL_DMA_IRQHandler)
    HAL_DMA_Init                             0x080012bd   Thumb Code   206  stm32f4xx_hal_dma.o(i.HAL_DMA_Init)
    HAL_DMA_Start_IT                         0x08001391   Thumb Code   110  stm32f4xx_hal_dma.o(i.HAL_DMA_Start_IT)
    HAL_GPIO_EXTI_Callback                   0x0800148d   Thumb Code    24  gpio_usr.o(i.HAL_GPIO_EXTI_Callback)
    HAL_GPIO_EXTI_IRQHandler                 0x080014a9   Thumb Code    18  stm32f4xx_hal_gpio.o(i.HAL_GPIO_EXTI_IRQHandler)
    HAL_GPIO_Init                            0x080014c1   Thumb Code   418  stm32f4xx_hal_gpio.o(i.HAL_GPIO_Init)
    HAL_GPIO_TogglePin                       0x08001691   Thumb Code    16  stm32f4xx_hal_gpio.o(i.HAL_GPIO_TogglePin)
    HAL_GPIO_WritePin                        0x080016a1   Thumb Code    10  stm32f4xx_hal_gpio.o(i.HAL_GPIO_WritePin)
    HAL_GetTick                              0x080016ad   Thumb Code     6  stm32f4xx_hal.o(i.HAL_GetTick)
    HAL_IncTick                              0x080016b9   Thumb Code    12  stm32f4xx_hal.o(i.HAL_IncTick)
    HAL_Init                                 0x080016c9   Thumb Code    48  stm32f4xx_hal.o(i.HAL_Init)
    HAL_InitTick                             0x080016fd   Thumb Code    54  stm32f4xx_hal.o(i.HAL_InitTick)
    HAL_MspInit                              0x0800173d   Thumb Code    42  stm32f4xx_hal_msp.o(i.HAL_MspInit)
    HAL_NVIC_EnableIRQ                       0x0800176d   Thumb Code    26  stm32f4xx_hal_cortex.o(i.HAL_NVIC_EnableIRQ)
    HAL_NVIC_SetPriority                     0x08001789   Thumb Code    60  stm32f4xx_hal_cortex.o(i.HAL_NVIC_SetPriority)
    HAL_NVIC_SetPriorityGrouping             0x080017c9   Thumb Code    26  stm32f4xx_hal_cortex.o(i.HAL_NVIC_SetPriorityGrouping)
    HAL_RCC_ClockConfig                      0x080017ed   Thumb Code   288  stm32f4xx_hal_rcc.o(i.HAL_RCC_ClockConfig)
    HAL_RCC_GetPCLK1Freq                     0x08001921   Thumb Code    20  stm32f4xx_hal_rcc.o(i.HAL_RCC_GetPCLK1Freq)
    HAL_RCC_GetPCLK2Freq                     0x08001941   Thumb Code    20  stm32f4xx_hal_rcc.o(i.HAL_RCC_GetPCLK2Freq)
    HAL_RCC_GetSysClockFreq                  0x08001961   Thumb Code    88  stm32f4xx_hal_rcc.o(i.HAL_RCC_GetSysClockFreq)
    HAL_RCC_OscConfig                        0x080019c1   Thumb Code   836  stm32f4xx_hal_rcc.o(i.HAL_RCC_OscConfig)
    HAL_SPI_Init                             0x08001d19   Thumb Code   188  stm32f4xx_hal_spi.o(i.HAL_SPI_Init)
    HAL_SPI_MspInit                          0x08001dd5   Thumb Code   290  stm32f4xx_hal_msp.o(i.HAL_SPI_MspInit)
    HAL_SPI_Receive                          0x08001f21   Thumb Code   340  stm32f4xx_hal_spi.o(i.HAL_SPI_Receive)
    HAL_SPI_Transmit                         0x08002075   Thumb Code   362  stm32f4xx_hal_spi.o(i.HAL_SPI_Transmit)
    HAL_SPI_TransmitReceive                  0x080021df   Thumb Code   474  stm32f4xx_hal_spi.o(i.HAL_SPI_TransmitReceive)
    HAL_SRAM_Init                            0x080023b9   Thumb Code    92  stm32f4xx_hal_sram.o(i.HAL_SRAM_Init)
    HAL_SRAM_MspInit                         0x08002415   Thumb Code     4  stm32f4xx_hal_msp.o(i.HAL_SRAM_MspInit)
    HAL_SYSTICK_Config                       0x08002419   Thumb Code    40  stm32f4xx_hal_cortex.o(i.HAL_SYSTICK_Config)
    HAL_UARTEx_ReceiveToIdle_DMA             0x08002441   Thumb Code    94  stm32f4xx_hal_uart.o(i.HAL_UARTEx_ReceiveToIdle_DMA)
    HAL_UARTEx_RxEventCallback               0x080024a1   Thumb Code    34  main.o(i.HAL_UARTEx_RxEventCallback)
    HAL_UART_ErrorCallback                   0x080024d1   Thumb Code     2  stm32f4xx_hal_uart.o(i.HAL_UART_ErrorCallback)
    HAL_UART_IRQHandler                      0x080024d5   Thumb Code   610  stm32f4xx_hal_uart.o(i.HAL_UART_IRQHandler)
    HAL_UART_Init                            0x0800273d   Thumb Code    98  stm32f4xx_hal_uart.o(i.HAL_UART_Init)
    HAL_UART_MspInit                         0x080027a1   Thumb Code   210  stm32f4xx_hal_msp.o(i.HAL_UART_MspInit)
    HAL_UART_RxCpltCallback                  0x0800288d   Thumb Code     2  stm32f4xx_hal_uart.o(i.HAL_UART_RxCpltCallback)
    HAL_UART_RxHalfCpltCallback              0x0800288f   Thumb Code     2  stm32f4xx_hal_uart.o(i.HAL_UART_RxHalfCpltCallback)
    HAL_UART_TxCpltCallback                  0x08002891   Thumb Code     2  stm32f4xx_hal_uart.o(i.HAL_UART_TxCpltCallback)
    HardFault_Handler                        0x08002893   Thumb Code     2  stm32f4xx_it.o(i.HardFault_Handler)
    MemManage_Handler                        0x08002b95   Thumb Code     2  stm32f4xx_it.o(i.MemManage_Handler)
    NMI_Handler                              0x08002b97   Thumb Code     2  stm32f4xx_it.o(i.NMI_Handler)
    PendSV_Handler                           0x08002b99   Thumb Code     2  stm32f4xx_it.o(i.PendSV_Handler)
    RCC_IRQHandler                           0x08002b9b   Thumb Code     2  stm32f4xx_it.o(i.RCC_IRQHandler)
    SPI1_ReadWriteByte                       0x08002b9d   Thumb Code    28  spi.o(i.SPI1_ReadWriteByte)
    SVC_Handler                              0x08002d25   Thumb Code     2  stm32f4xx_it.o(i.SVC_Handler)
    SysTick_Handler                          0x08002d29   Thumb Code    48  stm32f4xx_it.o(i.SysTick_Handler)
    SystemClock_Config                       0x08002d65   Thumb Code   142  main.o(i.SystemClock_Config)
    SystemInit                               0x08002dfd   Thumb Code    12  system_stm32f4xx.o(i.SystemInit)
    UART_Start_Receive_DMA                   0x08003139   Thumb Code   138  stm32f4xx_hal_uart.o(i.UART_Start_Receive_DMA)
    USART3_IRQHandler                        0x080031d1   Thumb Code    22  stm32f4xx_it.o(i.USART3_IRQHandler)
    UsageFault_Handler                       0x080031f1   Thumb Code     2  stm32f4xx_it.o(i.UsageFault_Handler)
    __scatterload_copy                       0x08003213   Thumb Code    14  handlers.o(i.__scatterload_copy)
    __scatterload_null                       0x08003221   Thumb Code     2  handlers.o(i.__scatterload_null)
    __scatterload_zeroinit                   0x08003223   Thumb Code    14  handlers.o(i.__scatterload_zeroinit)
    ad9156_parameter_initialize              0x08003231   Thumb Code   246  ad9517.o(i.ad9156_parameter_initialize)
    ad9517_frequency                         0x08003345   Thumb Code   896  ad9517.o(i.ad9517_frequency)
    ad9517_power_mode                        0x080036cd   Thumb Code   228  ad9517.o(i.ad9517_power_mode)
    ad9517_read                              0x080037b5   Thumb Code   124  ad9517.o(i.ad9517_read)
    ad9517_setup                             0x08003835   Thumb Code   492  ad9517.o(i.ad9517_setup)
    ad9517_update                            0x08003a2d   Thumb Code     8  ad9517.o(i.ad9517_update)
    ad9517_vco_frequency                     0x08003a39   Thumb Code   428  ad9517.o(i.ad9517_vco_frequency)
    ad9517_write                             0x08003c19   Thumb Code   116  ad9517.o(i.ad9517_write)
    delay_ms                                 0x08003c91   Thumb Code    26  delay.o(i.delay_ms)
    delay_us                                 0x08003cad   Thumb Code    48  delay.o(i.delay_us)
    dividers_checker                         0x08003ce1   Thumb Code    44  ad9517.o(i.dividers_checker)
    main                                     0x08003d0d   Thumb Code   610  main.o(i.main)
    malloc                                   0x08003fa1   Thumb Code    92  malloc.o(i.malloc)
    rd_fpga_reg                              0x0800400d   Thumb Code    10  fpga_fsmc.o(i.rd_fpga_reg)
    wr_fpga_reg                              0x08004017   Thumb Code    12  fpga_fsmc.o(i.wr_fpga_reg)
    TEXT_Buffer                              0x08004078   Data          26  main.o(.constdata)
    AHBPrescTable                            0x0800409a   Data          16  system_stm32f4xx.o(.constdata)
    APBPrescTable                            0x080040aa   Data           8  system_stm32f4xx.o(.constdata)
    Region$$Table$$Base                      0x080040b4   Number         0  anon$$obj.o(Region$$Table)
    Region$$Table$$Limit                     0x080040d4   Number         0  anon$$obj.o(Region$$Table)
    CS25WQXX_TYPE                            0x20000000   Data           2  cs25wq256.o(.data)
    cnt                                      0x20000024   Data           1  main.o(.data)
    data16_gl                                0x20000026   Data           2  main.o(.data)
    AD9516_1_DEV                             0x20000028   Data           4  main.o(.data)
    timer_500ms_flag                         0x2000002c   Data           4  main.o(.data)
    timer_1s_flag                            0x20000030   Data           4  main.o(.data)
    uart_state_flag                          0x20000034   Data           4  main.o(.data)
    CAN1TxData                               0x20000038   Data           8  main.o(.data)
    CAN2TxData                               0x20000040   Data           8  main.o(.data)
    CAN1RxData                               0x20000048   Data           8  main.o(.data)
    CAN2RxData                               0x20000050   Data           8  main.o(.data)
    uwTickFreq                               0x2000006c   Data           1  stm32f4xx_hal.o(.data)
    uwTickPrio                               0x20000070   Data           4  stm32f4xx_hal.o(.data)
    uwTick                                   0x20000074   Data           4  stm32f4xx_hal.o(.data)
    SystemCoreClock                          0x20000078   Data           4  system_stm32f4xx.o(.data)
    __microlib_freelist                      0x2000007c   Data           4  mvars.o(.data)
    __microlib_freelist_initialised          0x20000080   Data           4  mvars.o(.data)
    CS25WQXX_BUFFER                          0x20000084   Data        4096  cs25wq256.o(.bss)
    hcan1                                    0x20001088   Data          40  main.o(.bss)
    hcan2                                    0x200010b0   Data          40  main.o(.bss)
    hspi1                                    0x200010d8   Data          88  main.o(.bss)
    hspi2                                    0x20001130   Data          88  main.o(.bss)
    huart3                                   0x20001188   Data          68  main.o(.bss)
    hdma_usart3_rx                           0x200011cc   Data          96  main.o(.bss)
    hsram1                                   0x2000122c   Data          80  main.o(.bss)
    CAN1TxHeader                             0x2000127c   Data          24  main.o(.bss)
    CAN2TxHeader                             0x20001294   Data          24  main.o(.bss)
    rx_buffer                                0x200012ac   Data          16  main.o(.bss)
    ad9516_param                             0x200012bc   Data          32  main.o(.bss)
    ad9516_pdata                             0x200012e0   Data          56  main.o(.bss)
    ad9516_lvpecl_channel                    0x20001318   Data         114  main.o(.bss)
    ad9516_lvds_channel                      0x2000138a   Data          84  main.o(.bss)
    hdma_spi1_rx                             0x200013e0   Data          96  main.o(.bss)
    hdma_spi2_rx                             0x20001440   Data          96  main.o(.bss)
    hdma_usart3_tx                           0x200014a0   Data          96  main.o(.bss)
    CAN1RxHeader                             0x20001500   Data          28  main.o(.bss)
    CAN2RxHeader                             0x2000151c   Data          28  main.o(.bss)
    __heap_base                              0x20001538   Data           0  startup_stm32f407xx.o(HEAP)
    __heap_limit                             0x20001738   Data           0  startup_stm32f407xx.o(HEAP)
    __initial_sp                             0x20001b38   Data           0  startup_stm32f407xx.o(STACK)



==============================================================================

Memory Map of the image

  Image Entry point : 0x08000189

  Load Region LR_IROM1 (Base: 0x08000000, Size: 0x00004158, Max: 0x00100000, ABSOLUTE)

    Execution Region ER_IROM1 (Base: 0x08000000, Size: 0x000040d4, Max: 0x00100000, ABSOLUTE)

    Base Addr    Size         Type   Attr      Idx    E Section Name        Object

    0x08000000   0x00000188   Data   RO            3    RESET               startup_stm32f407xx.o
    0x08000188   0x00000000   Code   RO         3239  * .ARM.Collect$$$$00000000  mc_w.l(entry.o)
    0x08000188   0x00000004   Code   RO         3280    .ARM.Collect$$$$00000001  mc_w.l(entry2.o)
    0x0800018c   0x00000004   Code   RO         3283    .ARM.Collect$$$$00000004  mc_w.l(entry5.o)
    0x08000190   0x00000000   Code   RO         3285    .ARM.Collect$$$$00000008  mc_w.l(entry7b.o)
    0x08000190   0x00000000   Code   RO         3287    .ARM.Collect$$$$0000000A  mc_w.l(entry8b.o)
    0x08000190   0x00000008   Code   RO         3288    .ARM.Collect$$$$0000000B  mc_w.l(entry9a.o)
    0x08000198   0x00000000   Code   RO         3290    .ARM.Collect$$$$0000000D  mc_w.l(entry10a.o)
    0x08000198   0x00000000   Code   RO         3292    .ARM.Collect$$$$0000000F  mc_w.l(entry11a.o)
    0x08000198   0x00000004   Code   RO         3281    .ARM.Collect$$$$00002712  mc_w.l(entry2.o)
    0x0800019c   0x00000024   Code   RO            4    .text               startup_stm32f407xx.o
    0x080001c0   0x00000062   Code   RO         3242    .text               mc_w.l(uldiv.o)
    0x08000222   0x00000062   Code   RO         3244    .text               mc_w.l(ldiv.o)
    0x08000284   0x00000024   Code   RO         3246    .text               mc_w.l(memcpya.o)
    0x080002a8   0x00000024   Code   RO         3248    .text               mc_w.l(memseta.o)
    0x080002cc   0x0000001e   Code   RO         3294    .text               mc_w.l(llshl.o)
    0x080002ea   0x00000020   Code   RO         3296    .text               mc_w.l(llushr.o)
    0x0800030a   0x00000002   PAD
    0x0800030c   0x00000024   Code   RO         3300    .text               mc_w.l(init.o)
    0x08000330   0x00000002   Code   RO          626    i.BusFault_Handler  stm32f4xx_it.o
    0x08000332   0x00000062   Code   RO           13    i.CAN1_Config       can.o
    0x08000394   0x0000000c   Code   RO          627    i.CAN1_RX0_IRQHandler  stm32f4xx_it.o
    0x080003a0   0x00000066   Code   RO           14    i.CAN2_Config       can.o
    0x08000406   0x00000002   PAD
    0x08000408   0x0000000c   Code   RO          628    i.CAN2_RX1_IRQHandler  stm32f4xx_it.o
    0x08000414   0x00000070   Code   RO          172    i.CS25WQXX_Erase_Sector  cs25wq256.o
    0x08000484   0x00000058   Code   RO          173    i.CS25WQXX_Init     cs25wq256.o
    0x080004dc   0x0000007c   Code   RO          175    i.CS25WQXX_Read     cs25wq256.o
    0x08000558   0x00000060   Code   RO          176    i.CS25WQXX_ReadID   cs25wq256.o
    0x080005b8   0x0000004c   Code   RO          177    i.CS25WQXX_ReadSR   cs25wq256.o
    0x08000604   0x00000012   Code   RO          179    i.CS25WQXX_Wait_Busy  cs25wq256.o
    0x08000616   0x00000002   PAD
    0x08000618   0x000000a0   Code   RO          180    i.CS25WQXX_Write    cs25wq256.o
    0x080006b8   0x0000002c   Code   RO          182    i.CS25WQXX_Write_Enable  cs25wq256.o
    0x080006e4   0x00000042   Code   RO          183    i.CS25WQXX_Write_NoCheck  cs25wq256.o
    0x08000726   0x00000002   PAD
    0x08000728   0x00000084   Code   RO          184    i.CS25WQXX_Write_Page  cs25wq256.o
    0x080007ac   0x0000000c   Code   RO          629    i.DMA1_Stream1_IRQHandler  stm32f4xx_it.o
    0x080007b8   0x0000000c   Code   RO          630    i.DMA1_Stream3_IRQHandler  stm32f4xx_it.o
    0x080007c4   0x0000000c   Code   RO          631    i.DMA1_Stream4_IRQHandler  stm32f4xx_it.o
    0x080007d0   0x0000000c   Code   RO          632    i.DMA2_Stream0_IRQHandler  stm32f4xx_it.o
    0x080007dc   0x00000028   Code   RO         1555    i.DMA_CalcBaseAndBitshift  stm32f4xx_hal_dma.o
    0x08000804   0x00000054   Code   RO         1556    i.DMA_CheckFifoParam  stm32f4xx_hal_dma.o
    0x08000858   0x00000028   Code   RO         1557    i.DMA_SetConfig     stm32f4xx_hal_dma.o
    0x08000880   0x00000002   Code   RO          633    i.DebugMon_Handler  stm32f4xx_it.o
    0x08000882   0x00000008   Code   RO          634    i.EXTI15_10_IRQHandler  stm32f4xx_it.o
    0x0800088a   0x00000004   Code   RO          518    i.Error_Handler     main.o
    0x0800088e   0x00000002   PAD
    0x08000890   0x0000003c   Code   RO         2236    i.FSMC_NORSRAM_Extended_Timing_Init  stm32f4xx_ll_fsmc.o
    0x080008cc   0x00000068   Code   RO         2237    i.FSMC_NORSRAM_Init  stm32f4xx_ll_fsmc.o
    0x08000934   0x00000044   Code   RO         2238    i.FSMC_NORSRAM_Timing_Init  stm32f4xx_ll_fsmc.o
    0x08000978   0x00000024   Code   RO          863    i.HAL_CAN_ActivateNotification  stm32f4xx_hal_can.o
    0x0800099c   0x0000010c   Code   RO          865    i.HAL_CAN_ConfigFilter  stm32f4xx_hal_can.o
    0x08000aa8   0x00000002   Code   RO          868    i.HAL_CAN_ErrorCallback  stm32f4xx_hal_can.o
    0x08000aaa   0x000000e8   Code   RO          871    i.HAL_CAN_GetRxMessage  stm32f4xx_hal_can.o
    0x08000b92   0x000001fc   Code   RO          875    i.HAL_CAN_IRQHandler  stm32f4xx_hal_can.o
    0x08000d8e   0x0000011a   Code   RO          876    i.HAL_CAN_Init      stm32f4xx_hal_can.o
    0x08000ea8   0x000000d4   Code   RO          758    i.HAL_CAN_MspInit   stm32f4xx_hal_msp.o
    0x08000f7c   0x00000002   Code   RO          883    i.HAL_CAN_RxFifo0FullCallback  stm32f4xx_hal_can.o
    0x08000f7e   0x00000002   PAD
    0x08000f80   0x00000044   Code   RO           16    i.HAL_CAN_RxFifo0MsgPendingCallback  can.o
    0x08000fc4   0x00000002   Code   RO          885    i.HAL_CAN_RxFifo1FullCallback  stm32f4xx_hal_can.o
    0x08000fc6   0x00000002   PAD
    0x08000fc8   0x00000038   Code   RO           17    i.HAL_CAN_RxFifo1MsgPendingCallback  can.o
    0x08001000   0x00000002   Code   RO          887    i.HAL_CAN_SleepCallback  stm32f4xx_hal_can.o
    0x08001002   0x00000056   Code   RO          888    i.HAL_CAN_Start     stm32f4xx_hal_can.o
    0x08001058   0x00000002   Code   RO          890    i.HAL_CAN_TxMailbox0AbortCallback  stm32f4xx_hal_can.o
    0x0800105a   0x00000002   Code   RO          891    i.HAL_CAN_TxMailbox0CompleteCallback  stm32f4xx_hal_can.o
    0x0800105c   0x00000002   Code   RO          892    i.HAL_CAN_TxMailbox1AbortCallback  stm32f4xx_hal_can.o
    0x0800105e   0x00000002   Code   RO          893    i.HAL_CAN_TxMailbox1CompleteCallback  stm32f4xx_hal_can.o
    0x08001060   0x00000002   Code   RO          894    i.HAL_CAN_TxMailbox2AbortCallback  stm32f4xx_hal_can.o
    0x08001062   0x00000002   Code   RO          895    i.HAL_CAN_TxMailbox2CompleteCallback  stm32f4xx_hal_can.o
    0x08001064   0x00000002   Code   RO          897    i.HAL_CAN_WakeUpFromRxMsgCallback  stm32f4xx_hal_can.o
    0x08001066   0x00000092   Code   RO         1558    i.HAL_DMA_Abort     stm32f4xx_hal_dma.o
    0x080010f8   0x00000024   Code   RO         1559    i.HAL_DMA_Abort_IT  stm32f4xx_hal_dma.o
    0x0800111c   0x000001a0   Code   RO         1563    i.HAL_DMA_IRQHandler  stm32f4xx_hal_dma.o
    0x080012bc   0x000000d4   Code   RO         1564    i.HAL_DMA_Init      stm32f4xx_hal_dma.o
    0x08001390   0x0000006e   Code   RO         1568    i.HAL_DMA_Start_IT  stm32f4xx_hal_dma.o
    0x080013fe   0x00000002   PAD
    0x08001400   0x0000008c   Code   RO          759    i.HAL_FSMC_MspInit  stm32f4xx_hal_msp.o
    0x0800148c   0x0000001c   Code   RO          837    i.HAL_GPIO_EXTI_Callback  gpio_usr.o
    0x080014a8   0x00000018   Code   RO         1450    i.HAL_GPIO_EXTI_IRQHandler  stm32f4xx_hal_gpio.o
    0x080014c0   0x000001d0   Code   RO         1451    i.HAL_GPIO_Init     stm32f4xx_hal_gpio.o
    0x08001690   0x00000010   Code   RO         1454    i.HAL_GPIO_TogglePin  stm32f4xx_hal_gpio.o
    0x080016a0   0x0000000a   Code   RO         1455    i.HAL_GPIO_WritePin  stm32f4xx_hal_gpio.o
    0x080016aa   0x00000002   PAD
    0x080016ac   0x0000000c   Code   RO         1983    i.HAL_GetTick       stm32f4xx_hal.o
    0x080016b8   0x00000010   Code   RO         1989    i.HAL_IncTick       stm32f4xx_hal.o
    0x080016c8   0x00000034   Code   RO         1990    i.HAL_Init          stm32f4xx_hal.o
    0x080016fc   0x00000040   Code   RO         1991    i.HAL_InitTick      stm32f4xx_hal.o
    0x0800173c   0x00000030   Code   RO          760    i.HAL_MspInit       stm32f4xx_hal_msp.o
    0x0800176c   0x0000001a   Code   RO         1840    i.HAL_NVIC_EnableIRQ  stm32f4xx_hal_cortex.o
    0x08001786   0x00000002   PAD
    0x08001788   0x00000040   Code   RO         1846    i.HAL_NVIC_SetPriority  stm32f4xx_hal_cortex.o
    0x080017c8   0x00000024   Code   RO         1847    i.HAL_NVIC_SetPriorityGrouping  stm32f4xx_hal_cortex.o
    0x080017ec   0x00000134   Code   RO         1097    i.HAL_RCC_ClockConfig  stm32f4xx_hal_rcc.o
    0x08001920   0x00000020   Code   RO         1104    i.HAL_RCC_GetPCLK1Freq  stm32f4xx_hal_rcc.o
    0x08001940   0x00000020   Code   RO         1105    i.HAL_RCC_GetPCLK2Freq  stm32f4xx_hal_rcc.o
    0x08001960   0x00000060   Code   RO         1106    i.HAL_RCC_GetSysClockFreq  stm32f4xx_hal_rcc.o
    0x080019c0   0x00000358   Code   RO         1109    i.HAL_RCC_OscConfig  stm32f4xx_hal_rcc.o
    0x08001d18   0x000000bc   Code   RO         2500    i.HAL_SPI_Init      stm32f4xx_hal_spi.o
    0x08001dd4   0x0000014c   Code   RO          762    i.HAL_SPI_MspInit   stm32f4xx_hal_msp.o
    0x08001f20   0x00000154   Code   RO         2503    i.HAL_SPI_Receive   stm32f4xx_hal_spi.o
    0x08002074   0x0000016a   Code   RO         2508    i.HAL_SPI_Transmit  stm32f4xx_hal_spi.o
    0x080021de   0x000001da   Code   RO         2509    i.HAL_SPI_TransmitReceive  stm32f4xx_hal_spi.o
    0x080023b8   0x0000005c   Code   RO         2358    i.HAL_SRAM_Init     stm32f4xx_hal_sram.o
    0x08002414   0x00000004   Code   RO          764    i.HAL_SRAM_MspInit  stm32f4xx_hal_msp.o
    0x08002418   0x00000028   Code   RO         1851    i.HAL_SYSTICK_Config  stm32f4xx_hal_cortex.o
    0x08002440   0x0000005e   Code   RO         2856    i.HAL_UARTEx_ReceiveToIdle_DMA  stm32f4xx_hal_uart.o
    0x0800249e   0x00000002   PAD
    0x080024a0   0x00000030   Code   RO          519    i.HAL_UARTEx_RxEventCallback  main.o
    0x080024d0   0x00000002   Code   RO         2872    i.HAL_UART_ErrorCallback  stm32f4xx_hal_uart.o
    0x080024d2   0x00000002   PAD
    0x080024d4   0x00000268   Code   RO         2875    i.HAL_UART_IRQHandler  stm32f4xx_hal_uart.o
    0x0800273c   0x00000062   Code   RO         2876    i.HAL_UART_Init     stm32f4xx_hal_uart.o
    0x0800279e   0x00000002   PAD
    0x080027a0   0x000000ec   Code   RO          766    i.HAL_UART_MspInit  stm32f4xx_hal_msp.o
    0x0800288c   0x00000002   Code   RO         2882    i.HAL_UART_RxCpltCallback  stm32f4xx_hal_uart.o
    0x0800288e   0x00000002   Code   RO         2883    i.HAL_UART_RxHalfCpltCallback  stm32f4xx_hal_uart.o
    0x08002890   0x00000002   Code   RO         2887    i.HAL_UART_TxCpltCallback  stm32f4xx_hal_uart.o
    0x08002892   0x00000002   Code   RO          635    i.HardFault_Handler  stm32f4xx_it.o
    0x08002894   0x00000040   Code   RO          520    i.MX_CAN1_Init      main.o
    0x080028d4   0x00000040   Code   RO          521    i.MX_CAN2_Init      main.o
    0x08002914   0x00000074   Code   RO          522    i.MX_FSMC_Init      main.o
    0x08002988   0x0000010c   Code   RO          523    i.MX_GPIO_Init      main.o
    0x08002a94   0x00000076   Code   RO          524    i.MX_NVIC_Init      main.o
    0x08002b0a   0x00000002   PAD
    0x08002b0c   0x00000044   Code   RO          525    i.MX_SPI1_Init      main.o
    0x08002b50   0x00000044   Code   RO          526    i.MX_SPI2_Init      main.o
    0x08002b94   0x00000002   Code   RO          636    i.MemManage_Handler  stm32f4xx_it.o
    0x08002b96   0x00000002   Code   RO          637    i.NMI_Handler       stm32f4xx_it.o
    0x08002b98   0x00000002   Code   RO          638    i.PendSV_Handler    stm32f4xx_it.o
    0x08002b9a   0x00000002   Code   RO          639    i.RCC_IRQHandler    stm32f4xx_it.o
    0x08002b9c   0x0000001c   Code   RO          297    i.SPI1_ReadWriteByte  spi.o
    0x08002bb8   0x0000005c   Code   RO         2537    i.SPI_EndRxTransaction  stm32f4xx_hal_spi.o
    0x08002c14   0x00000058   Code   RO         2538    i.SPI_EndRxTxTransaction  stm32f4xx_hal_spi.o
    0x08002c6c   0x000000b8   Code   RO         2543    i.SPI_WaitFlagStateUntilTimeout  stm32f4xx_hal_spi.o
    0x08002d24   0x00000002   Code   RO          640    i.SVC_Handler       stm32f4xx_it.o
    0x08002d26   0x00000002   PAD
    0x08002d28   0x0000003c   Code   RO          641    i.SysTick_Handler   stm32f4xx_it.o
    0x08002d64   0x00000098   Code   RO          527    i.SystemClock_Config  main.o
    0x08002dfc   0x00000010   Code   RO         3205    i.SystemInit        system_stm32f4xx.o
    0x08002e0c   0x00000010   Code   RO         2889    i.UART_DMAAbortOnError  stm32f4xx_hal_uart.o
    0x08002e1c   0x0000004a   Code   RO         2890    i.UART_DMAError     stm32f4xx_hal_uart.o
    0x08002e66   0x00000082   Code   RO         2891    i.UART_DMAReceiveCplt  stm32f4xx_hal_uart.o
    0x08002ee8   0x0000001a   Code   RO         2893    i.UART_DMARxHalfCplt  stm32f4xx_hal_uart.o
    0x08002f02   0x0000004e   Code   RO         2899    i.UART_EndRxTransfer  stm32f4xx_hal_uart.o
    0x08002f50   0x0000001c   Code   RO         2900    i.UART_EndTxTransfer  stm32f4xx_hal_uart.o
    0x08002f6c   0x000000c0   Code   RO         2901    i.UART_Receive_IT   stm32f4xx_hal_uart.o
    0x0800302c   0x0000010c   Code   RO         2902    i.UART_SetConfig    stm32f4xx_hal_uart.o
    0x08003138   0x00000098   Code   RO         2903    i.UART_Start_Receive_DMA  stm32f4xx_hal_uart.o
    0x080031d0   0x00000020   Code   RO          642    i.USART3_IRQHandler  stm32f4xx_it.o
    0x080031f0   0x00000002   Code   RO          643    i.UsageFault_Handler  stm32f4xx_it.o
    0x080031f2   0x00000020   Code   RO         1853    i.__NVIC_SetPriority  stm32f4xx_hal_cortex.o
    0x08003212   0x0000000e   Code   RO         3304    i.__scatterload_copy  mc_w.l(handlers.o)
    0x08003220   0x00000002   Code   RO         3305    i.__scatterload_null  mc_w.l(handlers.o)
    0x08003222   0x0000000e   Code   RO         3306    i.__scatterload_zeroinit  mc_w.l(handlers.o)
    0x08003230   0x00000114   Code   RO          330    i.ad9156_parameter_initialize  ad9517.o
    0x08003344   0x00000388   Code   RO          331    i.ad9517_frequency  ad9517.o
    0x080036cc   0x000000e8   Code   RO          333    i.ad9517_power_mode  ad9517.o
    0x080037b4   0x00000080   Code   RO          334    i.ad9517_read       ad9517.o
    0x08003834   0x000001f8   Code   RO          335    i.ad9517_setup      ad9517.o
    0x08003a2c   0x0000000c   Code   RO          336    i.ad9517_update     ad9517.o
    0x08003a38   0x000001e0   Code   RO          337    i.ad9517_vco_frequency  ad9517.o
    0x08003c18   0x00000078   Code   RO          338    i.ad9517_write      ad9517.o
    0x08003c90   0x0000001a   Code   RO          422    i.delay_ms          delay.o
    0x08003caa   0x00000002   PAD
    0x08003cac   0x00000034   Code   RO          423    i.delay_us          delay.o
    0x08003ce0   0x0000002c   Code   RO          339    i.dividers_checker  ad9517.o
    0x08003d0c   0x00000294   Code   RO          528    i.main              main.o
    0x08003fa0   0x0000006c   Code   RO         3253    i.malloc            mc_w.l(malloc.o)
    0x0800400c   0x0000000a   Code   RO          463    i.rd_fpga_reg       fpga_fsmc.o
    0x08004016   0x0000000c   Code   RO          466    i.wr_fpga_reg       fpga_fsmc.o
    0x08004022   0x00000006   PAD
    0x08004028   0x00000050   Data   RO          340    .constdata          ad9517.o
    0x08004078   0x0000001a   Data   RO          535    .constdata          main.o
    0x08004092   0x00000008   Data   RO         1570    .constdata          stm32f4xx_hal_dma.o
    0x0800409a   0x00000010   Data   RO         3206    .constdata          system_stm32f4xx.o
    0x080040aa   0x00000008   Data   RO         3207    .constdata          system_stm32f4xx.o
    0x080040b2   0x00000002   PAD
    0x080040b4   0x00000020   Data   RO         3302    Region$$Table       anon$$obj.o


    Execution Region RW_IRAM1 (Base: 0x20000000, Size: 0x00001b38, Max: 0x0001c000, ABSOLUTE)

    Base Addr    Size         Type   Attr      Idx    E Section Name        Object

    0x20000000   0x00000008   Data   RW          188    .data               cs25wq256.o
    0x20000008   0x00000018   Data   RW          341    .data               ad9517.o
    0x20000020   0x00000004   Data   RW          424    .data               delay.o
    0x20000024   0x00000024   Data   RW          536    .data               main.o
    0x20000048   0x00000008   Data   RW          537    .data               main.o
    0x20000050   0x00000008   Data   RW          538    .data               main.o
    0x20000058   0x00000008   Data   RW          644    .data               stm32f4xx_it.o
    0x20000060   0x0000000c   Data   RW          767    .data               stm32f4xx_hal_msp.o
    0x2000006c   0x0000000c   Data   RW         1997    .data               stm32f4xx_hal.o
    0x20000078   0x00000004   Data   RW         3208    .data               system_stm32f4xx.o
    0x2000007c   0x00000004   Data   RW         3298    .data               mc_w.l(mvars.o)
    0x20000080   0x00000004   Data   RW         3299    .data               mc_w.l(mvars.o)
    0x20000084   0x00001000   Zero   RW          187    .bss                cs25wq256.o
    0x20001084   0x00000004   PAD
    0x20001088   0x00000356   Zero   RW          529    .bss                main.o
    0x200013de   0x00000002   PAD
    0x200013e0   0x00000060   Zero   RW          530    .bss                main.o
    0x20001440   0x00000060   Zero   RW          531    .bss                main.o
    0x200014a0   0x00000060   Zero   RW          532    .bss                main.o
    0x20001500   0x0000001c   Zero   RW          533    .bss                main.o
    0x2000151c   0x0000001c   Zero   RW          534    .bss                main.o
    0x20001538   0x00000200   Zero   RW            2    HEAP                startup_stm32f407xx.o
    0x20001738   0x00000400   Zero   RW            1    STACK               startup_stm32f407xx.o


    Execution Region RW_IRAM2 (Base: 0x2001c000, Size: 0x00000000, Max: 0x00004000, ABSOLUTE)

    **** No section assigned to this execution region ****


==============================================================================

Image component sizes


      Code (inc. data)   RO Data    RW Data    ZI Data      Debug   Object Name

      2700        136         80         24          0      19945   ad9517.o
       324         30          0          0          0     694710   can.o
       916         52          0          8       4096       6995   cs25wq256.o
        78          4          0          4          0       3726   delay.o
        22          0          0          0          0       1286   fpga_fsmc.o
        28          4          0          0          0        529   gpio_usr.o
      1630        134         26         52       1198      19741   main.o
        28          0          0          0          0        853   spi.o
        36          8        392          0       1536        836   startup_stm32f407xx.o
       144         24          0         12          0       8733   stm32f4xx_hal.o
      1434          6          0          0          0      11864   stm32f4xx_hal_can.o
       198         14          0          0          0      33571   stm32f4xx_hal_cortex.o
      1084         16          8          0          0       6542   stm32f4xx_hal_dma.o
       514         52          0          0          0       3172   stm32f4xx_hal_gpio.o
       972        118          0         12          0       5050   stm32f4xx_hal_msp.o
      1324         72          0          0          0       5016   stm32f4xx_hal_rcc.o
      1728         12          0          0          0       6830   stm32f4xx_hal_spi.o
        92          0          0          0          0       1116   stm32f4xx_hal_sram.o
      1780         30          0          0          0      11849   stm32f4xx_hal_uart.o
       190         58          0          8          0       8542   stm32f4xx_it.o
       232         14          0          0          0       3723   stm32f4xx_ll_fsmc.o
        16          4         24          4          0       1127   system_stm32f4xx.o

    ----------------------------------------------------------------------
     15506        788        564        124       6836     855756   Object Totals
         0          0         32          0          0          0   (incl. Generated)
        36          0          2          0          6          0   (incl. Padding)

    ----------------------------------------------------------------------

      Code (inc. data)   RO Data    RW Data    ZI Data      Debug   Library Member Name

         0          0          0          0          0          0   entry.o
         0          0          0          0          0          0   entry10a.o
         0          0          0          0          0          0   entry11a.o
         8          4          0          0          0          0   entry2.o
         4          0          0          0          0          0   entry5.o
         0          0          0          0          0          0   entry7b.o
         0          0          0          0          0          0   entry8b.o
         8          4          0          0          0          0   entry9a.o
        30          0          0          0          0          0   handlers.o
        36          8          0          0          0         68   init.o
        98          0          0          0          0         84   ldiv.o
        30          0          0          0          0         68   llshl.o
        32          0          0          0          0         68   llushr.o
       108         16          0          0          0         84   malloc.o
        36          0          0          0          0         68   memcpya.o
        36          0          0          0          0        108   memseta.o
         0          0          0          8          0          0   mvars.o
        98          0          0          0          0         92   uldiv.o

    ----------------------------------------------------------------------
       526         32          0          8          0        640   Library Totals
         2          0          0          0          0          0   (incl. Padding)

    ----------------------------------------------------------------------

      Code (inc. data)   RO Data    RW Data    ZI Data      Debug   Library Name

       524         32          0          8          0        640   mc_w.l

    ----------------------------------------------------------------------
       526         32          0          8          0        640   Library Totals

    ----------------------------------------------------------------------

==============================================================================


      Code (inc. data)   RO Data    RW Data    ZI Data      Debug   

     16032        820        564        132       6836     843640   Grand Totals
     16032        820        564        132       6836     843640   ELF Image Totals
     16032        820        564        132          0          0   ROM Totals

==============================================================================

    Total RO  Size (Code + RO Data)                16596 (  16.21kB)
    Total RW  Size (RW Data + ZI Data)              6968 (   6.80kB)
    Total ROM Size (Code + RO Data + RW Data)      16728 (  16.34kB)

==============================================================================

