Component: ARM Compiler 5.05 update 1 (build 106) Tool: armlink [4d0efa]

==============================================================================

Section Cross References

    startup_stm32f407xx.o(STACK) refers (Special) to heapauxi.o(.text) for __use_two_region_memory
    startup_stm32f407xx.o(HEAP) refers (Special) to heapauxi.o(.text) for __use_two_region_memory
    startup_stm32f407xx.o(RESET) refers (Special) to heapauxi.o(.text) for __use_two_region_memory
    startup_stm32f407xx.o(RESET) refers to startup_stm32f407xx.o(STACK) for __initial_sp
    startup_stm32f407xx.o(RESET) refers to startup_stm32f407xx.o(.text) for Reset_Handler
    startup_stm32f407xx.o(RESET) refers to stm32f4xx_it.o(i.NMI_Handler) for NMI_Handler
    startup_stm32f407xx.o(RESET) refers to stm32f4xx_it.o(i.HardFault_Handler) for HardFault_Handler
    startup_stm32f407xx.o(RESET) refers to stm32f4xx_it.o(i.MemManage_Handler) for MemManage_Handler
    startup_stm32f407xx.o(RESET) refers to stm32f4xx_it.o(i.BusFault_Handler) for BusFault_Handler
    startup_stm32f407xx.o(RESET) refers to stm32f4xx_it.o(i.UsageFault_Handler) for UsageFault_Handler
    startup_stm32f407xx.o(RESET) refers to stm32f4xx_it.o(i.SVC_Handler) for SVC_Handler
    startup_stm32f407xx.o(RESET) refers to stm32f4xx_it.o(i.DebugMon_Handler) for DebugMon_Handler
    startup_stm32f407xx.o(RESET) refers to stm32f4xx_it.o(i.PendSV_Handler) for PendSV_Handler
    startup_stm32f407xx.o(RESET) refers to stm32f4xx_it.o(i.SysTick_Handler) for SysTick_Handler
    startup_stm32f407xx.o(RESET) refers to stm32f4xx_it.o(i.DMA1_Stream3_IRQHandler) for DMA1_Stream3_IRQHandler
    startup_stm32f407xx.o(RESET) refers to stm32f4xx_it.o(i.CAN1_RX0_IRQHandler) for CAN1_RX0_IRQHandler
    startup_stm32f407xx.o(RESET) refers to stm32f4xx_it.o(i.CAN1_RX1_IRQHandler) for CAN1_RX1_IRQHandler
    startup_stm32f407xx.o(RESET) refers to stm32f4xx_it.o(i.DMA2_Stream0_IRQHandler) for DMA2_Stream0_IRQHandler
    startup_stm32f407xx.o(RESET) refers to stm32f4xx_it.o(i.CAN2_RX0_IRQHandler) for CAN2_RX0_IRQHandler
    startup_stm32f407xx.o(RESET) refers to stm32f4xx_it.o(i.CAN2_RX1_IRQHandler) for CAN2_RX1_IRQHandler
    startup_stm32f407xx.o(.text) refers (Special) to heapauxi.o(.text) for __use_two_region_memory
    startup_stm32f407xx.o(.text) refers to system_stm32f4xx.o(i.SystemInit) for SystemInit
    startup_stm32f407xx.o(.text) refers to __main.o(!!!main) for __main
    startup_stm32f407xx.o(.text) refers to startup_stm32f407xx.o(HEAP) for Heap_Mem
    startup_stm32f407xx.o(.text) refers to startup_stm32f407xx.o(STACK) for Stack_Mem
    can.o(i.CAN_Config) refers to stm32f4xx_hal_can.o(i.HAL_CAN_ConfigFilter) for HAL_CAN_ConfigFilter
    can.o(i.CAN_Config) refers to stm32f4xx_hal_can.o(i.HAL_CAN_Start) for HAL_CAN_Start
    can.o(i.CAN_Config) refers to stm32f4xx_hal_can.o(i.HAL_CAN_ActivateNotification) for HAL_CAN_ActivateNotification
    can.o(i.CAN_Send_Msg) refers to stm32f4xx_hal_can.o(i.HAL_CAN_AddTxMessage) for HAL_CAN_AddTxMessage
    can.o(i.CAN_Send_Msg) refers to stm32f4xx_hal_can.o(i.HAL_CAN_GetTxMailboxesFreeLevel) for HAL_CAN_GetTxMailboxesFreeLevel
    cs25wq256.o(i.CS25WQXX_Erase_Chip) refers to cs25wq256.o(i.CS25WQXX_Write_Enable) for CS25WQXX_Write_Enable
    cs25wq256.o(i.CS25WQXX_Erase_Chip) refers to cs25wq256.o(i.CS25WQXX_Wait_Busy) for CS25WQXX_Wait_Busy
    cs25wq256.o(i.CS25WQXX_Erase_Chip) refers to stm32f4xx_hal_gpio.o(i.HAL_GPIO_WritePin) for HAL_GPIO_WritePin
    cs25wq256.o(i.CS25WQXX_Erase_Chip) refers to spi.o(i.SPI1_ReadWriteByte) for SPI1_ReadWriteByte
    cs25wq256.o(i.CS25WQXX_Erase_Sector) refers to cs25wq256.o(i.CS25WQXX_Write_Enable) for CS25WQXX_Write_Enable
    cs25wq256.o(i.CS25WQXX_Erase_Sector) refers to cs25wq256.o(i.CS25WQXX_Wait_Busy) for CS25WQXX_Wait_Busy
    cs25wq256.o(i.CS25WQXX_Erase_Sector) refers to stm32f4xx_hal_gpio.o(i.HAL_GPIO_WritePin) for HAL_GPIO_WritePin
    cs25wq256.o(i.CS25WQXX_Erase_Sector) refers to spi.o(i.SPI1_ReadWriteByte) for SPI1_ReadWriteByte
    cs25wq256.o(i.CS25WQXX_Erase_Sector) refers to cs25wq256.o(.data) for .data
    cs25wq256.o(i.CS25WQXX_Init) refers to stm32f4xx_hal_gpio.o(i.HAL_GPIO_WritePin) for HAL_GPIO_WritePin
    cs25wq256.o(i.CS25WQXX_Init) refers to cs25wq256.o(i.CS25WQXX_ReadID) for CS25WQXX_ReadID
    cs25wq256.o(i.CS25WQXX_Init) refers to cs25wq256.o(i.CS25WQXX_ReadSR) for CS25WQXX_ReadSR
    cs25wq256.o(i.CS25WQXX_Init) refers to spi.o(i.SPI1_ReadWriteByte) for SPI1_ReadWriteByte
    cs25wq256.o(i.CS25WQXX_Init) refers to cs25wq256.o(.data) for .data
    cs25wq256.o(i.CS25WQXX_PowerDown) refers to stm32f4xx_hal_gpio.o(i.HAL_GPIO_WritePin) for HAL_GPIO_WritePin
    cs25wq256.o(i.CS25WQXX_PowerDown) refers to spi.o(i.SPI1_ReadWriteByte) for SPI1_ReadWriteByte
    cs25wq256.o(i.CS25WQXX_PowerDown) refers to cs25wq256.o(i.Delay_us) for Delay_us
    cs25wq256.o(i.CS25WQXX_Read) refers to stm32f4xx_hal_gpio.o(i.HAL_GPIO_WritePin) for HAL_GPIO_WritePin
[...]
    ../clib/heapalloc.c                      0x00000000   Number         0  hguard.o ABSOLUTE
    ../clib/heapalloc.c                      0x00000000   Number         0  maybetermalloc1.o ABSOLUTE
    ../clib/heapalloc.c                      0x00000000   Number         0  hrguard.o ABSOLUTE
    ../clib/heapalloc.c                      0x00000000   Number         0  free.o ABSOLUTE
    ../clib/heapalloc.c                      0x00000000   Number         0  malloc.o ABSOLUTE
    ../clib/heapalloc.c                      0x00000000   Number         0  heapstubs.o ABSOLUTE
    ../clib/heapalloc.c                      0x00000000   Number         0  maybetermalloc2.o ABSOLUTE
    ../clib/heapalloc.c                      0x00000000   Number         0  maybetermalloc2.o ABSOLUTE
    ../clib/heapaux.c                        0x00000000   Number         0  heapauxi.o ABSOLUTE
    ../clib/heapaux.c                        0x00000000   Number         0  heapauxa.o ABSOLUTE
    ../clib/libinit.s                        0x00000000   Number         0  libinit2.o ABSOLUTE
    ../clib/libinit.s                        0x00000000   Number         0  libinit.o ABSOLUTE
    ../clib/libinit.s                        0x00000000   Number         0  libshutdown.o ABSOLUTE
    ../clib/libinit.s                        0x00000000   Number         0  libshutdown2.o ABSOLUTE
    ../clib/longlong.s                       0x00000000   Number         0  lludivv7m.o ABSOLUTE
    ../clib/longlong.s                       0x00000000   Number         0  llsdiv.o ABSOLUTE
    ../clib/memcpset.s                       0x00000000   Number         0  rt_memcpy_w.o ABSOLUTE
    ../clib/memcpset.s                       0x00000000   Number         0  rt_memclr_w.o ABSOLUTE
    ../clib/signal.c                         0x00000000   Number         0  defsig_fpe_inner.o ABSOLUTE
    ../clib/signal.c                         0x00000000   Number         0  defsig_general.o ABSOLUTE
    ../clib/signal.c                         0x00000000   Number         0  __raise.o ABSOLUTE
    ../clib/signal.c                         0x00000000   Number         0  defsig_pvfn_inner.o ABSOLUTE
    ../clib/signal.c                         0x00000000   Number         0  defsig_cppl_inner.o ABSOLUTE
    ../clib/signal.c                         0x00000000   Number         0  defsig_segv_inner.o ABSOLUTE
    ../clib/signal.c                         0x00000000   Number         0  defsig_other.o ABSOLUTE
    ../clib/signal.c                         0x00000000   Number         0  defsig_rtmem_inner.o ABSOLUTE
    ../clib/signal.c                         0x00000000   Number         0  defsig_fpe_formal.o ABSOLUTE
    ../clib/signal.c                         0x00000000   Number         0  defsig_fpe_outer.o ABSOLUTE
    ../clib/signal.c                         0x00000000   Number         0  defsig_exit.o ABSOLUTE
    ../clib/signal.c                         0x00000000   Number         0  defsig_stak_inner.o ABSOLUTE
    ../clib/signal.c                         0x00000000   Number         0  defsig_rtred_inner.o ABSOLUTE
    ../clib/signal.c                         0x00000000   Number         0  defsig_rtmem_formal.o ABSOLUTE
    ../clib/signal.c                         0x00000000   Number         0  defsig_rtmem_outer.o ABSOLUTE
    ../clib/signal.c                         0x00000000   Number         0  defsig_abrt_inner.o ABSOLUTE
    ../clib/signal.s                         0x00000000   Number         0  defsig.o ABSOLUTE
    ../clib/stdlib.c                         0x00000000   Number         0  exit.o ABSOLUTE
    ../fplib/fpinit.s                        0x00000000   Number         0  fpinit.o ABSOLUTE
    ..\Core\Src\main.c                       0x00000000   Number         0  main.o ABSOLUTE
    ..\Core\Src\stm32f4xx_hal_msp.c          0x00000000   Number         0  stm32f4xx_hal_msp.o ABSOLUTE
    ..\Core\Src\stm32f4xx_it.c               0x00000000   Number         0  stm32f4xx_it.o ABSOLUTE
    ..\Core\Src\system_stm32f4xx.c           0x00000000   Number         0  system_stm32f4xx.o ABSOLUTE
    ..\Core\Usr\ad9517.c                     0x00000000   Number         0  ad9517.o ABSOLUTE
    ..\Core\Usr\can.c                        0x00000000   Number         0  can.o ABSOLUTE
    ..\Core\Usr\cs25wq256.c                  0x00000000   Number         0  cs25wq256.o ABSOLUTE
    ..\Core\Usr\delay.c                      0x00000000   Number         0  delay.o ABSOLUTE
    ..\Core\Usr\fpga_fsmc.c                  0x00000000   Number         0  fpga_fsmc.o ABSOLUTE
    ..\Core\Usr\spi.c                        0x00000000   Number         0  spi.o ABSOLUTE
    ..\Drivers\STM32F4xx_HAL_Driver\Src\stm32f4xx_hal.c 0x00000000   Number         0  stm32f4xx_hal.o ABSOLUTE
    ..\Drivers\STM32F4xx_HAL_Driver\Src\stm32f4xx_hal_can.c 0x00000000   Number         0  stm32f4xx_hal_can.o ABSOLUTE
    ..\Drivers\STM32F4xx_HAL_Driver\Src\stm32f4xx_hal_cortex.c 0x00000000   Number         0  stm32f4xx_hal_cortex.o ABSOLUTE
    ..\Drivers\STM32F4xx_HAL_Driver\Src\stm32f4xx_hal_dma.c 0x00000000   Number         0  stm32f4xx_hal_dma.o ABSOLUTE
    ..\Drivers\STM32F4xx_HAL_Driver\Src\stm32f4xx_hal_dma_ex.c 0x00000000   Number         0  stm32f4xx_hal_dma_ex.o ABSOLUTE
    ..\Drivers\STM32F4xx_HAL_Driver\Src\stm32f4xx_hal_exti.c 0x00000000   Number         0  stm32f4xx_hal_exti.o ABSOLUTE
    ..\Drivers\STM32F4xx_HAL_Driver\Src\stm32f4xx_hal_flash.c 0x00000000   Number         0  stm32f4xx_hal_flash.o ABSOLUTE
    ..\Drivers\STM32F4xx_HAL_Driver\Src\stm32f4xx_hal_flash_ex.c 0x00000000   Number         0  stm32f4xx_hal_flash_ex.o ABSOLUTE
    ..\Drivers\STM32F4xx_HAL_Driver\Src\stm32f4xx_hal_flash_ramfunc.c 0x00000000   Number         0  stm32f4xx_hal_flash_ramfunc.o ABSOLUTE
    ..\Drivers\STM32F4xx_HAL_Driver\Src\stm32f4xx_hal_gpio.c 0x00000000   Number         0  stm32f4xx_hal_gpio.o ABSOLUTE
    ..\Drivers\STM32F4xx_HAL_Driver\Src\stm32f4xx_hal_nor.c 0x00000000   Number         0  stm32f4xx_hal_nor.o ABSOLUTE
    ..\Drivers\STM32F4xx_HAL_Driver\Src\stm32f4xx_hal_pwr.c 0x00000000   Number         0  stm32f4xx_hal_pwr.o ABSOLUTE
    ..\Drivers\STM32F4xx_HAL_Driver\Src\stm32f4xx_hal_pwr_ex.c 0x00000000   Number         0  stm32f4xx_hal_pwr_ex.o ABSOLUTE
    ..\Drivers\STM32F4xx_HAL_Driver\Src\stm32f4xx_hal_rcc.c 0x00000000   Number         0  stm32f4xx_hal_rcc.o ABSOLUTE
    ..\Drivers\STM32F4xx_HAL_Driver\Src\stm32f4xx_hal_rcc_ex.c 0x00000000   Number         0  stm32f4xx_hal_rcc_ex.o ABSOLUTE
    ..\Drivers\STM32F4xx_HAL_Driver\Src\stm32f4xx_hal_spi.c 0x00000000   Number         0  stm32f4xx_hal_spi.o ABSOLUTE
    ..\Drivers\STM32F4xx_HAL_Driver\Src\stm32f4xx_hal_tim.c 0x00000000   Number         0  stm32f4xx_hal_tim.o ABSOLUTE
    ..\Drivers\STM32F4xx_HAL_Driver\Src\stm32f4xx_hal_tim_ex.c 0x00000000   Number         0  stm32f4xx_hal_tim_ex.o ABSOLUTE
    ..\Drivers\STM32F4xx_HAL_Driver\Src\stm32f4xx_ll_fsmc.c 0x00000000   Number         0  stm32f4xx_ll_fsmc.o ABSOLUTE
    ..\\Core\\Usr\\ad9517.c                  0x00000000   Number         0  ad9517.o ABSOLUTE
    ..\\Core\\Usr\\can.c                     0x00000000   Number         0  can.o ABSOLUTE
    ..\\Core\\Usr\\cs25wq256.c               0x00000000   Number         0  cs25wq256.o ABSOLUTE
    ..\\Core\\Usr\\delay.c                   0x00000000   Number         0  delay.o ABSOLUTE
    ..\\Core\\Usr\\fpga_fsmc.c               0x00000000   Number         0  fpga_fsmc.o ABSOLUTE
    ..\\Core\\Usr\\spi.c                     0x00000000   Number         0  spi.o ABSOLUTE
    dc.s                                     0x00000000   Number         0  dc.o ABSOLUTE
    startup_stm32f407xx.s                    0x00000000   Number         0  startup_stm32f407xx.o ABSOLUTE
    RESET                                    0x08000000   Section      392  startup_stm32f407xx.o(RESET)
    !!!main                                  0x08000188   Section        8  __main.o(!!!main)
    !!!scatter                               0x08000190   Section       52  __scatter.o(!!!scatter)
    !!handler_copy                           0x080001c4   Section       26  __scatter_copy.o(!!handler_copy)
    !!handler_zi                             0x080001e0   Section       28  __scatter_zi.o(!!handler_zi)
    .ARM.Collect$$libinit$$00000000          0x080001fc   Section        2  libinit.o(.ARM.Collect$$libinit$$00000000)
    .ARM.Collect$$libinit$$00000001          0x080001fe   Section        4  libinit2.o(.ARM.Collect$$libinit$$00000001)
    .ARM.Collect$$libinit$$00000004          0x08000202   Section        0  libinit2.o(.ARM.Collect$$libinit$$00000004)
    .ARM.Collect$$libinit$$00000005          0x08000202   Section        8  libinit2.o(.ARM.Collect$$libinit$$00000005)
    .ARM.Collect$$libinit$$0000000A          0x0800020a   Section        0  libinit2.o(.ARM.Collect$$libinit$$0000000A)
    .ARM.Collect$$libinit$$0000000C          0x0800020a   Section        0  libinit2.o(.ARM.Collect$$libinit$$0000000C)
    .ARM.Collect$$libinit$$0000000E          0x0800020a   Section        0  libinit2.o(.ARM.Collect$$libinit$$0000000E)
    .ARM.Collect$$libinit$$00000011          0x0800020a   Section        0  libinit2.o(.ARM.Collect$$libinit$$00000011)
    .ARM.Collect$$libinit$$00000013          0x0800020a   Section        0  libinit2.o(.ARM.Collect$$libinit$$00000013)
    .ARM.Collect$$libinit$$00000015          0x0800020a   Section        0  libinit2.o(.ARM.Collect$$libinit$$00000015)
    .ARM.Collect$$libinit$$00000017          0x0800020a   Section        0  libinit2.o(.ARM.Collect$$libinit$$00000017)
    .ARM.Collect$$libinit$$00000019          0x0800020a   Section        0  libinit2.o(.ARM.Collect$$libinit$$00000019)
    .ARM.Collect$$libinit$$0000001B          0x0800020a   Section        0  libinit2.o(.ARM.Collect$$libinit$$0000001B)
    .ARM.Collect$$libinit$$0000001D          0x0800020a   Section        0  libinit2.o(.ARM.Collect$$libinit$$0000001D)
    .ARM.Collect$$libinit$$0000001F          0x0800020a   Section        0  libinit2.o(.ARM.Collect$$libinit$$0000001F)
    .ARM.Collect$$libinit$$00000021          0x0800020a   Section        0  libinit2.o(.ARM.Collect$$libinit$$00000021)
    .ARM.Collect$$libinit$$00000023          0x0800020a   Section        0  libinit2.o(.ARM.Collect$$libinit$$00000023)
    .ARM.Collect$$libinit$$00000025          0x0800020a   Section        0  libinit2.o(.ARM.Collect$$libinit$$00000025)
    .ARM.Collect$$libinit$$0000002C          0x0800020a   Section        0  libinit2.o(.ARM.Collect$$libinit$$0000002C)
    .ARM.Collect$$libinit$$0000002E          0x0800020a   Section        0  libinit2.o(.ARM.Collect$$libinit$$0000002E)
    .ARM.Collect$$libinit$$00000030          0x0800020a   Section        0  libinit2.o(.ARM.Collect$$libinit$$00000030)
    .ARM.Collect$$libinit$$00000032          0x0800020a   Section        0  libinit2.o(.ARM.Collect$$libinit$$00000032)
    .ARM.Collect$$libinit$$00000033          0x0800020a   Section        2  libinit2.o(.ARM.Collect$$libinit$$00000033)
    .ARM.Collect$$libshutdown$$00000000      0x0800020c   Section        2  libshutdown.o(.ARM.Collect$$libshutdown$$00000000)
    .ARM.Collect$$libshutdown$$00000003      0x0800020e   Section        0  libshutdown2.o(.ARM.Collect$$libshutdown$$00000003)
    .ARM.Collect$$libshutdown$$00000006      0x0800020e   Section        0  libshutdown2.o(.ARM.Collect$$libshutdown$$00000006)
    .ARM.Collect$$libshutdown$$00000009      0x0800020e   Section        0  libshutdown2.o(.ARM.Collect$$libshutdown$$00000009)
    .ARM.Collect$$libshutdown$$0000000B      0x0800020e   Section        0  libshutdown2.o(.ARM.Collect$$libshutdown$$0000000B)
    .ARM.Collect$$libshutdown$$0000000E      0x0800020e   Section        0  libshutdown2.o(.ARM.Collect$$libshutdown$$0000000E)
    .ARM.Collect$$libshutdown$$0000000F      0x0800020e   Section        2  libshutdown2.o(.ARM.Collect$$libshutdown$$0000000F)
    .ARM.Collect$$rtentry$$00000000          0x08000210   Section        0  __rtentry.o(.ARM.Collect$$rtentry$$00000000)
    .ARM.Collect$$rtentry$$00000002          0x08000210   Section        0  __rtentry2.o(.ARM.Collect$$rtentry$$00000002)
    .ARM.Collect$$rtentry$$00000004          0x08000210   Section        6  __rtentry4.o(.ARM.Collect$$rtentry$$00000004)
    .ARM.Collect$$rtentry$$00000009          0x08000216   Section        0  __rtentry2.o(.ARM.Collect$$rtentry$$00000009)
    .ARM.Collect$$rtentry$$0000000A          0x08000216   Section        4  __rtentry2.o(.ARM.Collect$$rtentry$$0000000A)
    .ARM.Collect$$rtentry$$0000000C          0x0800021a   Section        0  __rtentry2.o(.ARM.Collect$$rtentry$$0000000C)
    .ARM.Collect$$rtentry$$0000000D          0x0800021a   Section        8  __rtentry2.o(.ARM.Collect$$rtentry$$0000000D)
    .ARM.Collect$$rtexit$$00000000           0x08000222   Section        2  rtexit.o(.ARM.Collect$$rtexit$$00000000)
    .ARM.Collect$$rtexit$$00000002           0x08000224   Section        0  rtexit2.o(.ARM.Collect$$rtexit$$00000002)
    .ARM.Collect$$rtexit$$00000003           0x08000224   Section        4  rtexit2.o(.ARM.Collect$$rtexit$$00000003)
    .ARM.Collect$$rtexit$$00000004           0x08000228   Section        6  rtexit2.o(.ARM.Collect$$rtexit$$00000004)
    .emb_text                                0x08000230   Section        0  maybetermalloc1.o(.emb_text)
    .text                                    0x08000230   Section       64  startup_stm32f407xx.o(.text)
    $v0                                      0x08000230   Number         0  startup_stm32f407xx.o(.text)
    .text                                    0x08000270   Section        0  h1_alloc.o(.text)
    .text                                    0x080002ce   Section      238  lludivv7m.o(.text)
    .text                                    0x080003bc   Section       72  llsdiv.o(.text)
    .text                                    0x08000404   Section      100  rt_memcpy_w.o(.text)
    .text                                    0x08000468   Section       78  rt_memclr_w.o(.text)
    .text                                    0x080004b6   Section        0  heapauxi.o(.text)
    .text                                    0x080004bc   Section        8  rt_heap_descriptor_intlibspace.o(.text)
    .text                                    0x080004c4   Section        0  hguard.o(.text)
    .text                                    0x080004c8   Section        0  init_alloc.o(.text)
    .text                                    0x08000552   Section        0  h1_init.o(.text)
    .text                                    0x08000560   Section        0  h1_free.o(.text)
    .text                                    0x080005b0   Section        8  libspace.o(.text)
    .text                                    0x080005b8   Section        0  h1_extend.o(.text)
    .text                                    0x080005ec   Section        0  defsig_rtmem_outer.o(.text)
    .text                                    0x080005fa   Section        2  use_no_semi.o(.text)
    .text                                    0x080005fc   Section       74  sys_stackheap_outer.o(.text)
    .text                                    0x080005fc   Section        0  indicate_semi.o(.text)
    .text                                    0x08000646   Section        0  exit.o(.text)
    .text                                    0x08000652   Section        0  defsig_exit.o(.text)
    .text                                    0x0800065c   Section        0  defsig_rtmem_inner.o(.text)
    .text                                    0x080006ac   Section        0  sys_exit.o(.text)
    .text                                    0x080006b8   Section        0  defsig_general.o(.text)
    .text                                    0x080006ea   Section        0  sys_wrch.o(.text)
    i.BusFault_Handler                       0x080006f8   Section        0  stm32f4xx_it.o(i.BusFault_Handler)
    i.CAN1_RX0_IRQHandler                    0x080006fc   Section        0  stm32f4xx_it.o(i.CAN1_RX0_IRQHandler)
    i.CAN1_RX1_IRQHandler                    0x08000720   Section        0  stm32f4xx_it.o(i.CAN1_RX1_IRQHandler)
    i.CAN2_RX0_IRQHandler                    0x0800072c   Section        0  stm32f4xx_it.o(i.CAN2_RX0_IRQHandler)
    i.CAN2_RX1_IRQHandler                    0x08000750   Section        0  stm32f4xx_it.o(i.CAN2_RX1_IRQHandler)
    i.CAN_Config                             0x0800075c   Section        0  can.o(i.CAN_Config)
    i.CAN_Send_Msg                           0x080007b6   Section        0  can.o(i.CAN_Send_Msg)
    i.CS25WQXX_Erase_Sector                  0x080007f8   Section        0  cs25wq256.o(i.CS25WQXX_Erase_Sector)
    i.CS25WQXX_Init                          0x08000870   Section        0  cs25wq256.o(i.CS25WQXX_Init)
    i.CS25WQXX_Read                          0x080008cc   Section        0  cs25wq256.o(i.CS25WQXX_Read)
    i.CS25WQXX_ReadID                        0x08000950   Section        0  cs25wq256.o(i.CS25WQXX_ReadID)
    i.CS25WQXX_ReadSR                        0x080009b4   Section        0  cs25wq256.o(i.CS25WQXX_ReadSR)
    i.CS25WQXX_Wait_Busy                     0x08000a08   Section        0  cs25wq256.o(i.CS25WQXX_Wait_Busy)
    i.CS25WQXX_Write                         0x08000a1c   Section        0  cs25wq256.o(i.CS25WQXX_Write)
    i.CS25WQXX_Write_Enable                  0x08000abc   Section        0  cs25wq256.o(i.CS25WQXX_Write_Enable)
    i.CS25WQXX_Write_NoCheck                 0x08000aec   Section        0  cs25wq256.o(i.CS25WQXX_Write_NoCheck)
    i.CS25WQXX_Write_Page                    0x08000b30   Section        0  cs25wq256.o(i.CS25WQXX_Write_Page)
    i.DMA1_Stream3_IRQHandler                0x08000bbc   Section        0  stm32f4xx_it.o(i.DMA1_Stream3_IRQHandler)
    i.DMA2_Stream0_IRQHandler                0x08000bc8   Section        0  stm32f4xx_it.o(i.DMA2_Stream0_IRQHandler)
    i.DMA_CalcBaseAndBitshift                0x08000bd4   Section        0  stm32f4xx_hal_dma.o(i.DMA_CalcBaseAndBitshift)
    DMA_CalcBaseAndBitshift                  0x08000bd5   Thumb Code    34  stm32f4xx_hal_dma.o(i.DMA_CalcBaseAndBitshift)
    i.DMA_CheckFifoParam                     0x08000bfc   Section        0  stm32f4xx_hal_dma.o(i.DMA_CheckFifoParam)
    DMA_CheckFifoParam                       0x08000bfd   Thumb Code    84  stm32f4xx_hal_dma.o(i.DMA_CheckFifoParam)
    i.DebugMon_Handler                       0x08000c50   Section        0  stm32f4xx_it.o(i.DebugMon_Handler)
    i.Error_Handler                          0x08000c52   Section        0  main.o(i.Error_Handler)
    i.FSMC_NORSRAM_Extended_Timing_Init      0x08000c58   Section        0  stm32f4xx_ll_fsmc.o(i.FSMC_NORSRAM_Extended_Timing_Init)
    i.FSMC_NORSRAM_Init                      0x08000c94   Section        0  stm32f4xx_ll_fsmc.o(i.FSMC_NORSRAM_Init)
    i.FSMC_NORSRAM_Timing_Init               0x08000cfc   Section        0  stm32f4xx_ll_fsmc.o(i.FSMC_NORSRAM_Timing_Init)
    i.FSMC_NORSRAM_WriteOperation_Disable    0x08000d40   Section        0  stm32f4xx_ll_fsmc.o(i.FSMC_NORSRAM_WriteOperation_Disable)
    i.HAL_CAN_ActivateNotification           0x08000d50   Section        0  stm32f4xx_hal_can.o(i.HAL_CAN_ActivateNotification)
    i.HAL_CAN_AddTxMessage                   0x08000d74   Section        0  stm32f4xx_hal_can.o(i.HAL_CAN_AddTxMessage)
    i.HAL_CAN_ConfigFilter                   0x08000e3c   Section        0  stm32f4xx_hal_can.o(i.HAL_CAN_ConfigFilter)
    i.HAL_CAN_ErrorCallback                  0x08000f48   Section        0  stm32f4xx_hal_can.o(i.HAL_CAN_ErrorCallback)
    i.HAL_CAN_GetRxMessage                   0x08000f4a   Section        0  stm32f4xx_hal_can.o(i.HAL_CAN_GetRxMessage)
    i.HAL_CAN_GetTxMailboxesFreeLevel        0x08001032   Section        0  stm32f4xx_hal_can.o(i.HAL_CAN_GetTxMailboxesFreeLevel)
    i.HAL_CAN_IRQHandler                     0x0800105e   Section        0  stm32f4xx_hal_can.o(i.HAL_CAN_IRQHandler)
    i.HAL_CAN_Init                           0x0800125a   Section        0  stm32f4xx_hal_can.o(i.HAL_CAN_Init)
    i.HAL_CAN_MspInit                        0x08001374   Section        0  stm32f4xx_hal_msp.o(i.HAL_CAN_MspInit)
    i.HAL_CAN_RxFifo0FullCallback            0x08001478   Section        0  stm32f4xx_hal_can.o(i.HAL_CAN_RxFifo0FullCallback)
    i.HAL_CAN_RxFifo0MsgPendingCallback      0x0800147a   Section        0  stm32f4xx_hal_can.o(i.HAL_CAN_RxFifo0MsgPendingCallback)
    i.HAL_CAN_RxFifo1FullCallback            0x0800147c   Section        0  stm32f4xx_hal_can.o(i.HAL_CAN_RxFifo1FullCallback)
    i.HAL_CAN_RxFifo1MsgPendingCallback      0x0800147e   Section        0  stm32f4xx_hal_can.o(i.HAL_CAN_RxFifo1MsgPendingCallback)
    i.HAL_CAN_SleepCallback                  0x08001480   Section        0  stm32f4xx_hal_can.o(i.HAL_CAN_SleepCallback)
    i.HAL_CAN_Start                          0x08001484   Section        0  stm32f4xx_hal_can.o(i.HAL_CAN_Start)
    i.HAL_CAN_TxMailbox0AbortCallback        0x080014dc   Section        0  stm32f4xx_hal_can.o(i.HAL_CAN_TxMailbox0AbortCallback)
    i.HAL_CAN_TxMailbox0CompleteCallback     0x080014de   Section        0  stm32f4xx_hal_can.o(i.HAL_CAN_TxMailbox0CompleteCallback)
    i.HAL_CAN_TxMailbox1AbortCallback        0x080014e0   Section        0  stm32f4xx_hal_can.o(i.HAL_CAN_TxMailbox1AbortCallback)
    i.HAL_CAN_TxMailbox1CompleteCallback     0x080014e2   Section        0  stm32f4xx_hal_can.o(i.HAL_CAN_TxMailbox1CompleteCallback)
    i.HAL_CAN_TxMailbox2AbortCallback        0x080014e4   Section        0  stm32f4xx_hal_can.o(i.HAL_CAN_TxMailbox2AbortCallback)
    i.HAL_CAN_TxMailbox2CompleteCallback     0x080014e6   Section        0  stm32f4xx_hal_can.o(i.HAL_CAN_TxMailbox2CompleteCallback)
    i.HAL_CAN_WakeUpFromRxMsgCallback        0x080014e8   Section        0  stm32f4xx_hal_can.o(i.HAL_CAN_WakeUpFromRxMsgCallback)
    i.HAL_DMA_IRQHandler                     0x080014ec   Section        0  stm32f4xx_hal_dma.o(i.HAL_DMA_IRQHandler)
    i.HAL_DMA_Init                           0x0800168c   Section        0  stm32f4xx_hal_dma.o(i.HAL_DMA_Init)
    i.HAL_FSMC_MspInit                       0x08001760   Section        0  stm32f4xx_hal_msp.o(i.HAL_FSMC_MspInit)
    HAL_FSMC_MspInit                         0x08001761   Thumb Code   118  stm32f4xx_hal_msp.o(i.HAL_FSMC_MspInit)
    i.HAL_GPIO_Init                          0x080017ec   Section        0  stm32f4xx_hal_gpio.o(i.HAL_GPIO_Init)
    i.HAL_GPIO_WritePin                      0x080019dc   Section        0  stm32f4xx_hal_gpio.o(i.HAL_GPIO_WritePin)
    i.HAL_GetTick                            0x080019e8   Section        0  stm32f4xx_hal.o(i.HAL_GetTick)
    i.HAL_IncTick                            0x080019f4   Section        0  stm32f4xx_hal.o(i.HAL_IncTick)
    i.HAL_Init                               0x08001a04   Section        0  stm32f4xx_hal.o(i.HAL_Init)
    i.HAL_InitTick                           0x08001a38   Section        0  stm32f4xx_hal.o(i.HAL_InitTick)
    i.HAL_MspInit                            0x08001a78   Section        0  stm32f4xx_hal_msp.o(i.HAL_MspInit)
    i.HAL_NOR_Init                           0x08001aa8   Section        0  stm32f4xx_hal_nor.o(i.HAL_NOR_Init)
    i.HAL_NOR_MspInit                        0x08001b80   Section        0  stm32f4xx_hal_msp.o(i.HAL_NOR_MspInit)
    i.HAL_NOR_ReturnToReadMode               0x08001b84   Section        0  stm32f4xx_hal_nor.o(i.HAL_NOR_ReturnToReadMode)
    i.HAL_NVIC_EnableIRQ                     0x08001bfe   Section        0  stm32f4xx_hal_cortex.o(i.HAL_NVIC_EnableIRQ)
    i.HAL_NVIC_SetPriority                   0x08001c18   Section        0  stm32f4xx_hal_cortex.o(i.HAL_NVIC_SetPriority)
    i.HAL_NVIC_SetPriorityGrouping           0x08001c58   Section        0  stm32f4xx_hal_cortex.o(i.HAL_NVIC_SetPriorityGrouping)
    i.HAL_RCC_ClockConfig                    0x08001c7c   Section        0  stm32f4xx_hal_rcc.o(i.HAL_RCC_ClockConfig)
    i.HAL_RCC_GetSysClockFreq                0x08001db0   Section        0  stm32f4xx_hal_rcc.o(i.HAL_RCC_GetSysClockFreq)
    i.HAL_RCC_OscConfig                      0x08001e10   Section        0  stm32f4xx_hal_rcc.o(i.HAL_RCC_OscConfig)
    i.HAL_SPI_Init                           0x0800217c   Section        0  stm32f4xx_hal_spi.o(i.HAL_SPI_Init)
    i.HAL_SPI_MspInit                        0x08002238   Section        0  stm32f4xx_hal_msp.o(i.HAL_SPI_MspInit)
    i.HAL_SPI_Transmit                       0x08002374   Section        0  stm32f4xx_hal_spi.o(i.HAL_SPI_Transmit)
    i.HAL_SPI_TransmitReceive                0x080024da   Section        0  stm32f4xx_hal_spi.o(i.HAL_SPI_TransmitReceive)
    i.HAL_SYSTICK_Config                     0x080026bc   Section        0  stm32f4xx_hal_cortex.o(i.HAL_SYSTICK_Config)
    i.HardFault_Handler                      0x080026e4   Section        0  stm32f4xx_it.o(i.HardFault_Handler)
    i.MX_CAN1_Init                           0x080026e8   Section        0  main.o(i.MX_CAN1_Init)
    MX_CAN1_Init                             0x080026e9   Thumb Code    56  main.o(i.MX_CAN1_Init)
    i.MX_CAN2_Init                           0x08002728   Section        0  main.o(i.MX_CAN2_Init)
    MX_CAN2_Init                             0x08002729   Thumb Code    56  main.o(i.MX_CAN2_Init)
    i.MX_FSMC_Init                           0x08002768   Section        0  main.o(i.MX_FSMC_Init)
    MX_FSMC_Init                             0x08002769   Thumb Code   108  main.o(i.MX_FSMC_Init)
    i.MX_GPIO_Init                           0x080027dc   Section        0  main.o(i.MX_GPIO_Init)
    MX_GPIO_Init                             0x080027dd   Thumb Code   150  main.o(i.MX_GPIO_Init)
    i.MX_SPI1_Init                           0x0800287c   Section        0  main.o(i.MX_SPI1_Init)
    MX_SPI1_Init                             0x0800287d   Thumb Code    60  main.o(i.MX_SPI1_Init)
    i.MX_SPI2_Init                           0x080028c0   Section        0  main.o(i.MX_SPI2_Init)
    MX_SPI2_Init                             0x080028c1   Thumb Code    64  main.o(i.MX_SPI2_Init)
    i.MemManage_Handler                      0x08002908   Section        0  stm32f4xx_it.o(i.MemManage_Handler)
    i.NMI_Handler                            0x0800290a   Section        0  stm32f4xx_it.o(i.NMI_Handler)
    i.PendSV_Handler                         0x0800290c   Section        0  stm32f4xx_it.o(i.PendSV_Handler)
    i.SPI1_ReadWriteByte                     0x0800290e   Section        0  spi.o(i.SPI1_ReadWriteByte)
    i.SPI2_ReadWriteByte                     0x0800292a   Section        0  spi.o(i.SPI2_ReadWriteByte)
    i.SPI_EndRxTxTransaction                 0x0800293c   Section        0  stm32f4xx_hal_spi.o(i.SPI_EndRxTxTransaction)
    SPI_EndRxTxTransaction                   0x0800293d   Thumb Code    80  stm32f4xx_hal_spi.o(i.SPI_EndRxTxTransaction)
    i.SPI_WaitFlagStateUntilTimeout          0x08002994   Section        0  stm32f4xx_hal_spi.o(i.SPI_WaitFlagStateUntilTimeout)
    SPI_WaitFlagStateUntilTimeout            0x08002995   Thumb Code   180  stm32f4xx_hal_spi.o(i.SPI_WaitFlagStateUntilTimeout)
    i.SVC_Handler                            0x08002a4c   Section        0  stm32f4xx_it.o(i.SVC_Handler)
    i.SysTick_Handler                        0x08002a4e   Section        0  stm32f4xx_it.o(i.SysTick_Handler)
    i.SystemClock_Config                     0x08002a54   Section        0  main.o(i.SystemClock_Config)
    i.SystemInit                             0x08002aec   Section        0  system_stm32f4xx.o(i.SystemInit)
    i.UsageFault_Handler                     0x08002afc   Section        0  stm32f4xx_it.o(i.UsageFault_Handler)
    i.__NVIC_SetPriority                     0x08002afe   Section        0  stm32f4xx_hal_cortex.o(i.__NVIC_SetPriority)
    __NVIC_SetPriority                       0x08002aff   Thumb Code    32  stm32f4xx_hal_cortex.o(i.__NVIC_SetPriority)
    i.ad9156_parameter_initialize            0x08002b20   Section        0  main.o(i.ad9156_parameter_initialize)
    i.ad9517_frequency                       0x08002bc0   Section        0  ad9517.o(i.ad9517_frequency)
    i.ad9517_power_mode                      0x08002f34   Section        0  ad9517.o(i.ad9517_power_mode)
    i.ad9517_read                            0x08003024   Section        0  ad9517.o(i.ad9517_read)
    i.ad9517_setup                           0x08003080   Section        0  ad9517.o(i.ad9517_setup)
    i.ad9517_update                          0x08003264   Section        0  ad9517.o(i.ad9517_update)
    i.ad9517_vco_frequency                   0x08003270   Section        0  ad9517.o(i.ad9517_vco_frequency)
    i.ad9517_write                           0x08003440   Section        0  ad9517.o(i.ad9517_write)
    i.delay_us                               0x0800349c   Section        0  delay.o(i.delay_us)
    i.dividers_checker                       0x080034d0   Section        0  ad9517.o(i.dividers_checker)
    i.main                                   0x080034fc   Section        0  main.o(i.main)
    x$fpl$fpinit                             0x080036bc   Section       10  fpinit.o(x$fpl$fpinit)
    $v0                                      0x080036bc   Number         0  fpinit.o(x$fpl$fpinit)
    .constdata                               0x080036c8   Section       64  ad9517.o(.constdata)
    .constdata                               0x08003708   Section       44  main.o(.constdata)
    .constdata                               0x08003734   Section        8  stm32f4xx_hal_dma.o(.constdata)
    flagBitshiftOffset                       0x08003734   Data           8  stm32f4xx_hal_dma.o(.constdata)
    .constdata                               0x0800373c   Section       16  system_stm32f4xx.o(.constdata)
    .data                                    0x20000000   Section        8  cs25wq256.o(.data)
    Fac_us                                   0x20000004   Data           4  cs25wq256.o(.data)
    .data                                    0x20000008   Section       24  ad9517.o(.data)
    lvepcl_out_ch                            0x20000008   Data          24  ad9517.o(.data)
    .data                                    0x20000020   Section        4  delay.o(.data)
    fac_us                                   0x20000020   Data           4  delay.o(.data)
    .data                                    0x20000024   Section       20  main.o(.data)
    .data                                    0x20000038   Section        8  main.o(.data)
    .data                                    0x20000040   Section        8  main.o(.data)
    .data                                    0x20000048   Section       12  stm32f4xx_hal_msp.o(.data)
    HAL_RCC_CAN1_CLK_ENABLED                 0x20000048   Data           4  stm32f4xx_hal_msp.o(.data)
    FSMC_Initialized                         0x2000004c   Data           4  stm32f4xx_hal_msp.o(.data)
    FSMC_DeInitialized                       0x20000050   Data           4  stm32f4xx_hal_msp.o(.data)
    .data                                    0x20000054   Section       12  stm32f4xx_hal.o(.data)
    .data                                    0x20000060   Section        4  stm32f4xx_hal_nor.o(.data)
    uwNORMemoryDataWidth                     0x20000060   Data           4  stm32f4xx_hal_nor.o(.data)
    .data                                    0x20000064   Section        4  system_stm32f4xx.o(.data)
    .bss                                     0x20000068   Section     4096  cs25wq256.o(.bss)
    .bss                                     0x20001068   Section      670  main.o(.bss)
    .bss                                     0x20001308   Section       96  main.o(.bss)
    .bss                                     0x20001368   Section       96  main.o(.bss)
    .bss                                     0x200013c8   Section       28  main.o(.bss)
    .bss                                     0x200013e4   Section       28  main.o(.bss)
    .bss                                     0x20001400   Section       96  libspace.o(.bss)
    HEAP                                     0x20001460   Section      512  startup_stm32f407xx.o(HEAP)
    Heap_Mem                                 0x20001460   Data         512  startup_stm32f407xx.o(HEAP)
    STACK                                    0x20001660   Section     1024  startup_stm32f407xx.o(STACK)
    Stack_Mem                                0x20001660   Data        1024  startup_stm32f407xx.o(STACK)
    __initial_sp                             0x20001a60   Data           0  startup_stm32f407xx.o(STACK)

    Global Symbols

    Symbol Name                              Value     Ov Type        Size  Object(Section)

    BuildAttributes$$THM_ISAv4$E$P$D$K$B$S$7EM$VFPi3$EXTD16$VFPS$VFMA$PE$A:L22UL41UL21$X:L11$S22US41US21$IEEE1$IW$USESV6$~STKCKD$USESV7$~SHL$OTIME$ROPI$EBA8$UX$STANDARDLIB$REQ8$PRES8$EABIv2 0x00000000   Number         0  anon$$obj.o ABSOLUTE
    __ARM_use_no_argv                        0x00000000   Number         0  main.o ABSOLUTE
    __ARM_exceptions_init                     - Undefined Weak Reference
    __alloca_initialize                       - Undefined Weak Reference
    __arm_preinit_                            - Undefined Weak Reference
    __cpp_initialize__aeabi_                  - Undefined Weak Reference
    __cxa_finalize                            - Undefined Weak Reference
    __rt_locale                               - Undefined Weak Reference
    __sigvec_lookup                           - Undefined Weak Reference
    __user_heap_extent                        - Undefined Weak Reference
    _atexit_init                              - Undefined Weak Reference
    _call_atexit_fns                          - Undefined Weak Reference
    _clock_init                               - Undefined Weak Reference
    _fp_trap_init                             - Undefined Weak Reference
    _fp_trap_shutdown                         - Undefined Weak Reference
    _get_lc_collate                           - Undefined Weak Reference
    _get_lc_ctype                             - Undefined Weak Reference
    _get_lc_monetary                          - Undefined Weak Reference
    _get_lc_numeric                           - Undefined Weak Reference
    _get_lc_time                              - Undefined Weak Reference
    _getenv_init                              - Undefined Weak Reference
    _handle_redirection                       - Undefined Weak Reference
    _initio                                   - Undefined Weak Reference
    _mutex_acquire                            - Undefined Weak Reference
    _mutex_free                               - Undefined Weak Reference
    _mutex_release                            - Undefined Weak Reference
    _rand_init                                - Undefined Weak Reference
    _signal_finish                            - Undefined Weak Reference
    _signal_init                              - Undefined Weak Reference
    _terminateio                              - Undefined Weak Reference
    __Vectors_Size                           0x00000188   Number         0  startup_stm32f407xx.o ABSOLUTE
    __Vectors                                0x08000000   Data           4  startup_stm32f407xx.o(RESET)
    __Vectors_End                            0x08000188   Data           0  startup_stm32f407xx.o(RESET)
    __main                                   0x08000189   Thumb Code     8  __main.o(!!!main)
    __scatterload                            0x08000191   Thumb Code     0  __scatter.o(!!!scatter)
    __scatterload_rt2                        0x08000191   Thumb Code    44  __scatter.o(!!!scatter)
    __scatterload_rt2_thumb_only             0x08000191   Thumb Code     0  __scatter.o(!!!scatter)
    __scatterload_null                       0x0800019f   Thumb Code     0  __scatter.o(!!!scatter)
    __scatterload_copy                       0x080001c5   Thumb Code    26  __scatter_copy.o(!!handler_copy)
    __scatterload_zeroinit                   0x080001e1   Thumb Code    28  __scatter_zi.o(!!handler_zi)
    __rt_lib_init                            0x080001fd   Thumb Code     0  libinit.o(.ARM.Collect$$libinit$$00000000)
    __rt_lib_init_fp_1                       0x080001ff   Thumb Code     0  libinit2.o(.ARM.Collect$$libinit$$00000001)
    __rt_lib_init_heap_2                     0x08000203   Thumb Code     0  libinit2.o(.ARM.Collect$$libinit$$00000005)
    __rt_lib_init_preinit_1                  0x08000203   Thumb Code     0  libinit2.o(.ARM.Collect$$libinit$$00000004)
    __rt_lib_init_alloca_1                   0x0800020b   Thumb Code     0  libinit2.o(.ARM.Collect$$libinit$$0000002E)
    __rt_lib_init_argv_1                     0x0800020b   Thumb Code     0  libinit2.o(.ARM.Collect$$libinit$$0000002C)
    __rt_lib_init_atexit_1                   0x0800020b   Thumb Code     0  libinit2.o(.ARM.Collect$$libinit$$0000001B)
    __rt_lib_init_clock_1                    0x0800020b   Thumb Code     0  libinit2.o(.ARM.Collect$$libinit$$00000021)
    __rt_lib_init_cpp_1                      0x0800020b   Thumb Code     0  libinit2.o(.ARM.Collect$$libinit$$00000032)
    __rt_lib_init_exceptions_1               0x0800020b   Thumb Code     0  libinit2.o(.ARM.Collect$$libinit$$00000030)
    __rt_lib_init_fp_trap_1                  0x0800020b   Thumb Code     0  libinit2.o(.ARM.Collect$$libinit$$0000001F)
    __rt_lib_init_getenv_1                   0x0800020b   Thumb Code     0  libinit2.o(.ARM.Collect$$libinit$$00000023)
    __rt_lib_init_heap_1                     0x0800020b   Thumb Code     0  libinit2.o(.ARM.Collect$$libinit$$0000000A)
    __rt_lib_init_lc_collate_1               0x0800020b   Thumb Code     0  libinit2.o(.ARM.Collect$$libinit$$00000011)
    __rt_lib_init_lc_ctype_1                 0x0800020b   Thumb Code     0  libinit2.o(.ARM.Collect$$libinit$$00000013)
    __rt_lib_init_lc_monetary_1              0x0800020b   Thumb Code     0  libinit2.o(.ARM.Collect$$libinit$$00000015)
    __rt_lib_init_lc_numeric_1               0x0800020b   Thumb Code     0  libinit2.o(.ARM.Collect$$libinit$$00000017)
    __rt_lib_init_lc_time_1                  0x0800020b   Thumb Code     0  libinit2.o(.ARM.Collect$$libinit$$00000019)
    __rt_lib_init_rand_1                     0x0800020b   Thumb Code     0  libinit2.o(.ARM.Collect$$libinit$$0000000E)
    __rt_lib_init_return                     0x0800020b   Thumb Code     0  libinit2.o(.ARM.Collect$$libinit$$00000033)
    __rt_lib_init_signal_1                   0x0800020b   Thumb Code     0  libinit2.o(.ARM.Collect$$libinit$$0000001D)
    __rt_lib_init_stdio_1                    0x0800020b   Thumb Code     0  libinit2.o(.ARM.Collect$$libinit$$00000025)
    __rt_lib_init_user_alloc_1               0x0800020b   Thumb Code     0  libinit2.o(.ARM.Collect$$libinit$$0000000C)
    __rt_lib_shutdown                        0x0800020d   Thumb Code     0  libshutdown.o(.ARM.Collect$$libshutdown$$00000000)
    __rt_lib_shutdown_fp_trap_1              0x0800020f   Thumb Code     0  libshutdown2.o(.ARM.Collect$$libshutdown$$00000006)
    __rt_lib_shutdown_heap_1                 0x0800020f   Thumb Code     0  libshutdown2.o(.ARM.Collect$$libshutdown$$0000000E)
    __rt_lib_shutdown_return                 0x0800020f   Thumb Code     0  libshutdown2.o(.ARM.Collect$$libshutdown$$0000000F)
    __rt_lib_shutdown_signal_1               0x0800020f   Thumb Code     0  libshutdown2.o(.ARM.Collect$$libshutdown$$00000009)
    __rt_lib_shutdown_stdio_1                0x0800020f   Thumb Code     0  libshutdown2.o(.ARM.Collect$$libshutdown$$00000003)
    __rt_lib_shutdown_user_alloc_1           0x0800020f   Thumb Code     0  libshutdown2.o(.ARM.Collect$$libshutdown$$0000000B)
    __rt_entry                               0x08000211   Thumb Code     0  __rtentry.o(.ARM.Collect$$rtentry$$00000000)
    __rt_entry_presh_1                       0x08000211   Thumb Code     0  __rtentry2.o(.ARM.Collect$$rtentry$$00000002)
    __rt_entry_sh                            0x08000211   Thumb Code     0  __rtentry4.o(.ARM.Collect$$rtentry$$00000004)
    __rt_entry_li                            0x08000217   Thumb Code     0  __rtentry2.o(.ARM.Collect$$rtentry$$0000000A)
    __rt_entry_postsh_1                      0x08000217   Thumb Code     0  __rtentry2.o(.ARM.Collect$$rtentry$$00000009)
    __rt_entry_main                          0x0800021b   Thumb Code     0  __rtentry2.o(.ARM.Collect$$rtentry$$0000000D)
    __rt_entry_postli_1                      0x0800021b   Thumb Code     0  __rtentry2.o(.ARM.Collect$$rtentry$$0000000C)
    __rt_exit                                0x08000223   Thumb Code     0  rtexit.o(.ARM.Collect$$rtexit$$00000000)
    __rt_exit_ls                             0x08000225   Thumb Code     0  rtexit2.o(.ARM.Collect$$rtexit$$00000003)
    __rt_exit_prels_1                        0x08000225   Thumb Code     0  rtexit2.o(.ARM.Collect$$rtexit$$00000002)
    __rt_exit_exit                           0x08000229   Thumb Code     0  rtexit2.o(.ARM.Collect$$rtexit$$00000004)
    Reset_Handler                            0x08000231   Thumb Code     8  startup_stm32f407xx.o(.text)
    _maybe_terminate_alloc                   0x08000231   Thumb Code     0  maybetermalloc1.o(.emb_text)
    ADC_IRQHandler                           0x0800024b   Thumb Code     0  startup_stm32f407xx.o(.text)
    CAN1_SCE_IRQHandler                      0x0800024b   Thumb Code     0  startup_stm32f407xx.o(.text)
    CAN1_TX_IRQHandler                       0x0800024b   Thumb Code     0  startup_stm32f407xx.o(.text)
    CAN2_SCE_IRQHandler                      0x0800024b   Thumb Code     0  startup_stm32f407xx.o(.text)
    CAN2_TX_IRQHandler                       0x0800024b   Thumb Code     0  startup_stm32f407xx.o(.text)
    DCMI_IRQHandler                          0x0800024b   Thumb Code     0  startup_stm32f407xx.o(.text)
    DMA1_Stream0_IRQHandler                  0x0800024b   Thumb Code     0  startup_stm32f407xx.o(.text)
    DMA1_Stream1_IRQHandler                  0x0800024b   Thumb Code     0  startup_stm32f407xx.o(.text)
    DMA1_Stream2_IRQHandler                  0x0800024b   Thumb Code     0  startup_stm32f407xx.o(.text)
    DMA1_Stream4_IRQHandler                  0x0800024b   Thumb Code     0  startup_stm32f407xx.o(.text)
    DMA1_Stream5_IRQHandler                  0x0800024b   Thumb Code     0  startup_stm32f407xx.o(.text)
    DMA1_Stream6_IRQHandler                  0x0800024b   Thumb Code     0  startup_stm32f407xx.o(.text)
    DMA1_Stream7_IRQHandler                  0x0800024b   Thumb Code     0  startup_stm32f407xx.o(.text)
    DMA2_Stream1_IRQHandler                  0x0800024b   Thumb Code     0  startup_stm32f407xx.o(.text)
    DMA2_Stream2_IRQHandler                  0x0800024b   Thumb Code     0  startup_stm32f407xx.o(.text)
    DMA2_Stream3_IRQHandler                  0x0800024b   Thumb Code     0  startup_stm32f407xx.o(.text)
    DMA2_Stream4_IRQHandler                  0x0800024b   Thumb Code     0  startup_stm32f407xx.o(.text)
    DMA2_Stream5_IRQHandler                  0x0800024b   Thumb Code     0  startup_stm32f407xx.o(.text)
    DMA2_Stream6_IRQHandler                  0x0800024b   Thumb Code     0  startup_stm32f407xx.o(.text)
    DMA2_Stream7_IRQHandler                  0x0800024b   Thumb Code     0  startup_stm32f407xx.o(.text)
    ETH_IRQHandler                           0x0800024b   Thumb Code     0  startup_stm32f407xx.o(.text)
    ETH_WKUP_IRQHandler                      0x0800024b   Thumb Code     0  startup_stm32f407xx.o(.text)
    EXTI0_IRQHandler                         0x0800024b   Thumb Code     0  startup_stm32f407xx.o(.text)
    EXTI15_10_IRQHandler                     0x0800024b   Thumb Code     0  startup_stm32f407xx.o(.text)
    EXTI1_IRQHandler                         0x0800024b   Thumb Code     0  startup_stm32f407xx.o(.text)
    EXTI2_IRQHandler                         0x0800024b   Thumb Code     0  startup_stm32f407xx.o(.text)
    EXTI3_IRQHandler                         0x0800024b   Thumb Code     0  startup_stm32f407xx.o(.text)
    EXTI4_IRQHandler                         0x0800024b   Thumb Code     0  startup_stm32f407xx.o(.text)
    EXTI9_5_IRQHandler                       0x0800024b   Thumb Code     0  startup_stm32f407xx.o(.text)
    FLASH_IRQHandler                         0x0800024b   Thumb Code     0  startup_stm32f407xx.o(.text)
    FMC_IRQHandler                           0x0800024b   Thumb Code     0  startup_stm32f407xx.o(.text)
    FPU_IRQHandler                           0x0800024b   Thumb Code     0  startup_stm32f407xx.o(.text)
    HASH_RNG_IRQHandler                      0x0800024b   Thumb Code     0  startup_stm32f407xx.o(.text)
    I2C1_ER_IRQHandler                       0x0800024b   Thumb Code     0  startup_stm32f407xx.o(.text)
    I2C1_EV_IRQHandler                       0x0800024b   Thumb Code     0  startup_stm32f407xx.o(.text)
    I2C2_ER_IRQHandler                       0x0800024b   Thumb Code     0  startup_stm32f407xx.o(.text)
    I2C2_EV_IRQHandler                       0x0800024b   Thumb Code     0  startup_stm32f407xx.o(.text)
    I2C3_ER_IRQHandler                       0x0800024b   Thumb Code     0  startup_stm32f407xx.o(.text)
    I2C3_EV_IRQHandler                       0x0800024b   Thumb Code     0  startup_stm32f407xx.o(.text)
    OTG_FS_IRQHandler                        0x0800024b   Thumb Code     0  startup_stm32f407xx.o(.text)
    OTG_FS_WKUP_IRQHandler                   0x0800024b   Thumb Code     0  startup_stm32f407xx.o(.text)
    OTG_HS_EP1_IN_IRQHandler                 0x0800024b   Thumb Code     0  startup_stm32f407xx.o(.text)
    OTG_HS_EP1_OUT_IRQHandler                0x0800024b   Thumb Code     0  startup_stm32f407xx.o(.text)
    OTG_HS_IRQHandler                        0x0800024b   Thumb Code     0  startup_stm32f407xx.o(.text)
    OTG_HS_WKUP_IRQHandler                   0x0800024b   Thumb Code     0  startup_stm32f407xx.o(.text)
    PVD_IRQHandler                           0x0800024b   Thumb Code     0  startup_stm32f407xx.o(.text)
    RCC_IRQHandler                           0x0800024b   Thumb Code     0  startup_stm32f407xx.o(.text)
    RTC_Alarm_IRQHandler                     0x0800024b   Thumb Code     0  startup_stm32f407xx.o(.text)
    RTC_WKUP_IRQHandler                      0x0800024b   Thumb Code     0  startup_stm32f407xx.o(.text)
    SDIO_IRQHandler                          0x0800024b   Thumb Code     0  startup_stm32f407xx.o(.text)
    SPI1_IRQHandler                          0x0800024b   Thumb Code     0  startup_stm32f407xx.o(.text)
    SPI2_IRQHandler                          0x0800024b   Thumb Code     0  startup_stm32f407xx.o(.text)
    SPI3_IRQHandler                          0x0800024b   Thumb Code     0  startup_stm32f407xx.o(.text)
    TAMP_STAMP_IRQHandler                    0x0800024b   Thumb Code     0  startup_stm32f407xx.o(.text)
    TIM1_BRK_TIM9_IRQHandler                 0x0800024b   Thumb Code     0  startup_stm32f407xx.o(.text)
    TIM1_CC_IRQHandler                       0x0800024b   Thumb Code     0  startup_stm32f407xx.o(.text)
    TIM1_TRG_COM_TIM11_IRQHandler            0x0800024b   Thumb Code     0  startup_stm32f407xx.o(.text)
    TIM1_UP_TIM10_IRQHandler                 0x0800024b   Thumb Code     0  startup_stm32f407xx.o(.text)
    TIM2_IRQHandler                          0x0800024b   Thumb Code     0  startup_stm32f407xx.o(.text)
    TIM3_IRQHandler                          0x0800024b   Thumb Code     0  startup_stm32f407xx.o(.text)
    TIM4_IRQHandler                          0x0800024b   Thumb Code     0  startup_stm32f407xx.o(.text)
    TIM5_IRQHandler                          0x0800024b   Thumb Code     0  startup_stm32f407xx.o(.text)
    TIM6_DAC_IRQHandler                      0x0800024b   Thumb Code     0  startup_stm32f407xx.o(.text)
    TIM7_IRQHandler                          0x0800024b   Thumb Code     0  startup_stm32f407xx.o(.text)
    TIM8_BRK_TIM12_IRQHandler                0x0800024b   Thumb Code     0  startup_stm32f407xx.o(.text)
    TIM8_CC_IRQHandler                       0x0800024b   Thumb Code     0  startup_stm32f407xx.o(.text)
    TIM8_TRG_COM_TIM14_IRQHandler            0x0800024b   Thumb Code     0  startup_stm32f407xx.o(.text)
    TIM8_UP_TIM13_IRQHandler                 0x0800024b   Thumb Code     0  startup_stm32f407xx.o(.text)
    UART4_IRQHandler                         0x0800024b   Thumb Code     0  startup_stm32f407xx.o(.text)
    UART5_IRQHandler                         0x0800024b   Thumb Code     0  startup_stm32f407xx.o(.text)
    USART1_IRQHandler                        0x0800024b   Thumb Code     0  startup_stm32f407xx.o(.text)
    USART2_IRQHandler                        0x0800024b   Thumb Code     0  startup_stm32f407xx.o(.text)
    USART3_IRQHandler                        0x0800024b   Thumb Code     0  startup_stm32f407xx.o(.text)
    USART6_IRQHandler                        0x0800024b   Thumb Code     0  startup_stm32f407xx.o(.text)
    WWDG_IRQHandler                          0x0800024b   Thumb Code     0  startup_stm32f407xx.o(.text)
    __user_initial_stackheap                 0x0800024d   Thumb Code     0  startup_stm32f407xx.o(.text)
    malloc                                   0x08000271   Thumb Code    94  h1_alloc.o(.text)
    __aeabi_uldivmod                         0x080002cf   Thumb Code     0  lludivv7m.o(.text)
    _ll_udiv                                 0x080002cf   Thumb Code   238  lludivv7m.o(.text)
    __aeabi_ldivmod                          0x080003bd   Thumb Code     0  llsdiv.o(.text)
    _ll_sdiv                                 0x080003bd   Thumb Code    72  llsdiv.o(.text)
    __aeabi_memcpy4                          0x08000405   Thumb Code     0  rt_memcpy_w.o(.text)
    __aeabi_memcpy8                          0x08000405   Thumb Code     0  rt_memcpy_w.o(.text)
    __rt_memcpy_w                            0x08000405   Thumb Code   100  rt_memcpy_w.o(.text)
    _memcpy_lastbytes_aligned                0x0800044d   Thumb Code     0  rt_memcpy_w.o(.text)
    __aeabi_memclr4                          0x08000469   Thumb Code     0  rt_memclr_w.o(.text)
    __aeabi_memclr8                          0x08000469   Thumb Code     0  rt_memclr_w.o(.text)
    __rt_memclr_w                            0x08000469   Thumb Code    78  rt_memclr_w.o(.text)
    _memset_w                                0x0800046d   Thumb Code     0  rt_memclr_w.o(.text)
    __use_two_region_memory                  0x080004b7   Thumb Code     2  heapauxi.o(.text)
    __rt_heap_escrow                         0x080004b9   Thumb Code     2  heapauxi.o(.text)
    __rt_heap_expand                         0x080004bb   Thumb Code     2  heapauxi.o(.text)
    __rt_heap_descriptor                     0x080004bd   Thumb Code     8  rt_heap_descriptor_intlibspace.o(.text)
    __use_no_heap                            0x080004c5   Thumb Code     2  hguard.o(.text)
    __heap$guard                             0x080004c7   Thumb Code     2  hguard.o(.text)
    _terminate_user_alloc                    0x080004c9   Thumb Code     2  init_alloc.o(.text)
    _init_user_alloc                         0x080004cb   Thumb Code     2  init_alloc.o(.text)
    __Heap_Full                              0x080004cd   Thumb Code    34  init_alloc.o(.text)
    __Heap_Broken                            0x080004ef   Thumb Code     6  init_alloc.o(.text)
    _init_alloc                              0x080004f5   Thumb Code    94  init_alloc.o(.text)
    __Heap_Initialize                        0x08000553   Thumb Code    10  h1_init.o(.text)
    __Heap_DescSize                          0x0800055d   Thumb Code     4  h1_init.o(.text)
    free                                     0x08000561   Thumb Code    78  h1_free.o(.text)
    __user_libspace                          0x080005b1   Thumb Code     8  libspace.o(.text)
    __user_perproc_libspace                  0x080005b1   Thumb Code     0  libspace.o(.text)
    __user_perthread_libspace                0x080005b1   Thumb Code     0  libspace.o(.text)
    __Heap_ProvideMemory                     0x080005b9   Thumb Code    52  h1_extend.o(.text)
    __rt_SIGRTMEM                            0x080005ed   Thumb Code    14  defsig_rtmem_outer.o(.text)
    __I$use$semihosting                      0x080005fb   Thumb Code     0  use_no_semi.o(.text)
    __use_no_semihosting_swi                 0x080005fb   Thumb Code     2  use_no_semi.o(.text)
    __semihosting_library_function           0x080005fd   Thumb Code     0  indicate_semi.o(.text)
    __user_setup_stackheap                   0x080005fd   Thumb Code    74  sys_stackheap_outer.o(.text)
    exit                                     0x08000647   Thumb Code    12  exit.o(.text)
    __sig_exit                               0x08000653   Thumb Code    10  defsig_exit.o(.text)
    __rt_SIGRTMEM_inner                      0x0800065d   Thumb Code    22  defsig_rtmem_inner.o(.text)
    _sys_exit                                0x080006ad   Thumb Code     8  sys_exit.o(.text)
    __default_signal_display                 0x080006b9   Thumb Code    50  defsig_general.o(.text)
    _ttywrch                                 0x080006eb   Thumb Code    14  sys_wrch.o(.text)
    BusFault_Handler                         0x080006f9   Thumb Code     2  stm32f4xx_it.o(i.BusFault_Handler)
    CAN1_RX0_IRQHandler                      0x080006fd   Thumb Code    24  stm32f4xx_it.o(i.CAN1_RX0_IRQHandler)
    CAN1_RX1_IRQHandler                      0x08000721   Thumb Code     6  stm32f4xx_it.o(i.CAN1_RX1_IRQHandler)
    CAN2_RX0_IRQHandler                      0x0800072d   Thumb Code    24  stm32f4xx_it.o(i.CAN2_RX0_IRQHandler)
    CAN2_RX1_IRQHandler                      0x08000751   Thumb Code     6  stm32f4xx_it.o(i.CAN2_RX1_IRQHandler)
    CAN_Config                               0x0800075d   Thumb Code    90  can.o(i.CAN_Config)
    CAN_Send_Msg                             0x080007b7   Thumb Code    64  can.o(i.CAN_Send_Msg)
    CS25WQXX_Erase_Sector                    0x080007f9   Thumb Code   110  cs25wq256.o(i.CS25WQXX_Erase_Sector)
    CS25WQXX_Init                            0x08000871   Thumb Code    82  cs25wq256.o(i.CS25WQXX_Init)
    CS25WQXX_Read                            0x080008cd   Thumb Code   122  cs25wq256.o(i.CS25WQXX_Read)
    CS25WQXX_ReadID                          0x08000951   Thumb Code    94  cs25wq256.o(i.CS25WQXX_ReadID)
    CS25WQXX_ReadSR                          0x080009b5   Thumb Code    78  cs25wq256.o(i.CS25WQXX_ReadSR)
    CS25WQXX_Wait_Busy                       0x08000a09   Thumb Code    18  cs25wq256.o(i.CS25WQXX_Wait_Busy)
    CS25WQXX_Write                           0x08000a1d   Thumb Code   156  cs25wq256.o(i.CS25WQXX_Write)
    CS25WQXX_Write_Enable                    0x08000abd   Thumb Code    42  cs25wq256.o(i.CS25WQXX_Write_Enable)
    CS25WQXX_Write_NoCheck                   0x08000aed   Thumb Code    66  cs25wq256.o(i.CS25WQXX_Write_NoCheck)
    CS25WQXX_Write_Page                      0x08000b31   Thumb Code   130  cs25wq256.o(i.CS25WQXX_Write_Page)
    DMA1_Stream3_IRQHandler                  0x08000bbd   Thumb Code     6  stm32f4xx_it.o(i.DMA1_Stream3_IRQHandler)
    DMA2_Stream0_IRQHandler                  0x08000bc9   Thumb Code     6  stm32f4xx_it.o(i.DMA2_Stream0_IRQHandler)
    DebugMon_Handler                         0x08000c51   Thumb Code     2  stm32f4xx_it.o(i.DebugMon_Handler)
    Error_Handler                            0x08000c53   Thumb Code     4  main.o(i.Error_Handler)
    FSMC_NORSRAM_Extended_Timing_Init        0x08000c59   Thumb Code    56  stm32f4xx_ll_fsmc.o(i.FSMC_NORSRAM_Extended_Timing_Init)
    FSMC_NORSRAM_Init                        0x08000c95   Thumb Code    98  stm32f4xx_ll_fsmc.o(i.FSMC_NORSRAM_Init)
    FSMC_NORSRAM_Timing_Init                 0x08000cfd   Thumb Code    64  stm32f4xx_ll_fsmc.o(i.FSMC_NORSRAM_Timing_Init)
    FSMC_NORSRAM_WriteOperation_Disable      0x08000d41   Thumb Code    16  stm32f4xx_ll_fsmc.o(i.FSMC_NORSRAM_WriteOperation_Disable)
    HAL_CAN_ActivateNotification             0x08000d51   Thumb Code    36  stm32f4xx_hal_can.o(i.HAL_CAN_ActivateNotification)
    HAL_CAN_AddTxMessage                     0x08000d75   Thumb Code   200  stm32f4xx_hal_can.o(i.HAL_CAN_AddTxMessage)
    HAL_CAN_ConfigFilter                     0x08000e3d   Thumb Code   262  stm32f4xx_hal_can.o(i.HAL_CAN_ConfigFilter)
    HAL_CAN_ErrorCallback                    0x08000f49   Thumb Code     2  stm32f4xx_hal_can.o(i.HAL_CAN_ErrorCallback)
    HAL_CAN_GetRxMessage                     0x08000f4b   Thumb Code   232  stm32f4xx_hal_can.o(i.HAL_CAN_GetRxMessage)
    HAL_CAN_GetTxMailboxesFreeLevel          0x08001033   Thumb Code    44  stm32f4xx_hal_can.o(i.HAL_CAN_GetTxMailboxesFreeLevel)
    HAL_CAN_IRQHandler                       0x0800105f   Thumb Code   508  stm32f4xx_hal_can.o(i.HAL_CAN_IRQHandler)
    HAL_CAN_Init                             0x0800125b   Thumb Code   282  stm32f4xx_hal_can.o(i.HAL_CAN_Init)
    HAL_CAN_MspInit                          0x08001375   Thumb Code   238  stm32f4xx_hal_msp.o(i.HAL_CAN_MspInit)
    HAL_CAN_RxFifo0FullCallback              0x08001479   Thumb Code     2  stm32f4xx_hal_can.o(i.HAL_CAN_RxFifo0FullCallback)
    HAL_CAN_RxFifo0MsgPendingCallback        0x0800147b   Thumb Code     2  stm32f4xx_hal_can.o(i.HAL_CAN_RxFifo0MsgPendingCallback)
    HAL_CAN_RxFifo1FullCallback              0x0800147d   Thumb Code     2  stm32f4xx_hal_can.o(i.HAL_CAN_RxFifo1FullCallback)
    HAL_CAN_RxFifo1MsgPendingCallback        0x0800147f   Thumb Code     2  stm32f4xx_hal_can.o(i.HAL_CAN_RxFifo1MsgPendingCallback)
    HAL_CAN_SleepCallback                    0x08001481   Thumb Code     2  stm32f4xx_hal_can.o(i.HAL_CAN_SleepCallback)
    HAL_CAN_Start                            0x08001485   Thumb Code    88  stm32f4xx_hal_can.o(i.HAL_CAN_Start)
    HAL_CAN_TxMailbox0AbortCallback          0x080014dd   Thumb Code     2  stm32f4xx_hal_can.o(i.HAL_CAN_TxMailbox0AbortCallback)
    HAL_CAN_TxMailbox0CompleteCallback       0x080014df   Thumb Code     2  stm32f4xx_hal_can.o(i.HAL_CAN_TxMailbox0CompleteCallback)
    HAL_CAN_TxMailbox1AbortCallback          0x080014e1   Thumb Code     2  stm32f4xx_hal_can.o(i.HAL_CAN_TxMailbox1AbortCallback)
    HAL_CAN_TxMailbox1CompleteCallback       0x080014e3   Thumb Code     2  stm32f4xx_hal_can.o(i.HAL_CAN_TxMailbox1CompleteCallback)
    HAL_CAN_TxMailbox2AbortCallback          0x080014e5   Thumb Code     2  stm32f4xx_hal_can.o(i.HAL_CAN_TxMailbox2AbortCallback)
    HAL_CAN_TxMailbox2CompleteCallback       0x080014e7   Thumb Code     2  stm32f4xx_hal_can.o(i.HAL_CAN_TxMailbox2CompleteCallback)
    HAL_CAN_WakeUpFromRxMsgCallback          0x080014e9   Thumb Code     2  stm32f4xx_hal_can.o(i.HAL_CAN_WakeUpFromRxMsgCallback)
    HAL_DMA_IRQHandler                       0x080014ed   Thumb Code   412  stm32f4xx_hal_dma.o(i.HAL_DMA_IRQHandler)
    HAL_DMA_Init                             0x0800168d   Thumb Code   206  stm32f4xx_hal_dma.o(i.HAL_DMA_Init)
    HAL_GPIO_Init                            0x080017ed   Thumb Code   450  stm32f4xx_hal_gpio.o(i.HAL_GPIO_Init)
    HAL_GPIO_WritePin                        0x080019dd   Thumb Code    10  stm32f4xx_hal_gpio.o(i.HAL_GPIO_WritePin)
    HAL_GetTick                              0x080019e9   Thumb Code     6  stm32f4xx_hal.o(i.HAL_GetTick)
    HAL_IncTick                              0x080019f5   Thumb Code    12  stm32f4xx_hal.o(i.HAL_IncTick)
    HAL_Init                                 0x08001a05   Thumb Code    48  stm32f4xx_hal.o(i.HAL_Init)
    HAL_InitTick                             0x08001a39   Thumb Code    54  stm32f4xx_hal.o(i.HAL_InitTick)
    HAL_MspInit                              0x08001a79   Thumb Code    42  stm32f4xx_hal_msp.o(i.HAL_MspInit)
    HAL_NOR_Init                             0x08001aa9   Thumb Code   212  stm32f4xx_hal_nor.o(i.HAL_NOR_Init)
    HAL_NOR_MspInit                          0x08001b81   Thumb Code     4  stm32f4xx_hal_msp.o(i.HAL_NOR_MspInit)
    HAL_NOR_ReturnToReadMode                 0x08001b85   Thumb Code   122  stm32f4xx_hal_nor.o(i.HAL_NOR_ReturnToReadMode)
    HAL_NVIC_EnableIRQ                       0x08001bff   Thumb Code    26  stm32f4xx_hal_cortex.o(i.HAL_NVIC_EnableIRQ)
    HAL_NVIC_SetPriority                     0x08001c19   Thumb Code    60  stm32f4xx_hal_cortex.o(i.HAL_NVIC_SetPriority)
    HAL_NVIC_SetPriorityGrouping             0x08001c59   Thumb Code    26  stm32f4xx_hal_cortex.o(i.HAL_NVIC_SetPriorityGrouping)
    HAL_RCC_ClockConfig                      0x08001c7d   Thumb Code   288  stm32f4xx_hal_rcc.o(i.HAL_RCC_ClockConfig)
    HAL_RCC_GetSysClockFreq                  0x08001db1   Thumb Code    88  stm32f4xx_hal_rcc.o(i.HAL_RCC_GetSysClockFreq)
    HAL_RCC_OscConfig                        0x08001e11   Thumb Code   856  stm32f4xx_hal_rcc.o(i.HAL_RCC_OscConfig)
    HAL_SPI_Init                             0x0800217d   Thumb Code   188  stm32f4xx_hal_spi.o(i.HAL_SPI_Init)
    HAL_SPI_MspInit                          0x08002239   Thumb Code   276  stm32f4xx_hal_msp.o(i.HAL_SPI_MspInit)
    HAL_SPI_Transmit                         0x08002375   Thumb Code   358  stm32f4xx_hal_spi.o(i.HAL_SPI_Transmit)
    HAL_SPI_TransmitReceive                  0x080024db   Thumb Code   482  stm32f4xx_hal_spi.o(i.HAL_SPI_TransmitReceive)
    HAL_SYSTICK_Config                       0x080026bd   Thumb Code    40  stm32f4xx_hal_cortex.o(i.HAL_SYSTICK_Config)
    HardFault_Handler                        0x080026e5   Thumb Code     2  stm32f4xx_it.o(i.HardFault_Handler)
    MemManage_Handler                        0x08002909   Thumb Code     2  stm32f4xx_it.o(i.MemManage_Handler)
    NMI_Handler                              0x0800290b   Thumb Code     2  stm32f4xx_it.o(i.NMI_Handler)
    PendSV_Handler                           0x0800290d   Thumb Code     2  stm32f4xx_it.o(i.PendSV_Handler)
    SPI1_ReadWriteByte                       0x0800290f   Thumb Code    28  spi.o(i.SPI1_ReadWriteByte)
    SPI2_ReadWriteByte                       0x0800292b   Thumb Code    16  spi.o(i.SPI2_ReadWriteByte)
    SVC_Handler                              0x08002a4d   Thumb Code     2  stm32f4xx_it.o(i.SVC_Handler)
    SysTick_Handler                          0x08002a4f   Thumb Code     4  stm32f4xx_it.o(i.SysTick_Handler)
    SystemClock_Config                       0x08002a55   Thumb Code   142  main.o(i.SystemClock_Config)
    SystemInit                               0x08002aed   Thumb Code    12  system_stm32f4xx.o(i.SystemInit)
    UsageFault_Handler                       0x08002afd   Thumb Code     2  stm32f4xx_it.o(i.UsageFault_Handler)
    ad9156_parameter_initialize              0x08002b21   Thumb Code   132  main.o(i.ad9156_parameter_initialize)
    ad9517_frequency                         0x08002bc1   Thumb Code   874  ad9517.o(i.ad9517_frequency)
    ad9517_power_mode                        0x08002f35   Thumb Code   236  ad9517.o(i.ad9517_power_mode)
    ad9517_read                              0x08003025   Thumb Code    90  ad9517.o(i.ad9517_read)
    ad9517_setup                             0x08003081   Thumb Code   470  ad9517.o(i.ad9517_setup)
    ad9517_update                            0x08003265   Thumb Code     8  ad9517.o(i.ad9517_update)
    ad9517_vco_frequency                     0x08003271   Thumb Code   412  ad9517.o(i.ad9517_vco_frequency)
    ad9517_write                             0x08003441   Thumb Code    90  ad9517.o(i.ad9517_write)
    delay_us                                 0x0800349d   Thumb Code    48  delay.o(i.delay_us)
    dividers_checker                         0x080034d1   Thumb Code    44  ad9517.o(i.dividers_checker)
    main                                     0x080034fd   Thumb Code   418  main.o(i.main)
    _fp_init                                 0x080036bd   Thumb Code    10  fpinit.o(x$fpl$fpinit)
    __fplib_config_fpu_vfp                   0x080036c5   Thumb Code     0  fpinit.o(x$fpl$fpinit)
    __fplib_config_pureend_doubles           0x080036c5   Thumb Code     0  fpinit.o(x$fpl$fpinit)
    TEXT_Buffer                              0x08003708   Data          26  main.o(.constdata)
    AHBPrescTable                            0x0800373c   Data          16  system_stm32f4xx.o(.constdata)
    Region$$Table$$Base                      0x0800374c   Number         0  anon$$obj.o(Region$$Table)
    Region$$Table$$Limit                     0x0800376c   Number         0  anon$$obj.o(Region$$Table)
    CS25WQXX_TYPE                            0x20000000   Data           2  cs25wq256.o(.data)
    AD9516_1_DEV                             0x20000024   Data           4  main.o(.data)
    CAN1TxData                               0x20000028   Data           8  main.o(.data)
    CAN2TxData                               0x20000030   Data           8  main.o(.data)
    CAN1RxData                               0x20000038   Data           8  main.o(.data)
    CAN2RxData                               0x20000040   Data           8  main.o(.data)
    uwTickFreq                               0x20000054   Data           1  stm32f4xx_hal.o(.data)
    uwTickPrio                               0x20000058   Data           4  stm32f4xx_hal.o(.data)
    uwTick                                   0x2000005c   Data           4  stm32f4xx_hal.o(.data)
    SystemCoreClock                          0x20000064   Data           4  system_stm32f4xx.o(.data)
    CS25WQXX_BUFFER                          0x20000068   Data        4096  cs25wq256.o(.bss)
    hcan1                                    0x20001068   Data          40  main.o(.bss)
    hcan2                                    0x20001090   Data          40  main.o(.bss)
    hspi1                                    0x200010b8   Data          88  main.o(.bss)
    hspi2                                    0x20001110   Data          88  main.o(.bss)
    hnor1                                    0x20001168   Data          80  main.o(.bss)
    CAN1TxHeader                             0x200011b8   Data          24  main.o(.bss)
    CAN2TxHeader                             0x200011d0   Data          24  main.o(.bss)
    ad9516_param                             0x200011e8   Data          32  main.o(.bss)
    ad9516_pdata                             0x20001208   Data          56  main.o(.bss)
    ad9516_lvpecl_channel                    0x20001240   Data         114  main.o(.bss)
    ad9516_lvds_channel                      0x200012b2   Data          84  main.o(.bss)
    hdma_spi1_rx                             0x20001308   Data          96  main.o(.bss)
    hdma_spi2_rx                             0x20001368   Data          96  main.o(.bss)
    CAN1RxHeader                             0x200013c8   Data          28  main.o(.bss)
    CAN2RxHeader                             0x200013e4   Data          28  main.o(.bss)
    __libspace_start                         0x20001400   Data          96  libspace.o(.bss)
    __temporary_stack_top$libspace           0x20001460   Data           0  libspace.o(.bss)



==============================================================================

Memory Map of the image

  Image Entry point : 0x08000189

  Load Region LR_IROM1 (Base: 0x08000000, Size: 0x000037d4, Max: 0x00100000, ABSOLUTE)

    Execution Region ER_IROM1 (Base: 0x08000000, Size: 0x0000376c, Max: 0x00100000, ABSOLUTE)

    Base Addr    Size         Type   Attr      Idx    E Section Name        Object

    0x08000000   0x00000188   Data   RO            3    RESET               startup_stm32f407xx.o
    0x08000188   0x00000008   Code   RO         2850  * !!!main             c_w.l(__main.o)
    0x08000190   0x00000034   Code   RO         3066    !!!scatter          c_w.l(__scatter.o)
    0x080001c4   0x0000001a   Code   RO         3068    !!handler_copy      c_w.l(__scatter_copy.o)
    0x080001de   0x00000002   PAD
    0x080001e0   0x0000001c   Code   RO         3070    !!handler_zi        c_w.l(__scatter_zi.o)
    0x080001fc   0x00000002   Code   RO         3006    .ARM.Collect$$libinit$$00000000  c_w.l(libinit.o)
    0x080001fe   0x00000004   Code   RO         2892    .ARM.Collect$$libinit$$00000001  c_w.l(libinit2.o)
    0x08000202   0x00000000   Code   RO         2895    .ARM.Collect$$libinit$$00000004  c_w.l(libinit2.o)
    0x08000202   0x00000008   Code   RO         2896    .ARM.Collect$$libinit$$00000005  c_w.l(libinit2.o)
    0x0800020a   0x00000000   Code   RO         2898    .ARM.Collect$$libinit$$0000000A  c_w.l(libinit2.o)
    0x0800020a   0x00000000   Code   RO         2900    .ARM.Collect$$libinit$$0000000C  c_w.l(libinit2.o)
    0x0800020a   0x00000000   Code   RO         2902    .ARM.Collect$$libinit$$0000000E  c_w.l(libinit2.o)
    0x0800020a   0x00000000   Code   RO         2905    .ARM.Collect$$libinit$$00000011  c_w.l(libinit2.o)
    0x0800020a   0x00000000   Code   RO         2907    .ARM.Collect$$libinit$$00000013  c_w.l(libinit2.o)
    0x0800020a   0x00000000   Code   RO         2909    .ARM.Collect$$libinit$$00000015  c_w.l(libinit2.o)
    0x0800020a   0x00000000   Code   RO         2911    .ARM.Collect$$libinit$$00000017  c_w.l(libinit2.o)
    0x0800020a   0x00000000   Code   RO         2913    .ARM.Collect$$libinit$$00000019  c_w.l(libinit2.o)
    0x0800020a   0x00000000   Code   RO         2915    .ARM.Collect$$libinit$$0000001B  c_w.l(libinit2.o)
    0x0800020a   0x00000000   Code   RO         2917    .ARM.Collect$$libinit$$0000001D  c_w.l(libinit2.o)
    0x0800020a   0x00000000   Code   RO         2919    .ARM.Collect$$libinit$$0000001F  c_w.l(libinit2.o)
    0x0800020a   0x00000000   Code   RO         2921    .ARM.Collect$$libinit$$00000021  c_w.l(libinit2.o)
    0x0800020a   0x00000000   Code   RO         2923    .ARM.Collect$$libinit$$00000023  c_w.l(libinit2.o)
    0x0800020a   0x00000000   Code   RO         2925    .ARM.Collect$$libinit$$00000025  c_w.l(libinit2.o)
    0x0800020a   0x00000000   Code   RO         2929    .ARM.Collect$$libinit$$0000002C  c_w.l(libinit2.o)
    0x0800020a   0x00000000   Code   RO         2931    .ARM.Collect$$libinit$$0000002E  c_w.l(libinit2.o)
    0x0800020a   0x00000000   Code   RO         2933    .ARM.Collect$$libinit$$00000030  c_w.l(libinit2.o)
    0x0800020a   0x00000000   Code   RO         2935    .ARM.Collect$$libinit$$00000032  c_w.l(libinit2.o)
    0x0800020a   0x00000002   Code   RO         2936    .ARM.Collect$$libinit$$00000033  c_w.l(libinit2.o)
    0x0800020c   0x00000002   Code   RO         3063    .ARM.Collect$$libshutdown$$00000000  c_w.l(libshutdown.o)
    0x0800020e   0x00000000   Code   RO         3023    .ARM.Collect$$libshutdown$$00000003  c_w.l(libshutdown2.o)
    0x0800020e   0x00000000   Code   RO         3026    .ARM.Collect$$libshutdown$$00000006  c_w.l(libshutdown2.o)
    0x0800020e   0x00000000   Code   RO         3029    .ARM.Collect$$libshutdown$$00000009  c_w.l(libshutdown2.o)
    0x0800020e   0x00000000   Code   RO         3031    .ARM.Collect$$libshutdown$$0000000B  c_w.l(libshutdown2.o)
    0x0800020e   0x00000000   Code   RO         3034    .ARM.Collect$$libshutdown$$0000000E  c_w.l(libshutdown2.o)
    0x0800020e   0x00000002   Code   RO         3035    .ARM.Collect$$libshutdown$$0000000F  c_w.l(libshutdown2.o)
    0x08000210   0x00000000   Code   RO         2854    .ARM.Collect$$rtentry$$00000000  c_w.l(__rtentry.o)
    0x08000210   0x00000000   Code   RO         2943    .ARM.Collect$$rtentry$$00000002  c_w.l(__rtentry2.o)
    0x08000210   0x00000006   Code   RO         2955    .ARM.Collect$$rtentry$$00000004  c_w.l(__rtentry4.o)
    0x08000216   0x00000000   Code   RO         2945    .ARM.Collect$$rtentry$$00000009  c_w.l(__rtentry2.o)
    0x08000216   0x00000004   Code   RO         2946    .ARM.Collect$$rtentry$$0000000A  c_w.l(__rtentry2.o)
    0x0800021a   0x00000000   Code   RO         2948    .ARM.Collect$$rtentry$$0000000C  c_w.l(__rtentry2.o)
    0x0800021a   0x00000008   Code   RO         2949    .ARM.Collect$$rtentry$$0000000D  c_w.l(__rtentry2.o)
    0x08000222   0x00000002   Code   RO         3009    .ARM.Collect$$rtexit$$00000000  c_w.l(rtexit.o)
    0x08000224   0x00000000   Code   RO         3039    .ARM.Collect$$rtexit$$00000002  c_w.l(rtexit2.o)
    0x08000224   0x00000004   Code   RO         3040    .ARM.Collect$$rtexit$$00000003  c_w.l(rtexit2.o)
    0x08000228   0x00000006   Code   RO         3041    .ARM.Collect$$rtexit$$00000004  c_w.l(rtexit2.o)
    0x0800022e   0x00000002   PAD
    0x08000230   0x00000000   Code   RO         2961    .emb_text           c_w.l(maybetermalloc1.o)
    0x08000230   0x00000040   Code   RO            4    .text               startup_stm32f407xx.o
    0x08000270   0x0000005e   Code   RO         2786    .text               c_w.l(h1_alloc.o)
    0x080002ce   0x000000ee   Code   RO         2840    .text               c_w.l(lludivv7m.o)
    0x080003bc   0x00000048   Code   RO         2842    .text               c_w.l(llsdiv.o)
    0x08000404   0x00000064   Code   RO         2844    .text               c_w.l(rt_memcpy_w.o)
    0x08000468   0x0000004e   Code   RO         2846    .text               c_w.l(rt_memclr_w.o)
    0x080004b6   0x00000006   Code   RO         2848    .text               c_w.l(heapauxi.o)
    0x080004bc   0x00000008   Code   RO         2862    .text               c_w.l(rt_heap_descriptor_intlibspace.o)
    0x080004c4   0x00000004   Code   RO         2864    .text               c_w.l(hguard.o)
    0x080004c8   0x0000008a   Code   RO         2866    .text               c_w.l(init_alloc.o)
    0x08000552   0x0000000e   Code   RO         2872    .text               c_w.l(h1_init.o)
    0x08000560   0x0000004e   Code   RO         2874    .text               c_w.l(h1_free.o)
    0x080005ae   0x00000002   PAD
    0x080005b0   0x00000008   Code   RO         2939    .text               c_w.l(libspace.o)
    0x080005b8   0x00000034   Code   RO         2963    .text               c_w.l(h1_extend.o)
    0x080005ec   0x0000000e   Code   RO         2967    .text               c_w.l(defsig_rtmem_outer.o)
    0x080005fa   0x00000002   Code   RO         2978    .text               c_w.l(use_no_semi.o)
    0x080005fc   0x00000000   Code   RO         2980    .text               c_w.l(indicate_semi.o)
    0x080005fc   0x0000004a   Code   RO         2981    .text               c_w.l(sys_stackheap_outer.o)
    0x08000646   0x0000000c   Code   RO         2987    .text               c_w.l(exit.o)
    0x08000652   0x0000000a   Code   RO         2989    .text               c_w.l(defsig_exit.o)
    0x0800065c   0x00000050   Code   RO         2995    .text               c_w.l(defsig_rtmem_inner.o)
    0x080006ac   0x0000000c   Code   RO         3007    .text               c_w.l(sys_exit.o)
    0x080006b8   0x00000032   Code   RO         3017    .text               c_w.l(defsig_general.o)
    0x080006ea   0x0000000e   Code   RO         3036    .text               c_w.l(sys_wrch.o)
    0x080006f8   0x00000002   Code   RO          533    i.BusFault_Handler  stm32f4xx_it.o
    0x080006fa   0x00000002   PAD
    0x080006fc   0x00000024   Code   RO          534    i.CAN1_RX0_IRQHandler  stm32f4xx_it.o
    0x08000720   0x0000000c   Code   RO          535    i.CAN1_RX1_IRQHandler  stm32f4xx_it.o
    0x0800072c   0x00000024   Code   RO          536    i.CAN2_RX0_IRQHandler  stm32f4xx_it.o
    0x08000750   0x0000000c   Code   RO          537    i.CAN2_RX1_IRQHandler  stm32f4xx_it.o
    0x0800075c   0x0000005a   Code   RO           13    i.CAN_Config        can.o
    0x080007b6   0x00000040   Code   RO           14    i.CAN_Send_Msg      can.o
    0x080007f6   0x00000002   PAD
    0x080007f8   0x00000078   Code   RO          147    i.CS25WQXX_Erase_Sector  cs25wq256.o
    0x08000870   0x0000005c   Code   RO          148    i.CS25WQXX_Init     cs25wq256.o
    0x080008cc   0x00000084   Code   RO          150    i.CS25WQXX_Read     cs25wq256.o
    0x08000950   0x00000064   Code   RO          151    i.CS25WQXX_ReadID   cs25wq256.o
    0x080009b4   0x00000054   Code   RO          152    i.CS25WQXX_ReadSR   cs25wq256.o
    0x08000a08   0x00000012   Code   RO          154    i.CS25WQXX_Wait_Busy  cs25wq256.o
    0x08000a1a   0x00000002   PAD
    0x08000a1c   0x000000a0   Code   RO          155    i.CS25WQXX_Write    cs25wq256.o
    0x08000abc   0x00000030   Code   RO          157    i.CS25WQXX_Write_Enable  cs25wq256.o
    0x08000aec   0x00000042   Code   RO          158    i.CS25WQXX_Write_NoCheck  cs25wq256.o
    0x08000b2e   0x00000002   PAD
    0x08000b30   0x0000008c   Code   RO          159    i.CS25WQXX_Write_Page  cs25wq256.o
    0x08000bbc   0x0000000c   Code   RO          538    i.DMA1_Stream3_IRQHandler  stm32f4xx_it.o
    0x08000bc8   0x0000000c   Code   RO          539    i.DMA2_Stream0_IRQHandler  stm32f4xx_it.o
    0x08000bd4   0x00000028   Code   RO         1462    i.DMA_CalcBaseAndBitshift  stm32f4xx_hal_dma.o
    0x08000bfc   0x00000054   Code   RO         1463    i.DMA_CheckFifoParam  stm32f4xx_hal_dma.o
    0x08000c50   0x00000002   Code   RO          540    i.DebugMon_Handler  stm32f4xx_it.o
    0x08000c52   0x00000004   Code   RO          431    i.Error_Handler     main.o
    0x08000c56   0x00000002   PAD
    0x08000c58   0x0000003c   Code   RO         2143    i.FSMC_NORSRAM_Extended_Timing_Init  stm32f4xx_ll_fsmc.o
    0x08000c94   0x00000068   Code   RO         2144    i.FSMC_NORSRAM_Init  stm32f4xx_ll_fsmc.o
    0x08000cfc   0x00000044   Code   RO         2145    i.FSMC_NORSRAM_Timing_Init  stm32f4xx_ll_fsmc.o
    0x08000d40   0x00000010   Code   RO         2146    i.FSMC_NORSRAM_WriteOperation_Disable  stm32f4xx_ll_fsmc.o
    0x08000d50   0x00000024   Code   RO          770    i.HAL_CAN_ActivateNotification  stm32f4xx_hal_can.o
    0x08000d74   0x000000c8   Code   RO          771    i.HAL_CAN_AddTxMessage  stm32f4xx_hal_can.o
    0x08000e3c   0x0000010c   Code   RO          772    i.HAL_CAN_ConfigFilter  stm32f4xx_hal_can.o
    0x08000f48   0x00000002   Code   RO          775    i.HAL_CAN_ErrorCallback  stm32f4xx_hal_can.o
    0x08000f4a   0x000000e8   Code   RO          778    i.HAL_CAN_GetRxMessage  stm32f4xx_hal_can.o
    0x08001032   0x0000002c   Code   RO          780    i.HAL_CAN_GetTxMailboxesFreeLevel  stm32f4xx_hal_can.o
    0x0800105e   0x000001fc   Code   RO          782    i.HAL_CAN_IRQHandler  stm32f4xx_hal_can.o
    0x0800125a   0x0000011a   Code   RO          783    i.HAL_CAN_Init      stm32f4xx_hal_can.o
    0x08001374   0x00000104   Code   RO          646    i.HAL_CAN_MspInit   stm32f4xx_hal_msp.o
    0x08001478   0x00000002   Code   RO          790    i.HAL_CAN_RxFifo0FullCallback  stm32f4xx_hal_can.o
    0x0800147a   0x00000002   Code   RO          791    i.HAL_CAN_RxFifo0MsgPendingCallback  stm32f4xx_hal_can.o
    0x0800147c   0x00000002   Code   RO          792    i.HAL_CAN_RxFifo1FullCallback  stm32f4xx_hal_can.o
    0x0800147e   0x00000002   Code   RO          793    i.HAL_CAN_RxFifo1MsgPendingCallback  stm32f4xx_hal_can.o
    0x08001480   0x00000002   Code   RO          794    i.HAL_CAN_SleepCallback  stm32f4xx_hal_can.o
    0x08001482   0x00000002   PAD
    0x08001484   0x00000058   Code   RO          795    i.HAL_CAN_Start     stm32f4xx_hal_can.o
    0x080014dc   0x00000002   Code   RO          797    i.HAL_CAN_TxMailbox0AbortCallback  stm32f4xx_hal_can.o
    0x080014de   0x00000002   Code   RO          798    i.HAL_CAN_TxMailbox0CompleteCallback  stm32f4xx_hal_can.o
    0x080014e0   0x00000002   Code   RO          799    i.HAL_CAN_TxMailbox1AbortCallback  stm32f4xx_hal_can.o
    0x080014e2   0x00000002   Code   RO          800    i.HAL_CAN_TxMailbox1CompleteCallback  stm32f4xx_hal_can.o
    0x080014e4   0x00000002   Code   RO          801    i.HAL_CAN_TxMailbox2AbortCallback  stm32f4xx_hal_can.o
    0x080014e6   0x00000002   Code   RO          802    i.HAL_CAN_TxMailbox2CompleteCallback  stm32f4xx_hal_can.o
    0x080014e8   0x00000002   Code   RO          804    i.HAL_CAN_WakeUpFromRxMsgCallback  stm32f4xx_hal_can.o
    0x080014ea   0x00000002   PAD
    0x080014ec   0x000001a0   Code   RO         1470    i.HAL_DMA_IRQHandler  stm32f4xx_hal_dma.o
    0x0800168c   0x000000d4   Code   RO         1471    i.HAL_DMA_Init      stm32f4xx_hal_dma.o
    0x08001760   0x0000008c   Code   RO          647    i.HAL_FSMC_MspInit  stm32f4xx_hal_msp.o
    0x080017ec   0x000001f0   Code   RO         1358    i.HAL_GPIO_Init     stm32f4xx_hal_gpio.o
    0x080019dc   0x0000000a   Code   RO         1362    i.HAL_GPIO_WritePin  stm32f4xx_hal_gpio.o
    0x080019e6   0x00000002   PAD
    0x080019e8   0x0000000c   Code   RO         1890    i.HAL_GetTick       stm32f4xx_hal.o
    0x080019f4   0x00000010   Code   RO         1896    i.HAL_IncTick       stm32f4xx_hal.o
    0x08001a04   0x00000034   Code   RO         1897    i.HAL_Init          stm32f4xx_hal.o
    0x08001a38   0x00000040   Code   RO         1898    i.HAL_InitTick      stm32f4xx_hal.o
    0x08001a78   0x00000030   Code   RO          648    i.HAL_MspInit       stm32f4xx_hal_msp.o
    0x08001aa8   0x000000d8   Code   RO         2266    i.HAL_NOR_Init      stm32f4xx_hal_nor.o
    0x08001b80   0x00000004   Code   RO          650    i.HAL_NOR_MspInit   stm32f4xx_hal_msp.o
    0x08001b84   0x0000007a   Code   RO         2276    i.HAL_NOR_ReturnToReadMode  stm32f4xx_hal_nor.o
    0x08001bfe   0x0000001a   Code   RO         1747    i.HAL_NVIC_EnableIRQ  stm32f4xx_hal_cortex.o
    0x08001c18   0x00000040   Code   RO         1753    i.HAL_NVIC_SetPriority  stm32f4xx_hal_cortex.o
    0x08001c58   0x00000024   Code   RO         1754    i.HAL_NVIC_SetPriorityGrouping  stm32f4xx_hal_cortex.o
    0x08001c7c   0x00000134   Code   RO         1004    i.HAL_RCC_ClockConfig  stm32f4xx_hal_rcc.o
    0x08001db0   0x00000060   Code   RO         1013    i.HAL_RCC_GetSysClockFreq  stm32f4xx_hal_rcc.o
    0x08001e10   0x0000036c   Code   RO         1016    i.HAL_RCC_OscConfig  stm32f4xx_hal_rcc.o
    0x0800217c   0x000000bc   Code   RO         2400    i.HAL_SPI_Init      stm32f4xx_hal_spi.o
    0x08002238   0x0000013c   Code   RO          652    i.HAL_SPI_MspInit   stm32f4xx_hal_msp.o
    0x08002374   0x00000166   Code   RO         2408    i.HAL_SPI_Transmit  stm32f4xx_hal_spi.o
    0x080024da   0x000001e2   Code   RO         2409    i.HAL_SPI_TransmitReceive  stm32f4xx_hal_spi.o
    0x080026bc   0x00000028   Code   RO         1758    i.HAL_SYSTICK_Config  stm32f4xx_hal_cortex.o
    0x080026e4   0x00000002   Code   RO          541    i.HardFault_Handler  stm32f4xx_it.o
    0x080026e6   0x00000002   PAD
    0x080026e8   0x00000040   Code   RO          432    i.MX_CAN1_Init      main.o
    0x08002728   0x00000040   Code   RO          433    i.MX_CAN2_Init      main.o
    0x08002768   0x00000074   Code   RO          434    i.MX_FSMC_Init      main.o
    0x080027dc   0x000000a0   Code   RO          435    i.MX_GPIO_Init      main.o
    0x0800287c   0x00000044   Code   RO          436    i.MX_SPI1_Init      main.o
    0x080028c0   0x00000048   Code   RO          437    i.MX_SPI2_Init      main.o
    0x08002908   0x00000002   Code   RO          542    i.MemManage_Handler  stm32f4xx_it.o
    0x0800290a   0x00000002   Code   RO          543    i.NMI_Handler       stm32f4xx_it.o
    0x0800290c   0x00000002   Code   RO          544    i.PendSV_Handler    stm32f4xx_it.o
    0x0800290e   0x0000001c   Code   RO          272    i.SPI1_ReadWriteByte  spi.o
    0x0800292a   0x00000010   Code   RO          273    i.SPI2_ReadWriteByte  spi.o
    0x0800293a   0x00000002   PAD
    0x0800293c   0x00000058   Code   RO         2438    i.SPI_EndRxTxTransaction  stm32f4xx_hal_spi.o
    0x08002994   0x000000b8   Code   RO         2443    i.SPI_WaitFlagStateUntilTimeout  stm32f4xx_hal_spi.o
    0x08002a4c   0x00000002   Code   RO          545    i.SVC_Handler       stm32f4xx_it.o
    0x08002a4e   0x00000004   Code   RO          546    i.SysTick_Handler   stm32f4xx_it.o
    0x08002a52   0x00000002   PAD
    0x08002a54   0x00000098   Code   RO          438    i.SystemClock_Config  main.o
    0x08002aec   0x00000010   Code   RO         2748    i.SystemInit        system_stm32f4xx.o
    0x08002afc   0x00000002   Code   RO          547    i.UsageFault_Handler  stm32f4xx_it.o
    0x08002afe   0x00000020   Code   RO         1760    i.__NVIC_SetPriority  stm32f4xx_hal_cortex.o
    0x08002b1e   0x00000002   PAD
    0x08002b20   0x000000a0   Code   RO          439    i.ad9156_parameter_initialize  main.o
    0x08002bc0   0x00000374   Code   RO          305    i.ad9517_frequency  ad9517.o
    0x08002f34   0x000000f0   Code   RO          307    i.ad9517_power_mode  ad9517.o
    0x08003024   0x0000005a   Code   RO          308    i.ad9517_read       ad9517.o
    0x0800307e   0x00000002   PAD
    0x08003080   0x000001e4   Code   RO          309    i.ad9517_setup      ad9517.o
    0x08003264   0x0000000c   Code   RO          310    i.ad9517_update     ad9517.o
    0x08003270   0x000001d0   Code   RO          311    i.ad9517_vco_frequency  ad9517.o
    0x08003440   0x0000005a   Code   RO          312    i.ad9517_write      ad9517.o
    0x0800349a   0x00000002   PAD
    0x0800349c   0x00000034   Code   RO          392    i.delay_us          delay.o
    0x080034d0   0x0000002c   Code   RO          313    i.dividers_checker  ad9517.o
    0x080034fc   0x000001c0   Code   RO          440    i.main              main.o
    0x080036bc   0x0000000a   Code   RO         2976    x$fpl$fpinit        fz_wm.l(fpinit.o)
    0x080036c6   0x00000002   PAD
    0x080036c8   0x00000040   Data   RO          314    .constdata          ad9517.o
    0x08003708   0x0000002c   Data   RO          446    .constdata          main.o
    0x08003734   0x00000008   Data   RO         1477    .constdata          stm32f4xx_hal_dma.o
    0x0800373c   0x00000010   Data   RO         2749    .constdata          system_stm32f4xx.o
    0x0800374c   0x00000020   Data   RO         3064    Region$$Table       anon$$obj.o


    Execution Region RW_IRAM1 (Base: 0x20000000, Size: 0x00001a60, Max: 0x0001c000, ABSOLUTE)

    Base Addr    Size         Type   Attr      Idx    E Section Name        Object

    0x20000000   0x00000008   Data   RW          163    .data               cs25wq256.o
    0x20000008   0x00000018   Data   RW          315    .data               ad9517.o
    0x20000020   0x00000004   Data   RW          393    .data               delay.o
    0x20000024   0x00000014   Data   RW          447    .data               main.o
    0x20000038   0x00000008   Data   RW          448    .data               main.o
    0x20000040   0x00000008   Data   RW          449    .data               main.o
    0x20000048   0x0000000c   Data   RW          653    .data               stm32f4xx_hal_msp.o
    0x20000054   0x0000000c   Data   RW         1904    .data               stm32f4xx_hal.o
    0x20000060   0x00000004   Data   RW         2279    .data               stm32f4xx_hal_nor.o
    0x20000064   0x00000004   Data   RW         2751    .data               system_stm32f4xx.o
    0x20000068   0x00001000   Zero   RW          162    .bss                cs25wq256.o
    0x20001068   0x0000029e   Zero   RW          441    .bss                main.o
    0x20001306   0x00000002   PAD
    0x20001308   0x00000060   Zero   RW          442    .bss                main.o
    0x20001368   0x00000060   Zero   RW          443    .bss                main.o
    0x200013c8   0x0000001c   Zero   RW          444    .bss                main.o
    0x200013e4   0x0000001c   Zero   RW          445    .bss                main.o
    0x20001400   0x00000060   Zero   RW         2940    .bss                c_w.l(libspace.o)
    0x20001460   0x00000200   Zero   RW            2    HEAP                startup_stm32f407xx.o
    0x20001660   0x00000400   Zero   RW            1    STACK               startup_stm32f407xx.o


    Execution Region RW_IRAM2 (Base: 0x2001c000, Size: 0x00000000, Max: 0x00004000, ABSOLUTE)

    **** No section assigned to this execution region ****


==============================================================================

Image component sizes


      Code (inc. data)   RO Data    RW Data    ZI Data      Debug   Object Name

      2308        102         64         24          0      18963   ad9517.o
       154          0          0          0          0     685520   can.o
       960         62          0          8       4096       7195   cs25wq256.o
        52          4          0          4          0       3263   delay.o
      1308        118         44         36        918      18973   main.o
        44          0          0          0          0       1466   spi.o
        64         26        392          0       1536        860   startup_stm32f407xx.o
       144         24          0         12          0       8845   stm32f4xx_hal.o
      1684          6          0          0          0      14901   stm32f4xx_hal_can.o
       198         14          0          0          0      33679   stm32f4xx_hal_cortex.o
       752         16          8          0          0       3792   stm32f4xx_hal_dma.o
       506         46          0          0          0       2056   stm32f4xx_hal_gpio.o
       768         90          0         12          0       4320   stm32f4xx_hal_msp.o
       338          4          0          4          0       4362   stm32f4xx_hal_nor.o
      1280         48          0          0          0       3886   stm32f4xx_hal_rcc.o
      1300         12          0          0          0       5208   stm32f4xx_hal_spi.o
       140         48          0          0          0       7342   stm32f4xx_it.o
       248         14          0          0          0       4421   stm32f4xx_ll_fsmc.o
        16          4         16          4          0       1175   system_stm32f4xx.o

    ----------------------------------------------------------------------
     12292        638        556        104       6552     830227   Object Totals
         0          0         32          0          0          0   (incl. Generated)
        28          0          0          0          2          0   (incl. Padding)

    ----------------------------------------------------------------------

      Code (inc. data)   RO Data    RW Data    ZI Data      Debug   Library Member Name

         8          0          0          0          0         68   __main.o
         0          0          0          0          0          0   __rtentry.o
        12          0          0          0          0          0   __rtentry2.o
         6          0          0          0          0          0   __rtentry4.o
        52          8          0          0          0          0   __scatter.o
        26          0          0          0          0          0   __scatter_copy.o
        28          0          0          0          0          0   __scatter_zi.o
        10          0          0          0          0         68   defsig_exit.o
        50          0          0          0          0         88   defsig_general.o
        80         58          0          0          0         76   defsig_rtmem_inner.o
        14          0          0          0          0         80   defsig_rtmem_outer.o
        12          0          0          0          0         72   exit.o
        94          0          0          0          0         80   h1_alloc.o
        52          0          0          0          0         68   h1_extend.o
        78          0          0          0          0         80   h1_free.o
        14          0          0          0          0         84   h1_init.o
         6          0          0          0          0        152   heapauxi.o
         4          0          0          0          0        136   hguard.o
         0          0          0          0          0          0   indicate_semi.o
       138          0          0          0          0        168   init_alloc.o
         2          0          0          0          0          0   libinit.o
        14          0          0          0          0          0   libinit2.o
         2          0          0          0          0          0   libshutdown.o
         2          0          0          0          0          0   libshutdown2.o
         8          4          0          0         96         68   libspace.o
        72          0          0          0          0         76   llsdiv.o
       238          0          0          0          0        100   lludivv7m.o
         0          0          0          0          0          0   maybetermalloc1.o
         8          4          0          0          0         68   rt_heap_descriptor_intlibspace.o
        78          0          0          0          0         80   rt_memclr_w.o
       100          0          0          0          0         80   rt_memcpy_w.o
         2          0          0          0          0          0   rtexit.o
        10          0          0          0          0          0   rtexit2.o
        12          4          0          0          0         68   sys_exit.o
        74          0          0          0          0         80   sys_stackheap_outer.o
        14          0          0          0          0         76   sys_wrch.o
         2          0          0          0          0         68   use_no_semi.o
        10          0          0          0          0        116   fpinit.o

    ----------------------------------------------------------------------
      1340         78          0          0         96       2100   Library Totals
         8          0          0          0          0          0   (incl. Padding)

    ----------------------------------------------------------------------

      Code (inc. data)   RO Data    RW Data    ZI Data      Debug   Library Name

      1322         78          0          0         96       1984   c_w.l
        10          0          0          0          0        116   fz_wm.l

    ----------------------------------------------------------------------
      1340         78          0          0         96       2100   Library Totals

    ----------------------------------------------------------------------

==============================================================================


      Code (inc. data)   RO Data    RW Data    ZI Data      Debug   

     13632        716        556        104       6648     821587   Grand Totals
     13632        716        556        104       6648     821587   ELF Image Totals
     13632        716        556        104          0          0   ROM Totals

==============================================================================

    Total RO  Size (Code + RO Data)                14188 (  13.86kB)
    Total RW  Size (RW Data + ZI Data)              6752 (   6.59kB)
    Total ROM Size (Code + RO Data + RW Data)      14292 (  13.96kB)

==============================================================================

