<html>
<body>
<pre>
<h1>µVision Build Log</h1>
<h2>Tool Versions:</h2>
IDE-Version: ¦ÌVision V5.14.0.0
Copyright (C) 2015 ARM Ltd and ARM Germany GmbH. All rights reserved.
License Information: aaa Captain, aaa, LIC=Z3C6R-KABUA-MS8YP-MC1RK-D7AGT-CAR3T
 
Tool Versions:
Toolchain:       MDK-ARM Professional  Version: 5.14.0.0
Toolchain Path:  D:\Work\Keil\ARM\ARMCC\Bin
C Compiler:      Armcc.exe V5.05 update 1 (build 106)
Assembler:       Armasm.exe V5.05 update 1 (build 106)
Linker/Locator:  ArmLink.exe V5.05 update 1 (build 106)
Library Manager: ArmAr.exe V5.05 update 1 (build 106)
Hex Converter:   FromElf.exe V5.05 update 1 (build 106)
CPU DLL:         SARMCM3.DLL V5.14.0.0
Dialog DLL:      DCM.DLL V1.13.1.0
Target DLL:      STLink\ST-LINKIII-KEIL_SWO.dll V2.0.14.0_KEIL
Dialog DLL:      TCM.DLL V1.14.4.0
 
<h2>Project:</h2>
\\192.168.8.8\Cube_workspace\SpaceborneBasebandUnit\MDK-ARM\SpaceborneBasebandUnit.uvprojx
Project File Date:  08/09/2023

<h2>Output:</h2>
Rebuild target 'SpaceborneBasebandUnit'
assembling startup_stm32f407xx.s...
compiling main.c...
../Core/Src/main.c(98): warning:  #550-D: variable "res" was set but never used
    u8 res;
../Core/Src/main.c(99): warning:  #550-D: variable "id" was set but never used
    u16 id = 0;
../Core/Src/main.c: 2 warnings, 0 errors
compiling stm32f4xx_it.c...
../Core/Src/stm32f4xx_it.c(229): warning:  #550-D: variable "Status" was set but never used
        u8 Status;
../Core/Src/stm32f4xx_it.c(272): warning:  #550-D: variable "Status" was set but never used
    u8 Status;
../Core/Src/stm32f4xx_it.c: 2 warnings, 0 errors
compiling stm32f4xx_hal_msp.c...
compiling can.c...
compiling cs25wq256.c...
compiling spi.c...
compiling stm32f4xx_hal_can.c...
compiling stm32f4xx_hal_rcc.c...
compiling stm32f4xx_hal_rcc_ex.c...
compiling stm32f4xx_hal_flash.c...
compiling stm32f4xx_hal_flash_ex.c...
compiling stm32f4xx_hal_flash_ramfunc.c...
compiling stm32f4xx_hal_gpio.c...
compiling stm32f4xx_hal_dma_ex.c...
compiling stm32f4xx_hal_dma.c...
compiling stm32f4xx_hal_pwr.c...
compiling stm32f4xx_hal_pwr_ex.c...
compiling stm32f4xx_hal_cortex.c...
compiling stm32f4xx_hal.c...
compiling stm32f4xx_hal_exti.c...
compiling stm32f4xx_ll_fsmc.c...
compiling stm32f4xx_hal_sram.c...
compiling stm32f4xx_hal_spi.c...
compiling stm32f4xx_hal_tim.c...
compiling stm32f4xx_hal_tim_ex.c...
compiling system_stm32f4xx.c...
linking...
Program Size: Code=9530 RO-data=474 RW-data=68 ZI-data=6364  
FromELF: creating hex file...
"SpaceborneBasebandUnit\SpaceborneBasebandUnit.axf" - 0 Error(s), 4 Warning(s).

<h2>Software Packages used:</h2>

Package Vendor: ARM
                http://www.keil.com/pack/ARM.CMSIS.4.2.0.pack
                ARM::CMSIS:CORE:3.40.0
                CMSIS (Cortex Microcontroller Software Interface Standard)
   * Component: CORE Version: 3.40.0

<h2>Collection of Component include folders:</h2>
  \\192.168.8.8\Cube_workspace\SpaceborneBasebandUnit\MDK-ARM\RTE
  D:\Work\Keil\ARM\PACK\ARM\CMSIS\4.2.0\CMSIS\Include
  D:\Work\Keil\ARM\PACK\Keil\STM32F4xx_DFP\2.5.0

<h2>Collection of Component Files used:</h2>

   * Component: ARM::CMSIS:CORE:3.40.0
      Source file:   CMSIS\UserCodeTemplates\ARM\ITM_Retarget.c
</pre>
</body>
</html>
