Copyright 1986-2018 Xilinx, Inc. All Rights Reserved.
-------------------------------------------------------------------------------------------
| Tool Version : Vivado v.2018.2 (win64) Build 2258646 Thu Jun 14 20:03:12 MDT 2018
| Date         : Mon Aug 28 16:05:27 2023
| Host         : LAPTOP-DG1UIM4L running 64-bit major release  (build 9200)
| Command      : report_control_sets -verbose -file top_xz_wrapper_control_sets_placed.rpt
| Design       : top_xz_wrapper
| Device       : xc7vx690t
-------------------------------------------------------------------------------------------

Control Set Information

Table of Contents
-----------------
1. Summary
2. Histogram
3. Flip-Flop Distribution
4. Detailed Control Set Information

1. Summary
----------

+----------------------------------------------------------+-------+
|                          Status                          | Count |
+----------------------------------------------------------+-------+
| Number of unique control sets                            |   108 |
| Unused register locations in slices containing registers |   146 |
+----------------------------------------------------------+-------+


2. Histogram
------------

+--------+--------------+
| Fanout | Control Sets |
+--------+--------------+
|      2 |           10 |
|      4 |            2 |
|      6 |            1 |
|      8 |            8 |
|     10 |            2 |
|     12 |            4 |
|    16+ |           81 |
+--------+--------------+


3. Flip-Flop Distribution
-------------------------

+--------------+-----------------------+------------------------+-----------------+--------------+
| Clock Enable | Synchronous Set/Reset | Asynchronous Set/Reset | Total Registers | Total Slices |
+--------------+-----------------------+------------------------+-----------------+--------------+
| No           | No                    | No                     |             414 |           94 |
| No           | No                    | Yes                    |             646 |           73 |
| No           | Yes                   | No                     |             496 |          114 |
| Yes          | No                    | No                     |             404 |           58 |
| Yes          | No                    | Yes                    |             282 |           43 |
| Yes          | Yes                   | No                     |            1900 |          319 |
+--------------+-----------------------+------------------------+-----------------+--------------+


4. Detailed Control Set Information
-----------------------------------

+-----------------------------------------------------------+----------------------------------------------------------------------------------------------------------------------------------------------------------------------------------------------------------+-----------------------------------------------------------------------------------------------------------------------------------------------------+------------------+----------------+
|                        Clock Signal                       |                                                                                               Enable Signal                                                                                              |                                                                   Set/Reset Signal                                                                  | Slice Load Count | Bel Load Count |
+-----------------------------------------------------------+----------------------------------------------------------------------------------------------------------------------------------------------------------------------------------------------------------+-----------------------------------------------------------------------------------------------------------------------------------------------------+------------------+----------------+
|  U1/inst/clk_out1                                         | top_xz_i/Driver_ad9649/inst/AXI4_ADI_SPI_15_8BIT_v1_0_S00_AXI_inst/adi_spi_driver_14_8bit_inst/sclk_i_1_n_0                                                                                              | top_xz_i/Driver_ad9649/inst/AXI4_ADI_SPI_15_8BIT_v1_0_S00_AXI_inst/adi_spi_driver_14_8bit_inst/csb_reg_0                                            |                1 |              2 |
|  U1/inst/clk_out1                                         |                                                                                                                                                                                                          | top_xz_i/microblaze_0/U0/MicroBlaze_Core_I/Performance.Core/Use_Debug_Logic.Master_Core.Debug_Perf/capture_1                                        |                1 |              2 |
|  U1/inst/clk_out1                                         | top_xz_i/Driver_ad9781/inst/AXI4_ADI_SPI_15_8BIT_v1_0_S00_AXI_inst/adi_spi_driver_14_8bit_inst/sclk_i_1_n_0                                                                                              | top_xz_i/Driver_ad9781/inst/AXI4_ADI_SPI_15_8BIT_v1_0_S00_AXI_inst/adi_spi_driver_14_8bit_inst/csb_reg_0                                            |                1 |              2 |
|  top_xz_i/mdm_1/U0/No_Dbg_Reg_Access.BUFG_DRCK/Dbg_Clk_31 | top_xz_i/mdm_1/U0/Use_E2.BSCAN_I/sel_n_reg                                                                                                                                                               | top_xz_i/mdm_1/U0/MDM_Core_I1/JTAG_CONTROL_I/sel_with_scan_reset19_out                                                                              |                1 |              2 |
| ~top_xz_i/mdm_1/U0/Ext_JTAG_UPDATE                        |                                                                                                                                                                                                          | top_xz_i/mdm_1/U0/MDM_Core_I1/JTAG_CONTROL_I/sel_n                                                                                                  |                1 |              2 |
| ~top_xz_i/mdm_1/U0/No_Dbg_Reg_Access.BUFG_DRCK/Dbg_Clk_31 | top_xz_i/mdm_1/U0/MDM_Core_I1/JTAG_CONTROL_I/Use_BSCAN.FDC_I/CE                                                                                                                                          | top_xz_i/mdm_1/U0/MDM_Core_I1/JTAG_CONTROL_I/Use_BSCAN.FDC_I/D_1                                                                                    |                1 |              2 |
|  top_xz_i/mdm_1/U0/Ext_JTAG_UPDATE                        | top_xz_i/microblaze_0/U0/MicroBlaze_Core_I/Performance.Core/Use_Debug_Logic.Master_Core.Debug_Perf/Control_Reg_En                                                                                        | top_xz_i/microblaze_0/U0/MicroBlaze_Core_I/Performance.Core/Use_Debug_Logic.Master_Core.Debug_Perf/start_single_step_reg_n_0                        |                1 |              2 |
|  top_xz_i/mdm_1/U0/Ext_JTAG_UPDATE                        | top_xz_i/microblaze_0/U0/MicroBlaze_Core_I/Performance.Core/Use_Debug_Logic.Master_Core.Debug_Perf/Control_Reg_En                                                                                        | top_xz_i/microblaze_0/U0/MicroBlaze_Core_I/Performance.Core/Use_Debug_Logic.Master_Core.Debug_Perf/Performance_Debug_Control.force_stop_cmd_1_reg_0 |                1 |              2 |
|  top_xz_i/mdm_1/U0/Ext_JTAG_UPDATE                        | top_xz_i/microblaze_0/U0/MicroBlaze_Core_I/Performance.Core/Use_Debug_Logic.Master_Core.Debug_Perf/Control_Reg_En                                                                                        | top_xz_i/microblaze_0/U0/MicroBlaze_Core_I/Performance.Core/Use_Debug_Logic.Master_Core.Debug_Perf/Serial_Dbg_Intf.continue_from_brk_reg_n_0        |                1 |              2 |
|  top_xz_i/mdm_1/U0/Ext_JTAG_UPDATE                        | top_xz_i/microblaze_0/U0/MicroBlaze_Core_I/Performance.Core/Use_Debug_Logic.Master_Core.Debug_Perf/Control_Reg_En                                                                                        | top_xz_i/microblaze_0/U0/MicroBlaze_Core_I/Performance.Core/Use_Debug_Logic.Master_Core.Debug_Perf/Serial_Dbg_Intf.normal_stop_cmd_i_reg_n_0        |                1 |              2 |
|  U1/inst/clk_out1                                         | top_xz_i/microblaze_0/U0/MicroBlaze_Core_I/Performance.Core/Decode_I/Use_MuxCy[10].OF_Piperun_Stage/MUXCY_I/lopt_1                                                                                       |                                                                                                                                                     |                1 |              4 |
|  top_xz_i/mdm_1/U0/Ext_JTAG_UPDATE                        | top_xz_i/microblaze_0/U0/MicroBlaze_Core_I/Performance.Core/Use_Debug_Logic.Master_Core.Debug_Perf/Command_Reg_En                                                                                        | top_xz_i/microblaze_0/U0/MicroBlaze_Core_I/Performance.Core/Use_Debug_Logic.Master_Core.Debug_Perf/command_reg_clear                                |                1 |              4 |
|  top_xz_i/mdm_1/U0/Ext_JTAG_UPDATE                        |                                                                                                                                                                                                          |                                                                                                                                                     |                1 |              6 |
|  U1/inst/clk_out1                                         | top_xz_i/axi_gpio_0/U0/AXI_LITE_IPIF_I/I_SLAVE_ATTACHMENT/bus2ip_addr_i[8]_i_1_n_0                                                                                                                       | top_xz_i/axi_gpio_0/U0/AXI_LITE_IPIF_I/I_SLAVE_ATTACHMENT/SS[0]                                                                                     |                3 |              8 |
|  U1/inst/clk_out1                                         |                                                                                                                                                                                                          | top_xz_i/axi_gpio_0/U0/AXI_LITE_IPIF_I/I_SLAVE_ATTACHMENT/clear                                                                                     |                1 |              8 |
|  U1/inst/clk_out1                                         | top_xz_i/axi_gpio_0/U0/AXI_LITE_IPIF_I/I_SLAVE_ATTACHMENT/start2                                                                                                                                         | top_xz_i/axi_gpio_0/U0/AXI_LITE_IPIF_I/I_SLAVE_ATTACHMENT/I_DECODER/cs_ce_clr                                                                       |                1 |              8 |
|  U1/inst/clk_out1                                         |                                                                                                                                                                                                          | top_xz_i/rst_clk_wiz_1_100M/U0/bus_struct_reset[0]                                                                                                  |                1 |              8 |
|  top_xz_i/mdm_1/U0/No_Dbg_Reg_Access.BUFG_DRCK/Dbg_Clk_31 | top_xz_i/mdm_1/U0/MDM_Core_I1/p_3_out                                                                                                                                                                    | top_xz_i/mdm_1/U0/Use_E2.BSCAN_I/AR[0]                                                                                                              |                1 |              8 |
|  top_xz_i/mdm_1/U0/Ext_JTAG_UPDATE                        | top_xz_i/mdm_1/U0/MDM_Core_I1/MDM_SEL                                                                                                                                                                    | top_xz_i/mdm_1/U0/Use_E2.BSCAN_I/AR[0]                                                                                                              |                1 |              8 |
|  top_xz_i/mdm_1/U0/Ext_JTAG_UPDATE                        | top_xz_i/microblaze_0/U0/MicroBlaze_Core_I/Performance.Core/Use_Debug_Logic.Master_Core.Debug_Perf/Control_Reg_En                                                                                        |                                                                                                                                                     |                2 |              8 |
| ~top_xz_i/mdm_1/U0/Ext_JTAG_UPDATE                        |                                                                                                                                                                                                          | top_xz_i/mdm_1/U0/Use_E2.BSCAN_I/AR[0]                                                                                                              |                1 |              8 |
|  U1/inst/clk_out1                                         |                                                                                                                                                                                                          | top_xz_i/rst_clk_wiz_1_100M/U0/EXT_LPF/lpf_int                                                                                                      |                2 |             10 |
|  U1/inst/clk_out1                                         | top_xz_i/microblaze_0/U0/MicroBlaze_Core_I/Performance.Core/Decode_I/Performance_Debug_Control.dbg_hit_reg[0]                                                                                            | top_xz_i/microblaze_0/U0/MicroBlaze_Core_I/sync_reset                                                                                               |                2 |             10 |
|  top_xz_i/mdm_1/U0/No_Dbg_Reg_Access.BUFG_DRCK/Dbg_Clk_31 | top_xz_i/mdm_1/U0/Use_E2.BSCAN_I/E[0]                                                                                                                                                                    |                                                                                                                                                     |                2 |             12 |
|  U1/inst/clk_out1                                         | top_xz_i/rst_clk_wiz_1_100M/U0/SEQ/seq_cnt_en                                                                                                                                                            | top_xz_i/rst_clk_wiz_1_100M/U0/SEQ/SEQ_COUNTER/clear                                                                                                |                1 |             12 |
|  top_xz_i/mdm_1/U0/No_Dbg_Reg_Access.BUFG_DRCK/Dbg_Clk_31 | top_xz_i/mdm_1/U0/Use_E2.BSCAN_I/Use_Serial_Unified_Completion.count_reg[5][0]                                                                                                                           |                                                                                                                                                     |                2 |             12 |
|  top_xz_i/mdm_1/U0/No_Dbg_Reg_Access.BUFG_DRCK/Dbg_Clk_31 | top_xz_i/mdm_1/U0/MDM_Core_I1/JTAG_CONTROL_I/Use_BSCAN.FDC_I/Use_Serial_Unified_Completion.sample_1_reg[10][0]                                                                                           |                                                                                                                                                     |                2 |             12 |
|  U1/inst/clk_out1                                         | top_xz_i/Driver_ad9649/inst/AXI4_ADI_SPI_15_8BIT_v1_0_S00_AXI_inst/slv_reg2[23]_i_1_n_0                                                                                                                  | top_xz_i/Driver_ad9649/inst/AXI4_ADI_SPI_15_8BIT_v1_0_S00_AXI_inst/adi_spi_driver_14_8bit_inst/csb_reg_0                                            |                2 |             16 |
|  U1/inst/clk_out1                                         | top_xz_i/Driver_ad9781/inst/AXI4_ADI_SPI_15_8BIT_v1_0_S00_AXI_inst/slv_reg4[7]_i_1_n_0                                                                                                                   | top_xz_i/Driver_ad9781/inst/AXI4_ADI_SPI_15_8BIT_v1_0_S00_AXI_inst/adi_spi_driver_14_8bit_inst/csb_reg_0                                            |                1 |             16 |
|  U1/inst/clk_out1                                         | top_xz_i/Driver_ad9649/inst/AXI4_ADI_SPI_15_8BIT_v1_0_S00_AXI_inst/slv_reg1[7]_i_1_n_0                                                                                                                   | top_xz_i/Driver_ad9649/inst/AXI4_ADI_SPI_15_8BIT_v1_0_S00_AXI_inst/adi_spi_driver_14_8bit_inst/csb_reg_0                                            |                2 |             16 |
|  U1/inst/clk_out1                                         | top_xz_i/Driver_ad9649/inst/AXI4_ADI_SPI_15_8BIT_v1_0_S00_AXI_inst/slv_reg2[7]_i_1_n_0                                                                                                                   | top_xz_i/Driver_ad9649/inst/AXI4_ADI_SPI_15_8BIT_v1_0_S00_AXI_inst/adi_spi_driver_14_8bit_inst/csb_reg_0                                            |                2 |             16 |
|  U1/inst/clk_out1                                         | top_xz_i/Driver_ad9649/inst/AXI4_ADI_SPI_15_8BIT_v1_0_S00_AXI_inst/slv_reg4[23]_i_1_n_0                                                                                                                  | top_xz_i/Driver_ad9649/inst/AXI4_ADI_SPI_15_8BIT_v1_0_S00_AXI_inst/adi_spi_driver_14_8bit_inst/csb_reg_0                                            |                2 |             16 |
|  U1/inst/clk_out1                                         | top_xz_i/Driver_ad9649/inst/AXI4_ADI_SPI_15_8BIT_v1_0_S00_AXI_inst/slv_reg4[7]_i_1_n_0                                                                                                                   | top_xz_i/Driver_ad9649/inst/AXI4_ADI_SPI_15_8BIT_v1_0_S00_AXI_inst/adi_spi_driver_14_8bit_inst/csb_reg_0                                            |                2 |             16 |
|  U1/inst/clk_out1                                         | top_xz_i/Driver_ad9649/inst/AXI4_ADI_SPI_15_8BIT_v1_0_S00_AXI_inst/p_1_in[7]                                                                                                                             | top_xz_i/Driver_ad9649/inst/AXI4_ADI_SPI_15_8BIT_v1_0_S00_AXI_inst/adi_spi_driver_14_8bit_inst/csb_reg_0                                            |                2 |             16 |
|  U1/inst/clk_out1                                         | top_xz_i/Driver_ad9649/inst/AXI4_ADI_SPI_15_8BIT_v1_0_S00_AXI_inst/p_1_in[23]                                                                                                                            | top_xz_i/Driver_ad9649/inst/AXI4_ADI_SPI_15_8BIT_v1_0_S00_AXI_inst/adi_spi_driver_14_8bit_inst/csb_reg_0                                            |                2 |             16 |
|  U1/inst/clk_out1                                         | top_xz_i/Driver_ad9781/inst/AXI4_ADI_SPI_15_8BIT_v1_0_S00_AXI_inst/slv_reg4[23]_i_1_n_0                                                                                                                  | top_xz_i/Driver_ad9781/inst/AXI4_ADI_SPI_15_8BIT_v1_0_S00_AXI_inst/adi_spi_driver_14_8bit_inst/csb_reg_0                                            |                1 |             16 |
|  U1/inst/clk_out1                                         | top_xz_i/Driver_ad9649/inst/AXI4_ADI_SPI_15_8BIT_v1_0_S00_AXI_inst/p_1_in[15]                                                                                                                            | top_xz_i/Driver_ad9649/inst/AXI4_ADI_SPI_15_8BIT_v1_0_S00_AXI_inst/adi_spi_driver_14_8bit_inst/csb_reg_0                                            |                1 |             16 |
|  U1/inst/clk_out1                                         | top_xz_i/Driver_ad9649/inst/AXI4_ADI_SPI_15_8BIT_v1_0_S00_AXI_inst/p_1_in[31]                                                                                                                            | top_xz_i/Driver_ad9649/inst/AXI4_ADI_SPI_15_8BIT_v1_0_S00_AXI_inst/adi_spi_driver_14_8bit_inst/csb_reg_0                                            |                1 |             16 |
|  U1/inst/clk_out1                                         | top_xz_i/Driver_ad9649/inst/AXI4_ADI_SPI_15_8BIT_v1_0_S00_AXI_inst/slv_reg1[15]_i_1_n_0                                                                                                                  | top_xz_i/Driver_ad9649/inst/AXI4_ADI_SPI_15_8BIT_v1_0_S00_AXI_inst/adi_spi_driver_14_8bit_inst/csb_reg_0                                            |                3 |             16 |
|  U1/inst/clk_out1                                         | top_xz_i/Driver_ad9781/inst/AXI4_ADI_SPI_15_8BIT_v1_0_S00_AXI_inst/adi_spi_driver_14_8bit_inst/user_rd_data0                                                                                             | top_xz_i/Driver_ad9781/inst/AXI4_ADI_SPI_15_8BIT_v1_0_S00_AXI_inst/adi_spi_driver_14_8bit_inst/csb_reg_0                                            |                2 |             16 |
|  U1/inst/clk_out1                                         | top_xz_i/Driver_ad9781/inst/AXI4_ADI_SPI_15_8BIT_v1_0_S00_AXI_inst/slv_reg1[15]_i_1_n_0                                                                                                                  | top_xz_i/Driver_ad9781/inst/AXI4_ADI_SPI_15_8BIT_v1_0_S00_AXI_inst/adi_spi_driver_14_8bit_inst/csb_reg_0                                            |                2 |             16 |
|  U1/inst/clk_out1                                         | top_xz_i/Driver_ad9781/inst/AXI4_ADI_SPI_15_8BIT_v1_0_S00_AXI_inst/slv_reg1[23]_i_1_n_0                                                                                                                  | top_xz_i/Driver_ad9781/inst/AXI4_ADI_SPI_15_8BIT_v1_0_S00_AXI_inst/adi_spi_driver_14_8bit_inst/csb_reg_0                                            |                2 |             16 |
|  U1/inst/clk_out1                                         | top_xz_i/Driver_ad9781/inst/AXI4_ADI_SPI_15_8BIT_v1_0_S00_AXI_inst/slv_reg2[31]_i_1_n_0                                                                                                                  | top_xz_i/Driver_ad9781/inst/AXI4_ADI_SPI_15_8BIT_v1_0_S00_AXI_inst/adi_spi_driver_14_8bit_inst/csb_reg_0                                            |                2 |             16 |
|  U1/inst/clk_out1                                         | top_xz_i/Driver_ad9781/inst/AXI4_ADI_SPI_15_8BIT_v1_0_S00_AXI_inst/slv_reg3[23]_i_1_n_0                                                                                                                  | top_xz_i/Driver_ad9781/inst/AXI4_ADI_SPI_15_8BIT_v1_0_S00_AXI_inst/adi_spi_driver_14_8bit_inst/csb_reg_0                                            |                2 |             16 |
|  U1/inst/clk_out1                                         | top_xz_i/Driver_ad9781/inst/AXI4_ADI_SPI_15_8BIT_v1_0_S00_AXI_inst/slv_reg1[31]_i_1_n_0                                                                                                                  | top_xz_i/Driver_ad9781/inst/AXI4_ADI_SPI_15_8BIT_v1_0_S00_AXI_inst/adi_spi_driver_14_8bit_inst/csb_reg_0                                            |                1 |             16 |
|  U1/inst/clk_out1                                         | top_xz_i/Driver_ad9781/inst/AXI4_ADI_SPI_15_8BIT_v1_0_S00_AXI_inst/slv_reg1[7]_i_1_n_0                                                                                                                   | top_xz_i/Driver_ad9781/inst/AXI4_ADI_SPI_15_8BIT_v1_0_S00_AXI_inst/adi_spi_driver_14_8bit_inst/csb_reg_0                                            |                2 |             16 |
|  U1/inst/clk_out1                                         | top_xz_i/Driver_ad9781/inst/AXI4_ADI_SPI_15_8BIT_v1_0_S00_AXI_inst/slv_reg3[7]_i_1_n_0                                                                                                                   | top_xz_i/Driver_ad9781/inst/AXI4_ADI_SPI_15_8BIT_v1_0_S00_AXI_inst/adi_spi_driver_14_8bit_inst/csb_reg_0                                            |                2 |             16 |
|  U1/inst/clk_out1                                         | top_xz_i/Driver_ad9781/inst/AXI4_ADI_SPI_15_8BIT_v1_0_S00_AXI_inst/slv_reg2[23]_i_1_n_0                                                                                                                  | top_xz_i/Driver_ad9781/inst/AXI4_ADI_SPI_15_8BIT_v1_0_S00_AXI_inst/adi_spi_driver_14_8bit_inst/csb_reg_0                                            |                1 |             16 |
|  U1/inst/clk_out1                                         | top_xz_i/Driver_ad9781/inst/AXI4_ADI_SPI_15_8BIT_v1_0_S00_AXI_inst/p_1_in[7]                                                                                                                             | top_xz_i/Driver_ad9781/inst/AXI4_ADI_SPI_15_8BIT_v1_0_S00_AXI_inst/adi_spi_driver_14_8bit_inst/csb_reg_0                                            |                1 |             16 |
|  U1/inst/clk_out1                                         | top_xz_i/Driver_ad9781/inst/AXI4_ADI_SPI_15_8BIT_v1_0_S00_AXI_inst/slv_reg2[7]_i_1_n_0                                                                                                                   | top_xz_i/Driver_ad9781/inst/AXI4_ADI_SPI_15_8BIT_v1_0_S00_AXI_inst/adi_spi_driver_14_8bit_inst/csb_reg_0                                            |                2 |             16 |
|  U1/inst/clk_out1                                         | top_xz_i/Driver_ad9781/inst/AXI4_ADI_SPI_15_8BIT_v1_0_S00_AXI_inst/p_1_in[31]                                                                                                                            | top_xz_i/Driver_ad9781/inst/AXI4_ADI_SPI_15_8BIT_v1_0_S00_AXI_inst/adi_spi_driver_14_8bit_inst/csb_reg_0                                            |                2 |             16 |
|  U1/inst/clk_out1                                         | top_xz_i/Driver_ad9781/inst/AXI4_ADI_SPI_15_8BIT_v1_0_S00_AXI_inst/slv_reg4[31]_i_1_n_0                                                                                                                  | top_xz_i/Driver_ad9781/inst/AXI4_ADI_SPI_15_8BIT_v1_0_S00_AXI_inst/adi_spi_driver_14_8bit_inst/csb_reg_0                                            |                2 |             16 |
| ~top_xz_i/mdm_1/U0/Ext_JTAG_UPDATE                        | top_xz_i/mdm_1/U0/MDM_Core_I1/JTAG_CONTROL_I/Use_BSCAN.command[0]_i_1_n_0                                                                                                                                |                                                                                                                                                     |                2 |             16 |
|  U1/inst/clk_out1                                         | top_xz_i/Driver_ad9781/inst/AXI4_ADI_SPI_15_8BIT_v1_0_S00_AXI_inst/p_1_in[23]                                                                                                                            | top_xz_i/Driver_ad9781/inst/AXI4_ADI_SPI_15_8BIT_v1_0_S00_AXI_inst/adi_spi_driver_14_8bit_inst/csb_reg_0                                            |                2 |             16 |
|  U1/inst/clk_out1                                         | top_xz_i/Driver_ad9781/inst/AXI4_ADI_SPI_15_8BIT_v1_0_S00_AXI_inst/p_1_in[15]                                                                                                                            | top_xz_i/Driver_ad9781/inst/AXI4_ADI_SPI_15_8BIT_v1_0_S00_AXI_inst/adi_spi_driver_14_8bit_inst/csb_reg_0                                            |                2 |             16 |
|  U1/inst/clk_out1                                         | top_xz_i/Driver_ad9781/inst/AXI4_ADI_SPI_15_8BIT_v1_0_S00_AXI_inst/slv_reg4[15]_i_1_n_0                                                                                                                  | top_xz_i/Driver_ad9781/inst/AXI4_ADI_SPI_15_8BIT_v1_0_S00_AXI_inst/adi_spi_driver_14_8bit_inst/csb_reg_0                                            |                2 |             16 |
|  U1/inst/clk_out1                                         | top_xz_i/Driver_ad9781/inst/AXI4_ADI_SPI_15_8BIT_v1_0_S00_AXI_inst/slv_reg3[15]_i_1_n_0                                                                                                                  | top_xz_i/Driver_ad9781/inst/AXI4_ADI_SPI_15_8BIT_v1_0_S00_AXI_inst/adi_spi_driver_14_8bit_inst/csb_reg_0                                            |                2 |             16 |
|  U1/inst/clk_out1                                         | top_xz_i/Driver_ad9649/inst/AXI4_ADI_SPI_15_8BIT_v1_0_S00_AXI_inst/adi_spi_driver_14_8bit_inst/user_rd_data0                                                                                             | top_xz_i/Driver_ad9649/inst/AXI4_ADI_SPI_15_8BIT_v1_0_S00_AXI_inst/adi_spi_driver_14_8bit_inst/csb_reg_0                                            |                1 |             16 |
|  top_xz_i/mdm_1/U0/No_Dbg_Reg_Access.BUFG_DRCK/Dbg_Clk_31 | top_xz_i/mdm_1/U0/MDM_Core_I1/JTAG_CONTROL_I/tdi_shifter0                                                                                                                                                |                                                                                                                                                     |                3 |             16 |
|  U1/inst/clk_out1                                         | top_xz_i/Driver_ad9781/inst/AXI4_ADI_SPI_15_8BIT_v1_0_S00_AXI_inst/slv_reg3[31]_i_1_n_0                                                                                                                  | top_xz_i/Driver_ad9781/inst/AXI4_ADI_SPI_15_8BIT_v1_0_S00_AXI_inst/adi_spi_driver_14_8bit_inst/csb_reg_0                                            |                1 |             16 |
|  top_xz_i/mdm_1/U0/No_Dbg_Reg_Access.BUFG_DRCK/Dbg_Clk_31 | top_xz_i/microblaze_0/U0/MicroBlaze_Core_I/Performance.Core/Use_Debug_Logic.Master_Core.Debug_Perf/Using_PC_Breakpoints.All_PC_Brks[0].Serial_Interface_1.address_hit_I/Compare[0].SRLC16E_I/which_pc__0 |                                                                                                                                                     |                7 |             16 |
|  U1/inst/clk_out1                                         | top_xz_i/Driver_ad9781/inst/AXI4_ADI_SPI_15_8BIT_v1_0_S00_AXI_inst/slv_reg2[15]_i_1_n_0                                                                                                                  | top_xz_i/Driver_ad9781/inst/AXI4_ADI_SPI_15_8BIT_v1_0_S00_AXI_inst/adi_spi_driver_14_8bit_inst/csb_reg_0                                            |                1 |             16 |
|  U1/inst/clk_out1                                         | top_xz_i/Driver_ad9649/inst/AXI4_ADI_SPI_15_8BIT_v1_0_S00_AXI_inst/slv_reg2[15]_i_1_n_0                                                                                                                  | top_xz_i/Driver_ad9649/inst/AXI4_ADI_SPI_15_8BIT_v1_0_S00_AXI_inst/adi_spi_driver_14_8bit_inst/csb_reg_0                                            |                2 |             16 |
|  U1/inst/clk_out1                                         | top_xz_i/Driver_ad9649/inst/AXI4_ADI_SPI_15_8BIT_v1_0_S00_AXI_inst/slv_reg3[23]_i_1_n_0                                                                                                                  | top_xz_i/Driver_ad9649/inst/AXI4_ADI_SPI_15_8BIT_v1_0_S00_AXI_inst/adi_spi_driver_14_8bit_inst/csb_reg_0                                            |                3 |             16 |
|  U1/inst/clk_out1                                         | top_xz_i/Driver_ad9649/inst/AXI4_ADI_SPI_15_8BIT_v1_0_S00_AXI_inst/slv_reg2[31]_i_1_n_0                                                                                                                  | top_xz_i/Driver_ad9649/inst/AXI4_ADI_SPI_15_8BIT_v1_0_S00_AXI_inst/adi_spi_driver_14_8bit_inst/csb_reg_0                                            |                2 |             16 |
|  U1/inst/clk_out1                                         | top_xz_i/Driver_ad9649/inst/AXI4_ADI_SPI_15_8BIT_v1_0_S00_AXI_inst/slv_reg3[15]_i_1_n_0                                                                                                                  | top_xz_i/Driver_ad9649/inst/AXI4_ADI_SPI_15_8BIT_v1_0_S00_AXI_inst/adi_spi_driver_14_8bit_inst/csb_reg_0                                            |                2 |             16 |
|  U1/inst/clk_out1                                         | top_xz_i/Driver_ad9649/inst/AXI4_ADI_SPI_15_8BIT_v1_0_S00_AXI_inst/slv_reg3[31]_i_1_n_0                                                                                                                  | top_xz_i/Driver_ad9649/inst/AXI4_ADI_SPI_15_8BIT_v1_0_S00_AXI_inst/adi_spi_driver_14_8bit_inst/csb_reg_0                                            |                2 |             16 |
|  U1/inst/clk_out1                                         | top_xz_i/Driver_ad9649/inst/AXI4_ADI_SPI_15_8BIT_v1_0_S00_AXI_inst/slv_reg1[31]_i_1_n_0                                                                                                                  | top_xz_i/Driver_ad9649/inst/AXI4_ADI_SPI_15_8BIT_v1_0_S00_AXI_inst/adi_spi_driver_14_8bit_inst/csb_reg_0                                            |                2 |             16 |
|  U1/inst/clk_out1                                         | top_xz_i/Driver_ad9649/inst/AXI4_ADI_SPI_15_8BIT_v1_0_S00_AXI_inst/slv_reg3[7]_i_1_n_0                                                                                                                   | top_xz_i/Driver_ad9649/inst/AXI4_ADI_SPI_15_8BIT_v1_0_S00_AXI_inst/adi_spi_driver_14_8bit_inst/csb_reg_0                                            |                3 |             16 |
|  U1/inst/clk_out1                                         | top_xz_i/Driver_ad9649/inst/AXI4_ADI_SPI_15_8BIT_v1_0_S00_AXI_inst/slv_reg4[15]_i_1_n_0                                                                                                                  | top_xz_i/Driver_ad9649/inst/AXI4_ADI_SPI_15_8BIT_v1_0_S00_AXI_inst/adi_spi_driver_14_8bit_inst/csb_reg_0                                            |                2 |             16 |
|  U1/inst/clk_out1                                         | top_xz_i/Driver_ad9649/inst/AXI4_ADI_SPI_15_8BIT_v1_0_S00_AXI_inst/slv_reg4[31]_i_1_n_0                                                                                                                  | top_xz_i/Driver_ad9649/inst/AXI4_ADI_SPI_15_8BIT_v1_0_S00_AXI_inst/adi_spi_driver_14_8bit_inst/csb_reg_0                                            |                2 |             16 |
|  U1/inst/clk_out1                                         | top_xz_i/Driver_ad9649/inst/AXI4_ADI_SPI_15_8BIT_v1_0_S00_AXI_inst/slv_reg1[23]_i_1_n_0                                                                                                                  | top_xz_i/Driver_ad9649/inst/AXI4_ADI_SPI_15_8BIT_v1_0_S00_AXI_inst/adi_spi_driver_14_8bit_inst/csb_reg_0                                            |                1 |             16 |
|  top_xz_i/mdm_1/U0/Ext_JTAG_UPDATE                        | top_xz_i/mdm_1/U0/MDM_Core_I1/JTAG_CONTROL_I/Use_BSCAN.FDC_I/command_1_reg[7]_0[0]                                                                                                                       |                                                                                                                                                     |                2 |             16 |
|  top_xz_i/mdm_1/U0/No_Dbg_Reg_Access.BUFG_DRCK/Dbg_Clk_31 | top_xz_i/mdm_1/U0/MDM_Core_I1/JTAG_CONTROL_I/Use_BSCAN.FDC_I/E[0]                                                                                                                                        |                                                                                                                                                     |                5 |             20 |
|  U1/inst/clk_out1                                         |                                                                                                                                                                                                          | top_xz_i/microblaze_0_axi_periph/xbar/inst/gen_sasd.crossbar_sasd_0/addr_arbiter_inst/SR[0]                                                         |                7 |             26 |
|  U1/inst/clk_out1                                         | top_xz_i/Driver_ad9781/inst/AXI4_ADI_SPI_15_8BIT_v1_0_S00_AXI_inst/adi_spi_driver_14_8bit_inst/user_rd_en                                                                                                | top_xz_i/Driver_ad9781/inst/AXI4_ADI_SPI_15_8BIT_v1_0_S00_AXI_inst/adi_spi_driver_14_8bit_inst/csb_reg_0                                            |                3 |             30 |
|  U1/inst/clk_out1                                         | top_xz_i/Driver_ad9649/inst/AXI4_ADI_SPI_15_8BIT_v1_0_S00_AXI_inst/adi_spi_driver_14_8bit_inst/user_rd_en                                                                                                | top_xz_i/Driver_ad9649/inst/AXI4_ADI_SPI_15_8BIT_v1_0_S00_AXI_inst/adi_spi_driver_14_8bit_inst/csb_reg_0                                            |                5 |             30 |
|  U1/inst/clk_out1                                         | top_xz_i/Driver_ad9781/inst/AXI4_ADI_SPI_15_8BIT_v1_0_S00_AXI_inst/adi_spi_driver_14_8bit_inst/user_op_busy                                                                                              | top_xz_i/Driver_ad9781/inst/AXI4_ADI_SPI_15_8BIT_v1_0_S00_AXI_inst/adi_spi_driver_14_8bit_inst/csb_reg_0                                            |                4 |             32 |
|  U1/inst/clk_out1                                         | top_xz_i/microblaze_0/U0/MicroBlaze_Core_I/Performance.Core/Decode_I/PreFetch_Buffer_I1/OF_Valid_DFF/imm_reg_reg[15]_0[0]                                                                                | top_xz_i/microblaze_0/U0/MicroBlaze_Core_I/sync_reset                                                                                               |                7 |             32 |
|  U1/inst/clk_out1                                         | top_xz_i/Driver_ad9649/inst/AXI4_ADI_SPI_15_8BIT_v1_0_S00_AXI_inst/adi_spi_driver_14_8bit_inst/user_op_busy                                                                                              | top_xz_i/Driver_ad9649/inst/AXI4_ADI_SPI_15_8BIT_v1_0_S00_AXI_inst/adi_spi_driver_14_8bit_inst/csb_reg_0                                            |                4 |             32 |
|  U1/inst/clk_out1                                         |                                                                                                                                                                                                          | top_xz_i/axi_gpio_0/U0/AXI_LITE_IPIF_I/I_SLAVE_ATTACHMENT/SS[0]                                                                                     |                6 |             36 |
|  U1/inst/clk_out1                                         | top_xz_i/microblaze_0_axi_periph/xbar/inst/gen_sasd.crossbar_sasd_0/addr_arbiter_inst/p_0_in1_in                                                                                                         | top_xz_i/microblaze_0_axi_periph/xbar/inst/gen_sasd.crossbar_sasd_0/addr_arbiter_inst/SR[0]                                                         |                4 |             40 |
|  U1/inst/clk_out1                                         | top_xz_i/microblaze_0/U0/MicroBlaze_Core_I/Performance.Core/mem_databus_ready_sel_carry_or/MUXCY_I/lopt_4                                                                                                | top_xz_i/microblaze_0/U0/MicroBlaze_Core_I/sync_reset                                                                                               |                8 |             40 |
|  U1/inst/clk_out1                                         | top_xz_i/Driver_ad9649/inst/AXI4_ADI_SPI_15_8BIT_v1_0_S00_AXI_inst/adi_spi_driver_14_8bit_inst/user_wr_en                                                                                                | top_xz_i/Driver_ad9649/inst/AXI4_ADI_SPI_15_8BIT_v1_0_S00_AXI_inst/adi_spi_driver_14_8bit_inst/csb_reg_0                                            |                7 |             46 |
|  top_xz_i/mdm_1/U0/No_Dbg_Reg_Access.BUFG_DRCK/Dbg_Clk_31 |                                                                                                                                                                                                          | top_xz_i/mdm_1/U0/Use_E2.BSCAN_I/shift_n_reset1_out                                                                                                 |                5 |             46 |
|  U1/inst/clk_out1                                         | top_xz_i/Driver_ad9781/inst/AXI4_ADI_SPI_15_8BIT_v1_0_S00_AXI_inst/adi_spi_driver_14_8bit_inst/user_wr_en                                                                                                | top_xz_i/Driver_ad9781/inst/AXI4_ADI_SPI_15_8BIT_v1_0_S00_AXI_inst/adi_spi_driver_14_8bit_inst/csb_reg_0                                            |                7 |             46 |
|  U1/inst/clk_out1                                         |                                                                                                                                                                                                          | top_xz_i/microblaze_0/U0/MicroBlaze_Core_I/Performance.Core/p_1_out                                                                                 |               16 |             64 |
|  U1/inst/clk_out1                                         | top_xz_i/Driver_ad9781/inst/AXI4_ADI_SPI_15_8BIT_v1_0_S00_AXI_inst/slv_reg_rden__0                                                                                                                       | top_xz_i/Driver_ad9781/inst/AXI4_ADI_SPI_15_8BIT_v1_0_S00_AXI_inst/adi_spi_driver_14_8bit_inst/csb_reg_0                                            |               14 |             64 |
|  U1/inst/clk_out1                                         | top_xz_i/microblaze_0/U0/MicroBlaze_Core_I/Performance.Core/Use_Debug_Logic.Master_Core.Debug_Perf/data_rd_reg[0]_i_1_n_0                                                                                | top_xz_i/microblaze_0/U0/MicroBlaze_Core_I/sync_reset                                                                                               |               13 |             64 |
|  U1/inst/clk_out1                                         | top_xz_i/microblaze_0_axi_periph/xbar/inst/gen_sasd.crossbar_sasd_0/addr_arbiter_inst/s_axi_rvalid[0]                                                                                                    | top_xz_i/microblaze_0/U0/MicroBlaze_Core_I/sync_reset                                                                                               |               11 |             64 |
|  U1/inst/clk_out1                                         | top_xz_i/microblaze_0/U0/MicroBlaze_Core_I/Performance.Core/Decode_I/jump_logic_I1/MUXCY_JUMP_CARRY6/if_pc_reg[0][0]                                                                                     | top_xz_i/microblaze_0/U0/MicroBlaze_Core_I/sync_reset                                                                                               |                8 |             64 |
|  U1/inst/clk_out1                                         | top_xz_i/Driver_ad9649/inst/AXI4_ADI_SPI_15_8BIT_v1_0_S00_AXI_inst/slv_reg_rden__0                                                                                                                       | top_xz_i/Driver_ad9649/inst/AXI4_ADI_SPI_15_8BIT_v1_0_S00_AXI_inst/adi_spi_driver_14_8bit_inst/csb_reg_0                                            |               15 |             64 |
|  U1/inst/clk_out1                                         | top_xz_i/microblaze_0/U0/MicroBlaze_Core_I/Performance.Core/Decode_I/Use_MuxCy[2].OF_Piperun_Stage/MUXCY_I/lopt_1                                                                                        | top_xz_i/microblaze_0/U0/MicroBlaze_Core_I/Performance.Core/Decode_I/R                                                                              |               11 |             64 |
|  U1/inst/clk_out1                                         | top_xz_i/microblaze_0/U0/MicroBlaze_Core_I/Performance.Core/Decode_I/Use_MuxCy[3].OF_Piperun_Stage/MUXCY_I/mem_pc_i_reg[0][0]                                                                            | top_xz_i/microblaze_0/U0/MicroBlaze_Core_I/sync_reset                                                                                               |                7 |             64 |
|  U1/inst/clk_out1                                         | top_xz_i/microblaze_0/U0/MicroBlaze_Core_I/Performance.Core/mem_databus_ready_sel_carry_or/MUXCY_I/lopt_4                                                                                                |                                                                                                                                                     |                5 |             64 |
|  U1/inst/clk_out1                                         | top_xz_i/microblaze_0/U0/MicroBlaze_Core_I/Performance.Core/mem_databus_ready_sel_carry_or/MUXCY_I/lopt_4                                                                                                | top_xz_i/microblaze_0/U0/MicroBlaze_Core_I/Performance.Core/Decode_I/SR[0]                                                                          |                8 |             64 |
|  top_xz_i/mdm_1/U0/No_Dbg_Reg_Access.BUFG_DRCK/Dbg_Clk_31 | top_xz_i/microblaze_0/U0/MicroBlaze_Core_I/Performance.Core/Use_Debug_Logic.Master_Core.Debug_Perf/New_Dbg_Instr_TCK                                                                                     |                                                                                                                                                     |                9 |             64 |
|  U1/inst/clk_out1                                         | top_xz_i/microblaze_0_axi_periph/xbar/inst/gen_sasd.crossbar_sasd_0/addr_arbiter_inst/E[0]                                                                                                               |                                                                                                                                                     |               10 |             66 |
|  top_xz_i/mdm_1/U0/No_Dbg_Reg_Access.BUFG_DRCK/Dbg_Clk_31 | top_xz_i/mdm_1/U0/Use_E2.BSCAN_I/sel_n_reg                                                                                                                                                               |                                                                                                                                                     |               13 |             94 |
|  U1/inst/clk_out1                                         | top_xz_i/microblaze_0/U0/MicroBlaze_Core_I/Performance.Core/Use_Debug_Logic.Master_Core.Debug_Perf/IReady_0                                                                                              |                                                                                                                                                     |               11 |            150 |
|  top_xz_i/mdm_1/U0/No_Dbg_Reg_Access.BUFG_DRCK/Dbg_Clk_31 |                                                                                                                                                                                                          |                                                                                                                                                     |               30 |            160 |
|  U1/inst/clk_out1                                         | top_xz_i/microblaze_0/U0/MicroBlaze_Core_I/Performance.Core/Decode_I/Use_MuxCy[2].OF_Piperun_Stage/MUXCY_I/lopt_1                                                                                        | top_xz_i/microblaze_0/U0/MicroBlaze_Core_I/sync_reset                                                                                               |               32 |            160 |
|  U1/inst/clk_out1                                         | top_xz_i/microblaze_0/U0/MicroBlaze_Core_I/Performance.Core/Decode_I/mb_halted_1_reg[34]                                                                                                                 |                                                                                                                                                     |               16 |            256 |
|  U1/inst/clk_out1                                         |                                                                                                                                                                                                          |                                                                                                                                                     |               70 |            282 |
|  U1/inst/clk_out1                                         |                                                                                                                                                                                                          | top_xz_i/microblaze_0/U0/MicroBlaze_Core_I/sync_reset                                                                                               |               73 |            296 |
|  U1/inst/clk_out1                                         |                                                                                                                                                                                                          | top_xz_i/Driver_ad9781/inst/AXI4_ADI_SPI_15_8BIT_v1_0_S00_AXI_inst/adi_spi_driver_14_8bit_inst/csb_reg_0                                            |               36 |            318 |
|  U1/inst/clk_out1                                         |                                                                                                                                                                                                          | top_xz_i/Driver_ad9649/inst/AXI4_ADI_SPI_15_8BIT_v1_0_S00_AXI_inst/adi_spi_driver_14_8bit_inst/csb_reg_0                                            |               37 |            318 |
|  U1/inst/clk_out1                                         | top_xz_i/microblaze_0/U0/MicroBlaze_Core_I/Performance.Core/Decode_I/Use_MuxCy[10].OF_Piperun_Stage/MUXCY_I/lopt_1                                                                                       | top_xz_i/microblaze_0/U0/MicroBlaze_Core_I/sync_reset                                                                                               |              100 |            436 |
+-----------------------------------------------------------+----------------------------------------------------------------------------------------------------------------------------------------------------------------------------------------------------------+-----------------------------------------------------------------------------------------------------------------------------------------------------+------------------+----------------+


